<html>
<body>
<pre>
<h1>µVision Build Log</h1>
<h2>Project:</h2>
C:\Users\Sam\Google Drive\Painel Motel\Firmware\LPC1768\Painel_Motel_r118_teclas_mask_gat_IRScene4_PWM RCA SIRC NEC_IR DEC_Sw In Out\Painel_Motel.uvproj
Project File Date:  07/30/2014

<h2>Output:</h2>
Build target 'Painel_Motel'
creating preprocessor file for EMAC_LPC17xx.c...
compiling EMAC_LPC17xx.c...
linking...
Program Size: Code=59568 RO-data=1500 RW-data=224 ZI-data=34304  
FromELF: creating hex file...
".\out\Painel_Motel.axf" - 0 Error(s), 0 Warning(s).
"C:\Program Files\Flash Magic\FlashMagic.exe" 
Build target 'Painel_Motel'
creating preprocessor file for EMAC_LPC17xx.c...
compiling EMAC_LPC17xx.c...
linking...
Program Size: Code=59440 RO-data=1500 RW-data=224 ZI-data=34304  
FromELF: creating hex file...
".\out\Painel_Motel.axf" - 0 Error(s), 0 Warning(s).
"C:\Program Files\Flash Magic\FlashMagic.exe" 
Build target 'Painel_Motel'
creating preprocessor file for EMAC_LPC17xx.c...
compiling EMAC_LPC17xx.c...
linking...
Program Size: Code=59552 RO-data=1500 RW-data=224 ZI-data=34304  
FromELF: creating hex file...
".\out\Painel_Motel.axf" - 0 Error(s), 0 Warning(s).
Build target 'Painel_Motel'
linking...
Program Size: Code=59552 RO-data=1500 RW-data=224 ZI-data=34304  
FromELF: creating hex file...
".\out\Painel_Motel.axf" - 0 Error(s), 0 Warning(s).
"C:\Program Files\Flash Magic\FlashMagic.exe" 
Build target 'Painel_Motel'
creating preprocessor file for EMAC_LPC17xx.c...
compiling EMAC_LPC17xx.c...
linking...
Program Size: Code=59552 RO-data=1500 RW-data=224 ZI-data=34304  
FromELF: creating hex file...
".\out\Painel_Motel.axf" - 0 Error(s), 0 Warning(s).
"C:\Program Files\Flash Magic\FlashMagic.exe" 
Build target 'Painel_Motel'
creating preprocessor file for EMAC_LPC17xx.c...
compiling EMAC_LPC17xx.c...
linking...
Program Size: Code=59556 RO-data=1500 RW-data=224 ZI-data=34304  
FromELF: creating hex file...
".\out\Painel_Motel.axf" - 0 Error(s), 0 Warning(s).
"C:\Program Files\Flash Magic\FlashMagic.exe" 
Build target 'Painel_Motel'
creating preprocessor file for tcpip.c...
compiling tcpip.c...
linking...
Program Size: Code=59524 RO-data=1580 RW-data=224 ZI-data=34304  
FromELF: creating hex file...
".\out\Painel_Motel.axf" - 0 Error(s), 0 Warning(s).
Build target 'Painel_Motel'
creating preprocessor file for MSD_SD_File.c...
compiling MSD_SD_File.c...
creating preprocessor file for tcpip.c...
compiling tcpip.c...
linking...
Program Size: Code=59540 RO-data=1580 RW-data=224 ZI-data=34304  
FromELF: creating hex file...
".\out\Painel_Motel.axf" - 0 Error(s), 0 Warning(s).
"C:\Program Files\Flash Magic\FlashMagic.exe" 
