<!doctype html public "-//w3c//dtd html 4.0 transitional//en">
<html><head>
<title>Static Call Graph - [.\out\Painel_Motel.axf]</title></head>
<body><HR>
<H1>Static Call Graph for image .\out\Painel_Motel.axf</H1><HR>
<BR><P>#&#060CALLGRAPH&#062# ARM Linker, 4.1 [Build 644]: Last Updated: Wed Oct 01 10:34:43 2014
<BR><P>
<H3>Maximum Stack Usage =       5944 bytes + Unknown(Functions without stacksize, Cycles, Untraceable Function Pointers)</H3><H3>
Call chain for Maximum Stack Depth:</H3>
udp_callback &rArr; fwrite_line &rArr; fopen &rArr; freopen &rArr; _sys_open &rArr; __sys_open &rArr; fat_find &rArr; fat_find_dir &rArr; write_entries &rArr; check_name &rArr; search_for_name &rArr; set_next_clus &rArr; cache_fat
<P>
<H3>
Functions with no stack information
</H3><UL>
 <LI><a href="#[176]">__user_initial_stackheap</a>
</UL>
</UL>
<P>
<H3>
Mutually Recursive functions
</H3> <LI><a href="#[c]">NMI_Handler</a>&nbsp;&nbsp;&nbsp;&rArr;&nbsp;&nbsp;&nbsp;<a href="#[c]">NMI_Handler</a><BR>
 <LI><a href="#[d]">HardFault_Handler</a>&nbsp;&nbsp;&nbsp;&rArr;&nbsp;&nbsp;&nbsp;<a href="#[d]">HardFault_Handler</a><BR>
 <LI><a href="#[e]">MemManage_Handler</a>&nbsp;&nbsp;&nbsp;&rArr;&nbsp;&nbsp;&nbsp;<a href="#[e]">MemManage_Handler</a><BR>
 <LI><a href="#[f]">BusFault_Handler</a>&nbsp;&nbsp;&nbsp;&rArr;&nbsp;&nbsp;&nbsp;<a href="#[f]">BusFault_Handler</a><BR>
 <LI><a href="#[10]">UsageFault_Handler</a>&nbsp;&nbsp;&nbsp;&rArr;&nbsp;&nbsp;&nbsp;<a href="#[10]">UsageFault_Handler</a><BR>
 <LI><a href="#[11]">SVC_Handler</a>&nbsp;&nbsp;&nbsp;&rArr;&nbsp;&nbsp;&nbsp;<a href="#[11]">SVC_Handler</a><BR>
 <LI><a href="#[12]">DebugMon_Handler</a>&nbsp;&nbsp;&nbsp;&rArr;&nbsp;&nbsp;&nbsp;<a href="#[12]">DebugMon_Handler</a><BR>
 <LI><a href="#[13]">PendSV_Handler</a>&nbsp;&nbsp;&nbsp;&rArr;&nbsp;&nbsp;&nbsp;<a href="#[13]">PendSV_Handler</a><BR>
 <LI><a href="#[14]">SysTick_Handler</a>&nbsp;&nbsp;&nbsp;&rArr;&nbsp;&nbsp;&nbsp;<a href="#[14]">SysTick_Handler</a><BR>
 <LI><a href="#[2b]">ADC_IRQHandler</a>&nbsp;&nbsp;&nbsp;&rArr;&nbsp;&nbsp;&nbsp;<a href="#[2b]">ADC_IRQHandler</a><BR>
 <LI><a href="#[96]">sys_error</a>&nbsp;&nbsp;&nbsp;&rArr;&nbsp;&nbsp;&nbsp;<a href="#[96]">sys_error</a><BR>
 <LI><a href="#[12c]">mem_test</a>&nbsp;&nbsp;&nbsp;&rArr;&nbsp;&nbsp;&nbsp;<a href="#[12c]">mem_test</a><BR>
 <LI><a href="#[1f6]">str_up_case</a>&nbsp;&nbsp;&nbsp;&rArr;&nbsp;&nbsp;&nbsp;<a href="#[1f6]">str_up_case</a><BR>
 <LI><a href="#[8e]">_sys_exit</a>&nbsp;&nbsp;&nbsp;&rArr;&nbsp;&nbsp;&nbsp;<a href="#[8e]">_sys_exit</a><BR>
</UL>
<P>
<H3>
Function Pointers
</H3><UL>
 <LI><a href="#[2b]">ADC_IRQHandler</a> from startup_lpc17xx.o(.text) referenced from startup_lpc17xx.o(RESET)
 <LI><a href="#[2c]">BOD_IRQHandler</a> from startup_lpc17xx.o(.text) referenced from startup_lpc17xx.o(RESET)
 <LI><a href="#[f]">BusFault_Handler</a> from startup_lpc17xx.o(.text) referenced from startup_lpc17xx.o(RESET)
 <LI><a href="#[65]">BusSpeed</a> from spi_lpc17xx.o(.text) referenced from spi_lpc17xx.o(.constdata)
 <LI><a href="#[37]">CANActivity_IRQHandler</a> from startup_lpc17xx.o(.text) referenced from startup_lpc17xx.o(RESET)
 <LI><a href="#[2e]">CAN_IRQHandler</a> from startup_lpc17xx.o(.text) referenced from startup_lpc17xx.o(RESET)
 <LI><a href="#[67]">CheckMedia</a> from spi_lpc17xx.o(.text) referenced from spi_lpc17xx.o(.constdata)
 <LI><a href="#[2f]">DMA_IRQHandler</a> from startup_lpc17xx.o(.text) referenced from startup_lpc17xx.o(RESET)
 <LI><a href="#[12]">DebugMon_Handler</a> from startup_lpc17xx.o(.text) referenced from startup_lpc17xx.o(RESET)
 <LI><a href="#[27]">EINT0_IRQHandler</a> from extint.o(.text) referenced from startup_lpc17xx.o(RESET)
 <LI><a href="#[28]">EINT1_IRQHandler</a> from extint.o(.text) referenced from startup_lpc17xx.o(RESET)
 <LI><a href="#[29]">EINT2_IRQHandler</a> from extint.o(.text) referenced from startup_lpc17xx.o(RESET)
 <LI><a href="#[2a]">EINT3_IRQHandler</a> from extint.o(.text) referenced from startup_lpc17xx.o(RESET)
 <LI><a href="#[31]">ENET_IRQHandler</a> from emac_lpc17xx.o(.text) referenced from startup_lpc17xx.o(RESET)
 <LI><a href="#[d]">HardFault_Handler</a> from startup_lpc17xx.o(.text) referenced from startup_lpc17xx.o(RESET)
 <LI><a href="#[1f]">I2C0_IRQHandler</a> from startup_lpc17xx.o(.text) referenced from startup_lpc17xx.o(RESET)
 <LI><a href="#[20]">I2C1_IRQHandler</a> from startup_lpc17xx.o(.text) referenced from startup_lpc17xx.o(RESET)
 <LI><a href="#[21]">I2C2_IRQHandler</a> from startup_lpc17xx.o(.text) referenced from startup_lpc17xx.o(RESET)
 <LI><a href="#[30]">I2S_IRQHandler</a> from startup_lpc17xx.o(.text) referenced from startup_lpc17xx.o(RESET)
 <LI><a href="#[60]">Init</a> from spi_lpc17xx.o(.text) referenced from spi_lpc17xx.o(.constdata)
 <LI><a href="#[33]">MCPWM_IRQHandler</a> from startup_lpc17xx.o(.text) referenced from startup_lpc17xx.o(RESET)
 <LI><a href="#[e]">MemManage_Handler</a> from startup_lpc17xx.o(.text) referenced from startup_lpc17xx.o(RESET)
 <LI><a href="#[c]">NMI_Handler</a> from startup_lpc17xx.o(.text) referenced from startup_lpc17xx.o(RESET)
 <LI><a href="#[25]">PLL0_IRQHandler</a> from startup_lpc17xx.o(.text) referenced from startup_lpc17xx.o(RESET)
 <LI><a href="#[35]">PLL1_IRQHandler</a> from startup_lpc17xx.o(.text) referenced from startup_lpc17xx.o(RESET)
 <LI><a href="#[1e]">PWM1_IRQHandler</a> from pwm_ir.o(.text) referenced from startup_lpc17xx.o(RESET)
 <LI><a href="#[13]">PendSV_Handler</a> from startup_lpc17xx.o(.text) referenced from startup_lpc17xx.o(RESET)
 <LI><a href="#[34]">QEI_IRQHandler</a> from startup_lpc17xx.o(.text) referenced from startup_lpc17xx.o(RESET)
 <LI><a href="#[32]">RIT_IRQHandler</a> from startup_lpc17xx.o(.text) referenced from startup_lpc17xx.o(RESET)
 <LI><a href="#[26]">RTC_IRQHandler</a> from startup_lpc17xx.o(.text) referenced from startup_lpc17xx.o(RESET)
 <LI><a href="#[64]">RecBuf</a> from spi_lpc17xx.o(.text) referenced from spi_lpc17xx.o(.constdata)
 <LI><a href="#[b]">Reset_Handler</a> from startup_lpc17xx.o(.text) referenced from startup_lpc17xx.o(RESET)
 <LI><a href="#[22]">SPI_IRQHandler</a> from startup_lpc17xx.o(.text) referenced from startup_lpc17xx.o(RESET)
 <LI><a href="#[23]">SSP0_IRQHandler</a> from startup_lpc17xx.o(.text) referenced from startup_lpc17xx.o(RESET)
 <LI><a href="#[24]">SSP1_IRQHandler</a> from startup_lpc17xx.o(.text) referenced from startup_lpc17xx.o(RESET)
 <LI><a href="#[11]">SVC_Handler</a> from startup_lpc17xx.o(.text) referenced from startup_lpc17xx.o(RESET)
 <LI><a href="#[62]">Send</a> from spi_lpc17xx.o(.text) referenced from spi_lpc17xx.o(.constdata)
 <LI><a href="#[63]">SendBuf</a> from spi_lpc17xx.o(.text) referenced from spi_lpc17xx.o(.constdata)
 <LI><a href="#[66]">SetSS</a> from spi_lpc17xx.o(.text) referenced from spi_lpc17xx.o(.constdata)
 <LI><a href="#[14]">SysTick_Handler</a> from startup_lpc17xx.o(.text) referenced from startup_lpc17xx.o(RESET)
 <LI><a href="#[16]">TIMER0_IRQHandler</a> from timer.o(.text) referenced from startup_lpc17xx.o(RESET)
 <LI><a href="#[17]">TIMER1_IRQHandler</a> from timer.o(.text) referenced from startup_lpc17xx.o(RESET)
 <LI><a href="#[18]">TIMER2_IRQHandler</a> from startup_lpc17xx.o(.text) referenced from startup_lpc17xx.o(RESET)
 <LI><a href="#[19]">TIMER3_IRQHandler</a> from startup_lpc17xx.o(.text) referenced from startup_lpc17xx.o(RESET)
 <LI><a href="#[1a]">UART0_IRQHandler</a> from uart.o(.text) referenced from startup_lpc17xx.o(RESET)
 <LI><a href="#[1b]">UART1_IRQHandler</a> from startup_lpc17xx.o(.text) referenced from startup_lpc17xx.o(RESET)
 <LI><a href="#[1c]">UART2_IRQHandler</a> from uart.o(.text) referenced from startup_lpc17xx.o(RESET)
 <LI><a href="#[1d]">UART3_IRQHandler</a> from startup_lpc17xx.o(.text) referenced from startup_lpc17xx.o(RESET)
 <LI><a href="#[36]">USBActivity_IRQHandler</a> from startup_lpc17xx.o(.text) referenced from startup_lpc17xx.o(RESET)
 <LI><a href="#[2d]">USB_IRQHandler</a> from startup_lpc17xx.o(.text) referenced from startup_lpc17xx.o(RESET)
 <LI><a href="#[61]">UnInit</a> from spi_lpc17xx.o(.text) referenced from spi_lpc17xx.o(.constdata)
 <LI><a href="#[10]">UsageFault_Handler</a> from startup_lpc17xx.o(.text) referenced from startup_lpc17xx.o(RESET)
 <LI><a href="#[15]">WDT_IRQHandler</a> from startup_lpc17xx.o(.text) referenced from startup_lpc17xx.o(RESET)
 <LI><a href="#[68]">__main</a> from __main.o(!!!main) referenced from startup_lpc17xx.o(.text)
 <LI><a href="#[3c]">_get_lc_ctype</a> from lc_ctype_c.o(locale$$code) referenced from rt_ctype_table.o(.text)
 <LI><a href="#[3d]">_printf_input_char</a> from _printf_char_common.o(.text) referenced from _printf_char_common.o(.text)
 <LI><a href="#[3b]">_sbackspace</a> from _sgetc.o(.text) referenced from __0sscanf.o(.text)
 <LI><a href="#[3f]">_scanf_char_input</a> from scanf_char.o(.text) referenced from scanf_char.o(.text)
 <LI><a href="#[3a]">_sgetc</a> from _sgetc.o(.text) referenced from __0sscanf.o(.text)
 <LI><a href="#[39]">_sputc</a> from _sputc.o(.text) referenced from __2sprintf.o(.text)
 <LI><a href="#[4f]">cmd_ar_swing</a> from uart.o(.text) referenced from uart.o(.constdata)
 <LI><a href="#[56]">cmd_detect_swing</a> from uart.o(.text) referenced from uart.o(.constdata)
 <LI><a href="#[59]">cmd_disable_touch</a> from uart.o(.text) referenced from uart.o(.constdata)
 <LI><a href="#[55]">cmd_ena_dis_func</a> from uart.o(.text) referenced from uart.o(.constdata)
 <LI><a href="#[58]">cmd_enable_touch</a> from uart.o(.text) referenced from uart.o(.constdata)
 <LI><a href="#[47]">cmd_ir_erase</a> from cmds_ir.o(.text) referenced from uart.o(.constdata)
 <LI><a href="#[48]">cmd_ir_erase_all</a> from cmds_ir.o(.text) referenced from uart.o(.constdata)
 <LI><a href="#[45]">cmd_ir_learn</a> from cmds_ir.o(.text) referenced from uart.o(.constdata)
 <LI><a href="#[52]">cmd_ir_learn_app</a> from cmds_ir.o(.text) referenced from uart.o(.constdata)
 <LI><a href="#[49]">cmd_ir_read</a> from cmds_ir.o(.text) referenced from uart.o(.constdata)
 <LI><a href="#[46]">cmd_ir_send</a> from cmds_ir.o(.text) referenced from uart.o(.constdata)
 <LI><a href="#[53]">cmd_ir_send_app</a> from cmds_ir.o(.text) referenced from uart.o(.constdata)
 <LI><a href="#[51]">cmd_irl_scene</a> from cmds_ir.o(.text) referenced from uart.o(.constdata)
 <LI><a href="#[4e]">cmd_msg_dimmer</a> from uart.o(.text) referenced from uart.o(.constdata)
 <LI><a href="#[4b]">cmd_rcv_touch</a> from uart.o(.text) referenced from uart.o(.constdata)
 <LI><a href="#[54]">cmd_rel</a> from uart.o(.text) referenced from uart.o(.constdata)
 <LI><a href="#[4a]">cmd_reset_board</a> from uart.o(.text) referenced from uart.o(.constdata)
 <LI><a href="#[4d]">cmd_run_scene</a> from uart.o(.text) referenced from uart.o(.constdata)
 <LI><a href="#[4c]">cmd_scene</a> from uart.o(.text) referenced from uart.o(.constdata)
 <LI><a href="#[50]">cmd_set_real_time</a> from uart.o(.text) referenced from uart.o(.constdata)
 <LI><a href="#[57]">cmd_type_dim</a> from uart.o(.text) referenced from uart.o(.constdata)
 <LI><a href="#[41]">dhcp_listener</a> from at_dhcp.o(i.dhcp_listener) referenced from at_dhcp.o(i.init_dhcp)
 <LI><a href="#[3e]">fputc</a> from fputc.o(i.fputc) referenced from _printf_char_file.o(.text)
 <LI><a href="#[43]">ftp_data_cb</a> from at_ftp.o(i.ftp_data_cb) referenced from at_ftp.o(i.init_ftp)
 <LI><a href="#[42]">ftp_listener</a> from at_ftp.o(i.ftp_listener) referenced from at_ftp.o(i.init_ftp)
 <LI><a href="#[40]">isspace</a> from isspace.o(.text) referenced from scanf_char.o(.text)
 <LI><a href="#[5f]">mc0_ChkMedia</a> from file_config.o(.text) referenced from file_config.o(.constdata)
 <LI><a href="#[5a]">mc0_Init</a> from file_config.o(.text) referenced from file_config.o(.constdata)
 <LI><a href="#[5e]">mc0_RdInfo</a> from file_config.o(.text) referenced from file_config.o(.constdata)
 <LI><a href="#[5c]">mc0_RdSect</a> from file_config.o(.text) referenced from file_config.o(.constdata)
 <LI><a href="#[5b]">mc0_UnInit</a> from file_config.o(.text) referenced from file_config.o(.constdata)
 <LI><a href="#[5d]">mc0_WrSect</a> from file_config.o(.text) referenced from file_config.o(.constdata)
 <LI><a href="#[44]">nbns_listener</a> from at_nbns.o(i.nbns_listener) referenced from at_nbns.o(i.init_nbns)
 <LI><a href="#[134]">tcp_callback_client</a> from tcpip.o(.text) referenced from tcpip.o(.text)
 <LI><a href="#[135]">tcp_callback_server</a> from tcpip.o(.text) referenced from tcpip.o(.text)
 <LI><a href="#[12e]">udp_callback</a> from tcpip.o(.text) referenced from tcpip.o(.text)
</UL>
<P>
<H3>
Global Symbols
</H3>
<P><STRONG><a name="[68]"></a>__main</STRONG> (Thumb, 8 bytes, Stack size 0 bytes, __main.o(!!!main))
<BR><BR>[Calls]<UL><LI><a href="#[6a]">&gt;&gt;</a>&nbsp;&nbsp;&nbsp;__rt_entry
<LI><a href="#[69]">&gt;&gt;</a>&nbsp;&nbsp;&nbsp;__scatterload
</UL>

<P><STRONG><a name="[69]"></a>__scatterload</STRONG> (Thumb, 0 bytes, Stack size unknown bytes, __scatter.o(!!!scatter))
<BR><BR>[Called By]<UL><LI><a href="#[68]">&gt;&gt;</a>&nbsp;&nbsp;&nbsp;__main
</UL>

<P><STRONG><a name="[6b]"></a>__scatterload_rt2</STRONG> (Thumb, 44 bytes, Stack size unknown bytes, __scatter.o(!!!scatter), UNUSED)
<BR><BR>[Calls]<UL><LI><a href="#[6a]">&gt;&gt;</a>&nbsp;&nbsp;&nbsp;__rt_entry
</UL>

<P><STRONG><a name="[217]"></a>__scatterload_rt2_thumb_only</STRONG> (Thumb, 0 bytes, Stack size unknown bytes, __scatter.o(!!!scatter), UNUSED)

<P><STRONG><a name="[218]"></a>__scatterload_null</STRONG> (Thumb, 0 bytes, Stack size unknown bytes, __scatter.o(!!!scatter), UNUSED)

<P><STRONG><a name="[6c]"></a>__scatterload_copy</STRONG> (Thumb, 26 bytes, Stack size unknown bytes, __scatter_copy.o(!!handler_copy), UNUSED)
<BR><BR>[Calls]<UL><LI><a href="#[6c]">&gt;&gt;</a>&nbsp;&nbsp;&nbsp;__scatterload_copy
</UL>
<BR>[Called By]<UL><LI><a href="#[6c]">&gt;&gt;</a>&nbsp;&nbsp;&nbsp;__scatterload_copy
</UL>

<P><STRONG><a name="[219]"></a>__scatterload_zeroinit</STRONG> (Thumb, 28 bytes, Stack size unknown bytes, __scatter_zi.o(!!handler_zi), UNUSED)

<P><STRONG><a name="[6d]"></a>_printf_n</STRONG> (Thumb, 0 bytes, Stack size unknown bytes, _printf_n.o(.ARM.Collect$$_printf_percent$$00000001))
<BR><BR>[Calls]<UL><LI><a href="#[6e]">&gt;&gt;</a>&nbsp;&nbsp;&nbsp;_printf_charcount
</UL>

<P><STRONG><a name="[14a]"></a>_printf_percent</STRONG> (Thumb, 0 bytes, Stack size unknown bytes, _printf_percent.o(.ARM.Collect$$_printf_percent$$00000000))
<BR><BR>[Called By]<UL><LI><a href="#[148]">&gt;&gt;</a>&nbsp;&nbsp;&nbsp;__printf
</UL>

<P><STRONG><a name="[6f]"></a>_printf_p</STRONG> (Thumb, 0 bytes, Stack size unknown bytes, _printf_p.o(.ARM.Collect$$_printf_percent$$00000002))
<BR><BR>[Stack]<UL><LI>Max Depth = 64 + Unknown Stack Size
<LI>Call Chain = _printf_p &rArr; _printf_hex_ptr &rArr; _printf_longlong_hex &rArr; _printf_int_common &rArr; _printf_post_padding
</UL>
<BR>[Calls]<UL><LI><a href="#[70]">&gt;&gt;</a>&nbsp;&nbsp;&nbsp;_printf_hex_ptr
</UL>

<P><STRONG><a name="[71]"></a>_printf_d</STRONG> (Thumb, 0 bytes, Stack size unknown bytes, _printf_d.o(.ARM.Collect$$_printf_percent$$00000009))
<BR><BR>[Stack]<UL><LI>Max Depth = 72 + Unknown Stack Size
<LI>Call Chain = _printf_d &rArr; _printf_int_dec &rArr; _printf_int_common &rArr; _printf_post_padding
</UL>
<BR>[Calls]<UL><LI><a href="#[72]">&gt;&gt;</a>&nbsp;&nbsp;&nbsp;_printf_int_dec
</UL>

<P><STRONG><a name="[73]"></a>_printf_u</STRONG> (Thumb, 0 bytes, Stack size unknown bytes, _printf_u.o(.ARM.Collect$$_printf_percent$$0000000A))
<BR><BR>[Stack]<UL><LI>Max Depth = 72 + Unknown Stack Size
<LI>Call Chain = _printf_u &rArr; _printf_int_dec &rArr; _printf_int_common &rArr; _printf_post_padding
</UL>
<BR>[Calls]<UL><LI><a href="#[72]">&gt;&gt;</a>&nbsp;&nbsp;&nbsp;_printf_int_dec
</UL>

<P><STRONG><a name="[74]"></a>_printf_x</STRONG> (Thumb, 0 bytes, Stack size unknown bytes, _printf_x.o(.ARM.Collect$$_printf_percent$$0000000C))
<BR><BR>[Stack]<UL><LI>Max Depth = 80 + Unknown Stack Size
<LI>Call Chain = _printf_x &rArr; _printf_int_hex &rArr; _printf_longlong_hex &rArr; _printf_int_common &rArr; _printf_post_padding
</UL>
<BR>[Calls]<UL><LI><a href="#[75]">&gt;&gt;</a>&nbsp;&nbsp;&nbsp;_printf_int_hex
</UL>

<P><STRONG><a name="[76]"></a>_printf_c</STRONG> (Thumb, 0 bytes, Stack size unknown bytes, _printf_c.o(.ARM.Collect$$_printf_percent$$00000013))
<BR><BR>[Stack]<UL><LI>Max Depth = 40 + Unknown Stack Size
<LI>Call Chain = _printf_c &rArr; _printf_char &rArr; _printf_cs_common &rArr; _printf_str &rArr; _printf_post_padding
</UL>
<BR>[Calls]<UL><LI><a href="#[77]">&gt;&gt;</a>&nbsp;&nbsp;&nbsp;_printf_char
</UL>

<P><STRONG><a name="[78]"></a>_printf_s</STRONG> (Thumb, 0 bytes, Stack size unknown bytes, _printf_s.o(.ARM.Collect$$_printf_percent$$00000014))
<BR><BR>[Stack]<UL><LI>Max Depth = 40 + Unknown Stack Size
<LI>Call Chain = _printf_s &rArr; _printf_string &rArr; _printf_cs_common &rArr; _printf_str &rArr; _printf_post_padding
</UL>
<BR>[Calls]<UL><LI><a href="#[79]">&gt;&gt;</a>&nbsp;&nbsp;&nbsp;_printf_string
</UL>

<P><STRONG><a name="[21a]"></a>_printf_percent_end</STRONG> (Thumb, 0 bytes, Stack size unknown bytes, _printf_percent_end.o(.ARM.Collect$$_printf_percent$$00000017))

<P><STRONG><a name="[7a]"></a>__rt_lib_init</STRONG> (Thumb, 0 bytes, Stack size unknown bytes, libinit.o(.ARM.Collect$$libinit$$00000000))
<BR><BR>[Stack]<UL><LI>Max Depth = 8 + Unknown Stack Size
<LI>Call Chain = __rt_lib_init &rArr; _fp_init
</UL>
<BR>[Calls]<UL><LI><a href="#[7b]">&gt;&gt;</a>&nbsp;&nbsp;&nbsp;_fp_init
</UL>
<BR>[Called By]<UL><LI><a href="#[87]">&gt;&gt;</a>&nbsp;&nbsp;&nbsp;__rt_entry_li
</UL>

<P><STRONG><a name="[7c]"></a>__rt_lib_init_heap_2</STRONG> (Thumb, 0 bytes, Stack size unknown bytes, libinit2.o(.ARM.Collect$$libinit$$00000001))
<BR><BR>[Stack]<UL><LI>Max Depth = 64 + Unknown Stack Size
<LI>Call Chain = __rt_lib_init_heap_2 &rArr; _init_alloc &rArr; __rt_SIGRTMEM &rArr; __rt_SIGRTMEM_inner &rArr; __default_signal_display &rArr; _ttywrch &rArr; sendchar
</UL>
<BR>[Calls]<UL><LI><a href="#[7d]">&gt;&gt;</a>&nbsp;&nbsp;&nbsp;_init_alloc
</UL>

<P><STRONG><a name="[21b]"></a>__rt_lib_init_heap_1</STRONG> (Thumb, 0 bytes, Stack size unknown bytes, libinit2.o(.ARM.Collect$$libinit$$00000006))

<P><STRONG><a name="[7e]"></a>__rt_lib_init_lc_common</STRONG> (Thumb, 0 bytes, Stack size unknown bytes, libinit2.o(.ARM.Collect$$libinit$$0000000B))
<BR><BR>[Calls]<UL><LI><a href="#[7f]">&gt;&gt;</a>&nbsp;&nbsp;&nbsp;__rt_locale
</UL>

<P><STRONG><a name="[21c]"></a>__rt_lib_init_rand_1</STRONG> (Thumb, 0 bytes, Stack size unknown bytes, libinit2.o(.ARM.Collect$$libinit$$0000000A))

<P><STRONG><a name="[21d]"></a>__rt_lib_init_user_alloc_1</STRONG> (Thumb, 0 bytes, Stack size unknown bytes, libinit2.o(.ARM.Collect$$libinit$$00000008))

<P><STRONG><a name="[21e]"></a>__rt_lib_init_lc_collate_1</STRONG> (Thumb, 0 bytes, Stack size unknown bytes, libinit2.o(.ARM.Collect$$libinit$$0000000D))

<P><STRONG><a name="[80]"></a>__rt_lib_init_lc_ctype_2</STRONG> (Thumb, 0 bytes, Stack size unknown bytes, libinit2.o(.ARM.Collect$$libinit$$0000000E))
<BR><BR>[Stack]<UL><LI>Max Depth = 8 + Unknown Stack Size
<LI>Call Chain = __rt_lib_init_lc_ctype_2 &rArr; _get_lc_ctype
</UL>
<BR>[Calls]<UL><LI><a href="#[3c]">&gt;&gt;</a>&nbsp;&nbsp;&nbsp;_get_lc_ctype
</UL>

<P><STRONG><a name="[21f]"></a>__rt_lib_init_atexit_1</STRONG> (Thumb, 0 bytes, Stack size unknown bytes, libinit2.o(.ARM.Collect$$libinit$$00000017))

<P><STRONG><a name="[220]"></a>__rt_lib_init_clock_1</STRONG> (Thumb, 0 bytes, Stack size unknown bytes, libinit2.o(.ARM.Collect$$libinit$$0000001D))

<P><STRONG><a name="[221]"></a>__rt_lib_init_fp_trap_1</STRONG> (Thumb, 0 bytes, Stack size unknown bytes, libinit2.o(.ARM.Collect$$libinit$$0000001B))

<P><STRONG><a name="[222]"></a>__rt_lib_init_getenv_1</STRONG> (Thumb, 0 bytes, Stack size unknown bytes, libinit2.o(.ARM.Collect$$libinit$$0000001F))

<P><STRONG><a name="[223]"></a>__rt_lib_init_lc_ctype_1</STRONG> (Thumb, 0 bytes, Stack size unknown bytes, libinit2.o(.ARM.Collect$$libinit$$0000000F))

<P><STRONG><a name="[224]"></a>__rt_lib_init_lc_monetary_1</STRONG> (Thumb, 0 bytes, Stack size unknown bytes, libinit2.o(.ARM.Collect$$libinit$$00000011))

<P><STRONG><a name="[225]"></a>__rt_lib_init_lc_numeric_1</STRONG> (Thumb, 0 bytes, Stack size unknown bytes, libinit2.o(.ARM.Collect$$libinit$$00000013))

<P><STRONG><a name="[226]"></a>__rt_lib_init_lc_time_1</STRONG> (Thumb, 0 bytes, Stack size unknown bytes, libinit2.o(.ARM.Collect$$libinit$$00000015))

<P><STRONG><a name="[227]"></a>__rt_lib_init_signal_1</STRONG> (Thumb, 0 bytes, Stack size unknown bytes, libinit2.o(.ARM.Collect$$libinit$$00000019))

<P><STRONG><a name="[81]"></a>__rt_lib_init_stdio_2</STRONG> (Thumb, 0 bytes, Stack size unknown bytes, libinit2.o(.ARM.Collect$$libinit$$00000020))
<BR><BR>[Stack]<UL><LI>Max Depth = 408 + Unknown Stack Size
<LI>Call Chain = __rt_lib_init_stdio_2 &rArr; _initio &rArr; freopen &rArr; _sys_open &rArr; __sys_open &rArr; fat_find &rArr; fat_find_dir &rArr; write_entries &rArr; check_name &rArr; search_for_name &rArr; set_next_clus &rArr; cache_fat
</UL>
<BR>[Calls]<UL><LI><a href="#[82]">&gt;&gt;</a>&nbsp;&nbsp;&nbsp;_initio
</UL>

<P><STRONG><a name="[228]"></a>__rt_lib_init_alloca_1</STRONG> (Thumb, 0 bytes, Stack size unknown bytes, libinit2.o(.ARM.Collect$$libinit$$0000002A))

<P><STRONG><a name="[229]"></a>__rt_lib_init_argv_1</STRONG> (Thumb, 0 bytes, Stack size unknown bytes, libinit2.o(.ARM.Collect$$libinit$$00000028))

<P><STRONG><a name="[22a]"></a>__rt_lib_init_cpp_1</STRONG> (Thumb, 0 bytes, Stack size unknown bytes, libinit2.o(.ARM.Collect$$libinit$$0000002E))

<P><STRONG><a name="[22b]"></a>__rt_lib_init_exceptions_1</STRONG> (Thumb, 0 bytes, Stack size unknown bytes, libinit2.o(.ARM.Collect$$libinit$$0000002C))

<P><STRONG><a name="[22c]"></a>__rt_lib_init_return</STRONG> (Thumb, 0 bytes, Stack size unknown bytes, libinit2.o(.ARM.Collect$$libinit$$0000002F))

<P><STRONG><a name="[22d]"></a>__rt_lib_init_stdio_1</STRONG> (Thumb, 0 bytes, Stack size unknown bytes, libinit2.o(.ARM.Collect$$libinit$$00000021))

<P><STRONG><a name="[8c]"></a>__rt_lib_shutdown</STRONG> (Thumb, 0 bytes, Stack size unknown bytes, libshutdown.o(.ARM.Collect$$libshutdown$$00000000))
<BR><BR>[Called By]<UL><LI><a href="#[8b]">&gt;&gt;</a>&nbsp;&nbsp;&nbsp;__rt_exit_ls
</UL>

<P><STRONG><a name="[83]"></a>__rt_lib_shutdown_stdio_2</STRONG> (Thumb, 0 bytes, Stack size unknown bytes, libshutdown2.o(.ARM.Collect$$libshutdown$$00000002))
<BR><BR>[Stack]<UL><LI>Max Depth = 224 + Unknown Stack Size
<LI>Call Chain = __rt_lib_shutdown_stdio_2 &rArr; _terminateio &rArr; _fclose_internal &rArr; _fflush &rArr; _writebuf &rArr; _sys_write &rArr; __sys_write &rArr; fat_write &rArr; write_fat_link &rArr; cache_fat
</UL>
<BR>[Calls]<UL><LI><a href="#[84]">&gt;&gt;</a>&nbsp;&nbsp;&nbsp;_terminateio
</UL>

<P><STRONG><a name="[22e]"></a>__rt_lib_shutdown_fp_trap_1</STRONG> (Thumb, 0 bytes, Stack size unknown bytes, libshutdown2.o(.ARM.Collect$$libshutdown$$00000006))

<P><STRONG><a name="[22f]"></a>__rt_lib_shutdown_heap_1</STRONG> (Thumb, 0 bytes, Stack size unknown bytes, libshutdown2.o(.ARM.Collect$$libshutdown$$0000000E))

<P><STRONG><a name="[230]"></a>__rt_lib_shutdown_return</STRONG> (Thumb, 0 bytes, Stack size unknown bytes, libshutdown2.o(.ARM.Collect$$libshutdown$$0000000F))

<P><STRONG><a name="[231]"></a>__rt_lib_shutdown_signal_1</STRONG> (Thumb, 0 bytes, Stack size unknown bytes, libshutdown2.o(.ARM.Collect$$libshutdown$$00000009))

<P><STRONG><a name="[232]"></a>__rt_lib_shutdown_stdio_1</STRONG> (Thumb, 0 bytes, Stack size unknown bytes, libshutdown2.o(.ARM.Collect$$libshutdown$$00000003))

<P><STRONG><a name="[233]"></a>__rt_lib_shutdown_user_alloc_1</STRONG> (Thumb, 0 bytes, Stack size unknown bytes, libshutdown2.o(.ARM.Collect$$libshutdown$$0000000B))

<P><STRONG><a name="[6a]"></a>__rt_entry</STRONG> (Thumb, 0 bytes, Stack size unknown bytes, rtentry.o(.ARM.Collect$$rtentry$$00000000))
<BR><BR>[Called By]<UL><LI><a href="#[68]">&gt;&gt;</a>&nbsp;&nbsp;&nbsp;__main
<LI><a href="#[6b]">&gt;&gt;</a>&nbsp;&nbsp;&nbsp;__scatterload_rt2
</UL>

<P><STRONG><a name="[234]"></a>__rt_entry_presh_1</STRONG> (Thumb, 0 bytes, Stack size unknown bytes, rtentry2.o(.ARM.Collect$$rtentry$$00000002))

<P><STRONG><a name="[85]"></a>__rt_entry_sh</STRONG> (Thumb, 0 bytes, Stack size unknown bytes, rtentry4.o(.ARM.Collect$$rtentry$$00000004))
<BR><BR>[Stack]<UL><LI>Max Depth = 8 + Unknown Stack Size
<LI>Call Chain = __rt_entry_sh &rArr; __user_setup_stackheap
</UL>
<BR>[Calls]<UL><LI><a href="#[86]">&gt;&gt;</a>&nbsp;&nbsp;&nbsp;__user_setup_stackheap
</UL>

<P><STRONG><a name="[87]"></a>__rt_entry_li</STRONG> (Thumb, 0 bytes, Stack size unknown bytes, rtentry2.o(.ARM.Collect$$rtentry$$0000000A))
<BR><BR>[Stack]<UL><LI>Max Depth = 8 + Unknown Stack Size
<LI>Call Chain = __rt_entry_li &rArr; __rt_lib_init &rArr; _fp_init
</UL>
<BR>[Calls]<UL><LI><a href="#[7a]">&gt;&gt;</a>&nbsp;&nbsp;&nbsp;__rt_lib_init
</UL>

<P><STRONG><a name="[235]"></a>__rt_entry_postsh_1</STRONG> (Thumb, 0 bytes, Stack size unknown bytes, rtentry2.o(.ARM.Collect$$rtentry$$00000009))

<P><STRONG><a name="[88]"></a>__rt_entry_main</STRONG> (Thumb, 0 bytes, Stack size unknown bytes, rtentry2.o(.ARM.Collect$$rtentry$$0000000D))
<BR><BR>[Stack]<UL><LI>Max Depth = 912 + Unknown Stack Size
<LI>Call Chain = __rt_entry_main &rArr; main &rArr; file_task &rArr; read_cfg_tcp &rArr; fread_line &rArr; fopen &rArr; freopen &rArr; _sys_open &rArr; __sys_open &rArr; fat_find &rArr; fat_find_dir &rArr; write_entries &rArr; check_name &rArr; search_for_name &rArr; set_next_clus &rArr; cache_fat
</UL>
<BR>[Calls]<UL><LI><a href="#[89]">&gt;&gt;</a>&nbsp;&nbsp;&nbsp;main
<LI><a href="#[8a]">&gt;&gt;</a>&nbsp;&nbsp;&nbsp;exit
</UL>

<P><STRONG><a name="[236]"></a>__rt_entry_postli_1</STRONG> (Thumb, 0 bytes, Stack size unknown bytes, rtentry2.o(.ARM.Collect$$rtentry$$0000000C))

<P><STRONG><a name="[178]"></a>__rt_exit</STRONG> (Thumb, 0 bytes, Stack size unknown bytes, rtexit.o(.ARM.Collect$$rtexit$$00000000))
<BR><BR>[Called By]<UL><LI><a href="#[8a]">&gt;&gt;</a>&nbsp;&nbsp;&nbsp;exit
</UL>

<P><STRONG><a name="[8b]"></a>__rt_exit_ls</STRONG> (Thumb, 0 bytes, Stack size unknown bytes, rtexit2.o(.ARM.Collect$$rtexit$$00000003))
<BR><BR>[Calls]<UL><LI><a href="#[8c]">&gt;&gt;</a>&nbsp;&nbsp;&nbsp;__rt_lib_shutdown
</UL>

<P><STRONG><a name="[237]"></a>__rt_exit_prels_1</STRONG> (Thumb, 0 bytes, Stack size unknown bytes, rtexit2.o(.ARM.Collect$$rtexit$$00000002))

<P><STRONG><a name="[8d]"></a>__rt_exit_exit</STRONG> (Thumb, 0 bytes, Stack size unknown bytes, rtexit2.o(.ARM.Collect$$rtexit$$00000004))
<BR><BR>[Calls]<UL><LI><a href="#[8e]">&gt;&gt;</a>&nbsp;&nbsp;&nbsp;_sys_exit
</UL>

<P><STRONG><a name="[b]"></a>Reset_Handler</STRONG> (Thumb, 4 bytes, Stack size 0 bytes, startup_lpc17xx.o(.text))
<BR>[Address Reference Count : 1]<UL><LI> startup_lpc17xx.o(RESET)
</UL>
<P><STRONG><a name="[238]"></a>_maybe_terminate_alloc</STRONG> (Thumb, 0 bytes, Stack size 0 bytes, maybetermalloc1.o(.emb_text), UNUSED)

<P><STRONG><a name="[c]"></a>NMI_Handler</STRONG> (Thumb, 2 bytes, Stack size 0 bytes, startup_lpc17xx.o(.text))
<BR><BR>[Calls]<UL><LI><a href="#[c]">&gt;&gt;</a>&nbsp;&nbsp;&nbsp;NMI_Handler
</UL>
<BR>[Called By]<UL><LI><a href="#[c]">&gt;&gt;</a>&nbsp;&nbsp;&nbsp;NMI_Handler
</UL>
<BR>[Address Reference Count : 1]<UL><LI> startup_lpc17xx.o(RESET)
</UL>
<P><STRONG><a name="[d]"></a>HardFault_Handler</STRONG> (Thumb, 2 bytes, Stack size 0 bytes, startup_lpc17xx.o(.text))
<BR><BR>[Calls]<UL><LI><a href="#[d]">&gt;&gt;</a>&nbsp;&nbsp;&nbsp;HardFault_Handler
</UL>
<BR>[Called By]<UL><LI><a href="#[d]">&gt;&gt;</a>&nbsp;&nbsp;&nbsp;HardFault_Handler
</UL>
<BR>[Address Reference Count : 1]<UL><LI> startup_lpc17xx.o(RESET)
</UL>
<P><STRONG><a name="[e]"></a>MemManage_Handler</STRONG> (Thumb, 2 bytes, Stack size 0 bytes, startup_lpc17xx.o(.text))
<BR><BR>[Calls]<UL><LI><a href="#[e]">&gt;&gt;</a>&nbsp;&nbsp;&nbsp;MemManage_Handler
</UL>
<BR>[Called By]<UL><LI><a href="#[e]">&gt;&gt;</a>&nbsp;&nbsp;&nbsp;MemManage_Handler
</UL>
<BR>[Address Reference Count : 1]<UL><LI> startup_lpc17xx.o(RESET)
</UL>
<P><STRONG><a name="[f]"></a>BusFault_Handler</STRONG> (Thumb, 2 bytes, Stack size 0 bytes, startup_lpc17xx.o(.text))
<BR><BR>[Calls]<UL><LI><a href="#[f]">&gt;&gt;</a>&nbsp;&nbsp;&nbsp;BusFault_Handler
</UL>
<BR>[Called By]<UL><LI><a href="#[f]">&gt;&gt;</a>&nbsp;&nbsp;&nbsp;BusFault_Handler
</UL>
<BR>[Address Reference Count : 1]<UL><LI> startup_lpc17xx.o(RESET)
</UL>
<P><STRONG><a name="[10]"></a>UsageFault_Handler</STRONG> (Thumb, 2 bytes, Stack size 0 bytes, startup_lpc17xx.o(.text))
<BR><BR>[Calls]<UL><LI><a href="#[10]">&gt;&gt;</a>&nbsp;&nbsp;&nbsp;UsageFault_Handler
</UL>
<BR>[Called By]<UL><LI><a href="#[10]">&gt;&gt;</a>&nbsp;&nbsp;&nbsp;UsageFault_Handler
</UL>
<BR>[Address Reference Count : 1]<UL><LI> startup_lpc17xx.o(RESET)
</UL>
<P><STRONG><a name="[11]"></a>SVC_Handler</STRONG> (Thumb, 2 bytes, Stack size 0 bytes, startup_lpc17xx.o(.text))
<BR><BR>[Calls]<UL><LI><a href="#[11]">&gt;&gt;</a>&nbsp;&nbsp;&nbsp;SVC_Handler
</UL>
<BR>[Called By]<UL><LI><a href="#[11]">&gt;&gt;</a>&nbsp;&nbsp;&nbsp;SVC_Handler
</UL>
<BR>[Address Reference Count : 1]<UL><LI> startup_lpc17xx.o(RESET)
</UL>
<P><STRONG><a name="[12]"></a>DebugMon_Handler</STRONG> (Thumb, 2 bytes, Stack size 0 bytes, startup_lpc17xx.o(.text))
<BR><BR>[Calls]<UL><LI><a href="#[12]">&gt;&gt;</a>&nbsp;&nbsp;&nbsp;DebugMon_Handler
</UL>
<BR>[Called By]<UL><LI><a href="#[12]">&gt;&gt;</a>&nbsp;&nbsp;&nbsp;DebugMon_Handler
</UL>
<BR>[Address Reference Count : 1]<UL><LI> startup_lpc17xx.o(RESET)
</UL>
<P><STRONG><a name="[13]"></a>PendSV_Handler</STRONG> (Thumb, 2 bytes, Stack size 0 bytes, startup_lpc17xx.o(.text))
<BR><BR>[Calls]<UL><LI><a href="#[13]">&gt;&gt;</a>&nbsp;&nbsp;&nbsp;PendSV_Handler
</UL>
<BR>[Called By]<UL><LI><a href="#[13]">&gt;&gt;</a>&nbsp;&nbsp;&nbsp;PendSV_Handler
</UL>
<BR>[Address Reference Count : 1]<UL><LI> startup_lpc17xx.o(RESET)
</UL>
<P><STRONG><a name="[14]"></a>SysTick_Handler</STRONG> (Thumb, 2 bytes, Stack size 0 bytes, startup_lpc17xx.o(.text))
<BR><BR>[Calls]<UL><LI><a href="#[14]">&gt;&gt;</a>&nbsp;&nbsp;&nbsp;SysTick_Handler
</UL>
<BR>[Called By]<UL><LI><a href="#[14]">&gt;&gt;</a>&nbsp;&nbsp;&nbsp;SysTick_Handler
</UL>
<BR>[Address Reference Count : 1]<UL><LI> startup_lpc17xx.o(RESET)
</UL>
<P><STRONG><a name="[2b]"></a>ADC_IRQHandler</STRONG> (Thumb, 0 bytes, Stack size 0 bytes, startup_lpc17xx.o(.text))
<BR><BR>[Calls]<UL><LI><a href="#[2b]">&gt;&gt;</a>&nbsp;&nbsp;&nbsp;ADC_IRQHandler
</UL>
<BR>[Called By]<UL><LI><a href="#[2b]">&gt;&gt;</a>&nbsp;&nbsp;&nbsp;ADC_IRQHandler
</UL>
<BR>[Address Reference Count : 1]<UL><LI> startup_lpc17xx.o(RESET)
</UL>
<P><STRONG><a name="[2c]"></a>BOD_IRQHandler</STRONG> (Thumb, 0 bytes, Stack size 0 bytes, startup_lpc17xx.o(.text))
<BR>[Address Reference Count : 1]<UL><LI> startup_lpc17xx.o(RESET)
</UL>
<P><STRONG><a name="[37]"></a>CANActivity_IRQHandler</STRONG> (Thumb, 0 bytes, Stack size 0 bytes, startup_lpc17xx.o(.text))
<BR>[Address Reference Count : 1]<UL><LI> startup_lpc17xx.o(RESET)
</UL>
<P><STRONG><a name="[2e]"></a>CAN_IRQHandler</STRONG> (Thumb, 0 bytes, Stack size 0 bytes, startup_lpc17xx.o(.text))
<BR>[Address Reference Count : 1]<UL><LI> startup_lpc17xx.o(RESET)
</UL>
<P><STRONG><a name="[2f]"></a>DMA_IRQHandler</STRONG> (Thumb, 0 bytes, Stack size 0 bytes, startup_lpc17xx.o(.text))
<BR>[Address Reference Count : 1]<UL><LI> startup_lpc17xx.o(RESET)
</UL>
<P><STRONG><a name="[1f]"></a>I2C0_IRQHandler</STRONG> (Thumb, 0 bytes, Stack size 0 bytes, startup_lpc17xx.o(.text))
<BR>[Address Reference Count : 1]<UL><LI> startup_lpc17xx.o(RESET)
</UL>
<P><STRONG><a name="[20]"></a>I2C1_IRQHandler</STRONG> (Thumb, 0 bytes, Stack size 0 bytes, startup_lpc17xx.o(.text))
<BR>[Address Reference Count : 1]<UL><LI> startup_lpc17xx.o(RESET)
</UL>
<P><STRONG><a name="[21]"></a>I2C2_IRQHandler</STRONG> (Thumb, 0 bytes, Stack size 0 bytes, startup_lpc17xx.o(.text))
<BR>[Address Reference Count : 1]<UL><LI> startup_lpc17xx.o(RESET)
</UL>
<P><STRONG><a name="[30]"></a>I2S_IRQHandler</STRONG> (Thumb, 0 bytes, Stack size 0 bytes, startup_lpc17xx.o(.text))
<BR>[Address Reference Count : 1]<UL><LI> startup_lpc17xx.o(RESET)
</UL>
<P><STRONG><a name="[33]"></a>MCPWM_IRQHandler</STRONG> (Thumb, 0 bytes, Stack size 0 bytes, startup_lpc17xx.o(.text))
<BR>[Address Reference Count : 1]<UL><LI> startup_lpc17xx.o(RESET)
</UL>
<P><STRONG><a name="[25]"></a>PLL0_IRQHandler</STRONG> (Thumb, 0 bytes, Stack size 0 bytes, startup_lpc17xx.o(.text))
<BR>[Address Reference Count : 1]<UL><LI> startup_lpc17xx.o(RESET)
</UL>
<P><STRONG><a name="[35]"></a>PLL1_IRQHandler</STRONG> (Thumb, 0 bytes, Stack size 0 bytes, startup_lpc17xx.o(.text))
<BR>[Address Reference Count : 1]<UL><LI> startup_lpc17xx.o(RESET)
</UL>
<P><STRONG><a name="[34]"></a>QEI_IRQHandler</STRONG> (Thumb, 0 bytes, Stack size 0 bytes, startup_lpc17xx.o(.text))
<BR>[Address Reference Count : 1]<UL><LI> startup_lpc17xx.o(RESET)
</UL>
<P><STRONG><a name="[32]"></a>RIT_IRQHandler</STRONG> (Thumb, 0 bytes, Stack size 0 bytes, startup_lpc17xx.o(.text))
<BR>[Address Reference Count : 1]<UL><LI> startup_lpc17xx.o(RESET)
</UL>
<P><STRONG><a name="[26]"></a>RTC_IRQHandler</STRONG> (Thumb, 0 bytes, Stack size 0 bytes, startup_lpc17xx.o(.text))
<BR>[Address Reference Count : 1]<UL><LI> startup_lpc17xx.o(RESET)
</UL>
<P><STRONG><a name="[22]"></a>SPI_IRQHandler</STRONG> (Thumb, 0 bytes, Stack size 0 bytes, startup_lpc17xx.o(.text))
<BR>[Address Reference Count : 1]<UL><LI> startup_lpc17xx.o(RESET)
</UL>
<P><STRONG><a name="[23]"></a>SSP0_IRQHandler</STRONG> (Thumb, 0 bytes, Stack size 0 bytes, startup_lpc17xx.o(.text))
<BR>[Address Reference Count : 1]<UL><LI> startup_lpc17xx.o(RESET)
</UL>
<P><STRONG><a name="[24]"></a>SSP1_IRQHandler</STRONG> (Thumb, 0 bytes, Stack size 0 bytes, startup_lpc17xx.o(.text))
<BR>[Address Reference Count : 1]<UL><LI> startup_lpc17xx.o(RESET)
</UL>
<P><STRONG><a name="[18]"></a>TIMER2_IRQHandler</STRONG> (Thumb, 0 bytes, Stack size 0 bytes, startup_lpc17xx.o(.text))
<BR>[Address Reference Count : 1]<UL><LI> startup_lpc17xx.o(RESET)
</UL>
<P><STRONG><a name="[19]"></a>TIMER3_IRQHandler</STRONG> (Thumb, 0 bytes, Stack size 0 bytes, startup_lpc17xx.o(.text))
<BR>[Address Reference Count : 1]<UL><LI> startup_lpc17xx.o(RESET)
</UL>
<P><STRONG><a name="[1b]"></a>UART1_IRQHandler</STRONG> (Thumb, 0 bytes, Stack size 0 bytes, startup_lpc17xx.o(.text))
<BR>[Address Reference Count : 1]<UL><LI> startup_lpc17xx.o(RESET)
</UL>
<P><STRONG><a name="[1d]"></a>UART3_IRQHandler</STRONG> (Thumb, 0 bytes, Stack size 0 bytes, startup_lpc17xx.o(.text))
<BR>[Address Reference Count : 1]<UL><LI> startup_lpc17xx.o(RESET)
</UL>
<P><STRONG><a name="[36]"></a>USBActivity_IRQHandler</STRONG> (Thumb, 0 bytes, Stack size 0 bytes, startup_lpc17xx.o(.text))
<BR>[Address Reference Count : 1]<UL><LI> startup_lpc17xx.o(RESET)
</UL>
<P><STRONG><a name="[2d]"></a>USB_IRQHandler</STRONG> (Thumb, 0 bytes, Stack size 0 bytes, startup_lpc17xx.o(.text))
<BR>[Address Reference Count : 1]<UL><LI> startup_lpc17xx.o(RESET)
</UL>
<P><STRONG><a name="[15]"></a>WDT_IRQHandler</STRONG> (Thumb, 0 bytes, Stack size 0 bytes, startup_lpc17xx.o(.text))
<BR>[Address Reference Count : 1]<UL><LI> startup_lpc17xx.o(RESET)
</UL>
<P><STRONG><a name="[176]"></a>__user_initial_stackheap</STRONG> (Thumb, 0 bytes, Stack size unknown bytes, startup_lpc17xx.o(.text))
<BR><BR>[Called By]<UL><LI><a href="#[86]">&gt;&gt;</a>&nbsp;&nbsp;&nbsp;__user_setup_stackheap
</UL>

<P><STRONG><a name="[1db]"></a>fs_config</STRONG> (Thumb, 24 bytes, Stack size 0 bytes, file_config.o(.text))
<BR><BR>[Called By]<UL><LI><a href="#[1d7]">&gt;&gt;</a>&nbsp;&nbsp;&nbsp;fs_cfg_drv
</UL>

<P><STRONG><a name="[1da]"></a>efs_rename</STRONG> (Thumb, 4 bytes, Stack size 0 bytes, file_config.o(.text))
<BR><BR>[Called By]<UL><LI><a href="#[127]">&gt;&gt;</a>&nbsp;&nbsp;&nbsp;frename
</UL>

<P><STRONG><a name="[189]"></a>efs_create</STRONG> (Thumb, 4 bytes, Stack size 0 bytes, file_config.o(.text))
<BR><BR>[Called By]<UL><LI><a href="#[fe]">&gt;&gt;</a>&nbsp;&nbsp;&nbsp;__sys_open
</UL>

<P><STRONG><a name="[188]"></a>efs_delete</STRONG> (Thumb, 4 bytes, Stack size 0 bytes, file_config.o(.text))
<BR><BR>[Called By]<UL><LI><a href="#[10e]">&gt;&gt;</a>&nbsp;&nbsp;&nbsp;fdelete
<LI><a href="#[fe]">&gt;&gt;</a>&nbsp;&nbsp;&nbsp;__sys_open
</UL>

<P><STRONG><a name="[239]"></a>efs_free</STRONG> (Thumb, 4 bytes, Stack size 0 bytes, file_config.o(.text), UNUSED)

<P><STRONG><a name="[23a]"></a>efs_format</STRONG> (Thumb, 4 bytes, Stack size 0 bytes, file_config.o(.text), UNUSED)

<P><STRONG><a name="[1d6]"></a>efs_ffind</STRONG> (Thumb, 4 bytes, Stack size 0 bytes, file_config.o(.text))
<BR><BR>[Called By]<UL><LI><a href="#[129]">&gt;&gt;</a>&nbsp;&nbsp;&nbsp;ffind
</UL>

<P><STRONG><a name="[17f]"></a>efs_wclose</STRONG> (Thumb, 4 bytes, Stack size 0 bytes, file_config.o(.text))
<BR><BR>[Called By]<UL><LI><a href="#[100]">&gt;&gt;</a>&nbsp;&nbsp;&nbsp;__sys_close
</UL>

<P><STRONG><a name="[18b]"></a>efs_read</STRONG> (Thumb, 4 bytes, Stack size 0 bytes, file_config.o(.text))
<BR><BR>[Called By]<UL><LI><a href="#[104]">&gt;&gt;</a>&nbsp;&nbsp;&nbsp;__sys_read
</UL>

<P><STRONG><a name="[18f]"></a>efs_write</STRONG> (Thumb, 4 bytes, Stack size 0 bytes, file_config.o(.text))
<BR><BR>[Called By]<UL><LI><a href="#[102]">&gt;&gt;</a>&nbsp;&nbsp;&nbsp;__sys_write
</UL>

<P><STRONG><a name="[180]"></a>efs_ensure</STRONG> (Thumb, 4 bytes, Stack size 0 bytes, file_config.o(.text), UNUSED)
<BR><BR>[Called By]<UL><LI><a href="#[108]">&gt;&gt;</a>&nbsp;&nbsp;&nbsp;__sys_ensure
</UL>

<P><STRONG><a name="[18d]"></a>efs_seek</STRONG> (Thumb, 4 bytes, Stack size 0 bytes, file_config.o(.text))
<BR><BR>[Called By]<UL><LI><a href="#[106]">&gt;&gt;</a>&nbsp;&nbsp;&nbsp;__sys_seek
</UL>

<P><STRONG><a name="[181]"></a>efs_fsize</STRONG> (Thumb, 2 bytes, Stack size 0 bytes, file_config.o(.text))
<BR><BR>[Called By]<UL><LI><a href="#[fe]">&gt;&gt;</a>&nbsp;&nbsp;&nbsp;__sys_open
<LI><a href="#[10a]">&gt;&gt;</a>&nbsp;&nbsp;&nbsp;__sys_flen
<LI><a href="#[129]">&gt;&gt;</a>&nbsp;&nbsp;&nbsp;ffind
</UL>

<P><STRONG><a name="[187]"></a>efs_find</STRONG> (Thumb, 4 bytes, Stack size 0 bytes, file_config.o(.text))
<BR><BR>[Called By]<UL><LI><a href="#[10e]">&gt;&gt;</a>&nbsp;&nbsp;&nbsp;fdelete
<LI><a href="#[fe]">&gt;&gt;</a>&nbsp;&nbsp;&nbsp;__sys_open
<LI><a href="#[127]">&gt;&gt;</a>&nbsp;&nbsp;&nbsp;frename
</UL>

<P><STRONG><a name="[23b]"></a>efs_analyse</STRONG> (Thumb, 4 bytes, Stack size 0 bytes, file_config.o(.text), UNUSED)

<P><STRONG><a name="[23c]"></a>efs_check</STRONG> (Thumb, 4 bytes, Stack size 0 bytes, file_config.o(.text), UNUSED)

<P><STRONG><a name="[23d]"></a>efs_defrag</STRONG> (Thumb, 4 bytes, Stack size 0 bytes, file_config.o(.text), UNUSED)

<P><STRONG><a name="[94]"></a>control_ir_task</STRONG> (Thumb, 4 bytes, Stack size 0 bytes, control_ir.o(.text))
<BR><BR>[Calls]<UL><LI><a href="#[95]">&gt;&gt;</a>&nbsp;&nbsp;&nbsp;PWM_Stop
</UL>
<BR>[Called By]<UL><LI><a href="#[89]">&gt;&gt;</a>&nbsp;&nbsp;&nbsp;main
</UL>

<P><STRONG><a name="[96]"></a>sys_error</STRONG> (Thumb, 2 bytes, Stack size 0 bytes, net_config.o(.text))
<BR><BR>[Calls]<UL><LI><a href="#[96]">&gt;&gt;</a>&nbsp;&nbsp;&nbsp;sys_error
</UL>
<BR>[Called By]<UL><LI><a href="#[11d]">&gt;&gt;</a>&nbsp;&nbsp;&nbsp;alloc_mem
<LI><a href="#[1a9]">&gt;&gt;</a>&nbsp;&nbsp;&nbsp;free_mem
<LI><a href="#[138]">&gt;&gt;</a>&nbsp;&nbsp;&nbsp;udp_get_socket
<LI><a href="#[136]">&gt;&gt;</a>&nbsp;&nbsp;&nbsp;tcp_get_socket
<LI><a href="#[a6]">&gt;&gt;</a>&nbsp;&nbsp;&nbsp;process_tcp
<LI><a href="#[96]">&gt;&gt;</a>&nbsp;&nbsp;&nbsp;sys_error
</UL>

<P><STRONG><a name="[97]"></a>init_system</STRONG> (Thumb, 30 bytes, Stack size 8 bytes, net_config.o(.text))
<BR><BR>[Stack]<UL><LI>Max Depth = 264 + Unknown Stack Size
<LI>Call Chain = init_system &rArr; init_eth_link &rArr; init_ethernet &rArr; fflush &rArr; _do_fflush &rArr; _fflush &rArr; _writebuf &rArr; _sys_write &rArr; __sys_write &rArr; fat_write &rArr; write_fat_link &rArr; cache_fat
</UL>
<BR>[Calls]<UL><LI><a href="#[99]">&gt;&gt;</a>&nbsp;&nbsp;&nbsp;init_udp
<LI><a href="#[9a]">&gt;&gt;</a>&nbsp;&nbsp;&nbsp;init_tcp
<LI><a href="#[9c]">&gt;&gt;</a>&nbsp;&nbsp;&nbsp;init_nbns
<LI><a href="#[9b]">&gt;&gt;</a>&nbsp;&nbsp;&nbsp;init_ftp
<LI><a href="#[98]">&gt;&gt;</a>&nbsp;&nbsp;&nbsp;init_eth_link
<LI><a href="#[9d]">&gt;&gt;</a>&nbsp;&nbsp;&nbsp;init_dhcp
</UL>
<BR>[Called By]<UL><LI><a href="#[b5]">&gt;&gt;</a>&nbsp;&nbsp;&nbsp;init_TcpNet
</UL>

<P><STRONG><a name="[9e]"></a>run_system</STRONG> (Thumb, 22 bytes, Stack size 8 bytes, net_config.o(.text))
<BR><BR>[Stack]<UL><LI>Max Depth = 512 + Unknown Stack Size
<LI>Call Chain = run_system &rArr; run_ftp_server &rArr; ftp_fopen &rArr; fopen &rArr; freopen &rArr; _sys_open &rArr; __sys_open &rArr; fat_find &rArr; fat_find_dir &rArr; write_entries &rArr; check_name &rArr; search_for_name &rArr; set_next_clus &rArr; cache_fat
</UL>
<BR>[Calls]<UL><LI><a href="#[a0]">&gt;&gt;</a>&nbsp;&nbsp;&nbsp;tcp_poll_sockets
<LI><a href="#[a1]">&gt;&gt;</a>&nbsp;&nbsp;&nbsp;run_ftp_server
<LI><a href="#[9f]">&gt;&gt;</a>&nbsp;&nbsp;&nbsp;run_eth_link
<LI><a href="#[a2]">&gt;&gt;</a>&nbsp;&nbsp;&nbsp;run_dhcp_client
</UL>
<BR>[Called By]<UL><LI><a href="#[c3]">&gt;&gt;</a>&nbsp;&nbsp;&nbsp;main_TcpNet
</UL>

<P><STRONG><a name="[a3]"></a>process_hl_udp</STRONG> (Thumb, 4 bytes, Stack size 0 bytes, net_config.o(.text))
<BR><BR>[Stack]<UL><LI>Max Depth = 32<LI>Call Chain = process_hl_udp &rArr; process_udp
</UL>
<BR>[Calls]<UL><LI><a href="#[a4]">&gt;&gt;</a>&nbsp;&nbsp;&nbsp;process_udp
</UL>
<BR>[Called By]<UL><LI><a href="#[9f]">&gt;&gt;</a>&nbsp;&nbsp;&nbsp;run_eth_link
</UL>

<P><STRONG><a name="[a5]"></a>process_hl_tcp</STRONG> (Thumb, 4 bytes, Stack size 0 bytes, net_config.o(.text))
<BR><BR>[Stack]<UL><LI>Max Depth = 216<LI>Call Chain = process_hl_tcp &rArr; process_tcp &rArr; tcp_send_reset &rArr; tcp_send_ctrl &rArr; tcp_send_frame &rArr; ip_send_frame &rArr; dispatch_frame &rArr; eth_send_frame &rArr; arp_cache_find &rArr; arp_send_req &rArr; alloc_mem
</UL>
<BR>[Calls]<UL><LI><a href="#[a6]">&gt;&gt;</a>&nbsp;&nbsp;&nbsp;process_tcp
</UL>
<BR>[Called By]<UL><LI><a href="#[9f]">&gt;&gt;</a>&nbsp;&nbsp;&nbsp;run_eth_link
</UL>

<P><STRONG><a name="[a7]"></a>dispatch_frame</STRONG> (Thumb, 10 bytes, Stack size 0 bytes, net_config.o(.text))
<BR><BR>[Stack]<UL><LI>Max Depth = 88<LI>Call Chain = dispatch_frame &rArr; eth_send_frame &rArr; arp_cache_find &rArr; arp_send_req &rArr; alloc_mem
</UL>
<BR>[Calls]<UL><LI><a href="#[a8]">&gt;&gt;</a>&nbsp;&nbsp;&nbsp;eth_send_frame
</UL>
<BR>[Called By]<UL><LI><a href="#[1f1]">&gt;&gt;</a>&nbsp;&nbsp;&nbsp;ip_send_frame
</UL>

<P><STRONG><a name="[a9]"></a>arp_notify</STRONG> (Thumb, 6 bytes, Stack size 0 bytes, net_config.o(.text))
<BR><BR>[Stack]<UL><LI>Max Depth = 40<LI>Call Chain = arp_notify &rArr; arp_send_req &rArr; alloc_mem
</UL>
<BR>[Calls]<UL><LI><a href="#[aa]">&gt;&gt;</a>&nbsp;&nbsp;&nbsp;arp_send_req
</UL>
<BR>[Called By]<UL><LI><a href="#[41]">&gt;&gt;</a>&nbsp;&nbsp;&nbsp;dhcp_listener
<LI><a href="#[12d]">&gt;&gt;</a>&nbsp;&nbsp;&nbsp;dhcp_disable
</UL>

<P><STRONG><a name="[1ee]"></a>igmp_is_member</STRONG> (Thumb, 4 bytes, Stack size 0 bytes, net_config.o(.text))
<BR><BR>[Called By]<UL><LI><a href="#[1ed]">&gt;&gt;</a>&nbsp;&nbsp;&nbsp;ip_chk_frame
</UL>

<P><STRONG><a name="[23e]"></a>__semihosting$guard</STRONG> (Thumb, 0 bytes, Stack size 0 bytes, use_no_semi.o(.text), UNUSED)

<P><STRONG><a name="[23f]"></a>__use_no_semihosting_swi</STRONG> (Thumb, 2 bytes, Stack size 0 bytes, use_no_semi.o(.text), UNUSED)

<P><STRONG><a name="[ab]"></a>tolower</STRONG> (Thumb, 26 bytes, Stack size 8 bytes, tolower.o(.text))
<BR><BR>[Stack]<UL><LI>Max Depth = 16<LI>Call Chain = tolower &rArr; __rt_ctype_table
</UL>
<BR>[Calls]<UL><LI><a href="#[ac]">&gt;&gt;</a>&nbsp;&nbsp;&nbsp;__rt_ctype_table
</UL>
<BR>[Called By]<UL><LI><a href="#[f7]">&gt;&gt;</a>&nbsp;&nbsp;&nbsp;read_cfg_tcp
</UL>

<P><STRONG><a name="[240]"></a>__use_two_region_memory</STRONG> (Thumb, 2 bytes, Stack size 0 bytes, heapauxi.o(.text), UNUSED)

<P><STRONG><a name="[6]"></a>__rt_heap_escrow</STRONG> (Thumb, 2 bytes, Stack size 0 bytes, heapauxi.o(.text), UNUSED)

<P><STRONG><a name="[5]"></a>__rt_heap_expand</STRONG> (Thumb, 2 bytes, Stack size 0 bytes, heapauxi.o(.text), UNUSED)

<P><STRONG><a name="[b0]"></a>SystemInit</STRONG> (Thumb, 504 bytes, Stack size 20 bytes, system_lpc17xx.o(.text))
<BR><BR>[Stack]<UL><LI>Max Depth = 20<LI>Call Chain = SystemInit
</UL>
<BR>[Called By]<UL><LI><a href="#[89]">&gt;&gt;</a>&nbsp;&nbsp;&nbsp;main
</UL>

<P><STRONG><a name="[ad]"></a>verify_last_reset</STRONG> (Thumb, 66 bytes, Stack size 8 bytes, main.o(.text))
<BR><BR>[Stack]<UL><LI>Max Depth = 216 + Unknown Stack Size
<LI>Call Chain = verify_last_reset &rArr; fflush &rArr; _do_fflush &rArr; _fflush &rArr; _writebuf &rArr; _sys_write &rArr; __sys_write &rArr; fat_write &rArr; write_fat_link &rArr; cache_fat
</UL>
<BR>[Calls]<UL><LI><a href="#[ae]">&gt;&gt;</a>&nbsp;&nbsp;&nbsp;__2printf
<LI><a href="#[af]">&gt;&gt;</a>&nbsp;&nbsp;&nbsp;fflush
</UL>
<BR>[Called By]<UL><LI><a href="#[89]">&gt;&gt;</a>&nbsp;&nbsp;&nbsp;main
</UL>

<P><STRONG><a name="[89]"></a>main</STRONG> (Thumb, 356 bytes, Stack size 0 bytes, main.o(.text))
<BR><BR>[Stack]<UL><LI>Max Depth = 912 + Unknown Stack Size
<LI>Call Chain = main &rArr; file_task &rArr; read_cfg_tcp &rArr; fread_line &rArr; fopen &rArr; freopen &rArr; _sys_open &rArr; __sys_open &rArr; fat_find &rArr; fat_find_dir &rArr; write_entries &rArr; check_name &rArr; search_for_name &rArr; set_next_clus &rArr; cache_fat
</UL>
<BR>[Calls]<UL><LI><a href="#[b6]">&gt;&gt;</a>&nbsp;&nbsp;&nbsp;user_init
<LI><a href="#[bf]">&gt;&gt;</a>&nbsp;&nbsp;&nbsp;touch_task
<LI><a href="#[bd]">&gt;&gt;</a>&nbsp;&nbsp;&nbsp;timer_poll
<LI><a href="#[c4]">&gt;&gt;</a>&nbsp;&nbsp;&nbsp;tcp_task
<LI><a href="#[bc]">&gt;&gt;</a>&nbsp;&nbsp;&nbsp;show_all_scene
<LI><a href="#[c3]">&gt;&gt;</a>&nbsp;&nbsp;&nbsp;main_TcpNet
<LI><a href="#[c0]">&gt;&gt;</a>&nbsp;&nbsp;&nbsp;led_task
<LI><a href="#[c1]">&gt;&gt;</a>&nbsp;&nbsp;&nbsp;key_task
<LI><a href="#[b1]">&gt;&gt;</a>&nbsp;&nbsp;&nbsp;init_uart
<LI><a href="#[b7]">&gt;&gt;</a>&nbsp;&nbsp;&nbsp;init_touch
<LI><a href="#[b9]">&gt;&gt;</a>&nbsp;&nbsp;&nbsp;init_timer
<LI><a href="#[b8]">&gt;&gt;</a>&nbsp;&nbsp;&nbsp;init_scene
<LI><a href="#[b2]">&gt;&gt;</a>&nbsp;&nbsp;&nbsp;init_register
<LI><a href="#[b3]">&gt;&gt;</a>&nbsp;&nbsp;&nbsp;init_msd
<LI><a href="#[b4]">&gt;&gt;</a>&nbsp;&nbsp;&nbsp;init_file
<LI><a href="#[b5]">&gt;&gt;</a>&nbsp;&nbsp;&nbsp;init_TcpNet
<LI><a href="#[c2]">&gt;&gt;</a>&nbsp;&nbsp;&nbsp;file_task
<LI><a href="#[c5]">&gt;&gt;</a>&nbsp;&nbsp;&nbsp;ext_task
<LI><a href="#[94]">&gt;&gt;</a>&nbsp;&nbsp;&nbsp;control_ir_task
<LI><a href="#[be]">&gt;&gt;</a>&nbsp;&nbsp;&nbsp;cmd_task
<LI><a href="#[bb]">&gt;&gt;</a>&nbsp;&nbsp;&nbsp;PWM_Init
<LI><a href="#[ba]">&gt;&gt;</a>&nbsp;&nbsp;&nbsp;Init_EINT
<LI><a href="#[ad]">&gt;&gt;</a>&nbsp;&nbsp;&nbsp;verify_last_reset
<LI><a href="#[b0]">&gt;&gt;</a>&nbsp;&nbsp;&nbsp;SystemInit
<LI><a href="#[ae]">&gt;&gt;</a>&nbsp;&nbsp;&nbsp;__2printf
<LI><a href="#[af]">&gt;&gt;</a>&nbsp;&nbsp;&nbsp;fflush
</UL>
<BR>[Called By]<UL><LI><a href="#[88]">&gt;&gt;</a>&nbsp;&nbsp;&nbsp;__rt_entry_main
</UL>

<P><STRONG><a name="[e4]"></a>get_entry</STRONG> (Thumb, 108 bytes, Stack size 16 bytes, uart.o(.text))
<BR><BR>[Stack]<UL><LI>Max Depth = 16<LI>Call Chain = get_entry
</UL>
<BR>[Called By]<UL><LI><a href="#[be]">&gt;&gt;</a>&nbsp;&nbsp;&nbsp;cmd_task
</UL>

<P><STRONG><a name="[1a]"></a>UART0_IRQHandler</STRONG> (Thumb, 130 bytes, Stack size 8 bytes, uart.o(.text))
<BR><BR>[Stack]<UL><LI>Max Depth = 8<LI>Call Chain = UART0_IRQHandler
</UL>
<BR>[Calls]<UL><LI><a href="#[c6]">&gt;&gt;</a>&nbsp;&nbsp;&nbsp;NVIC_ClearPendingIRQ
</UL>
<BR>[Address Reference Count : 1]<UL><LI> startup_lpc17xx.o(RESET)
</UL>
<P><STRONG><a name="[1c]"></a>UART2_IRQHandler</STRONG> (Thumb, 130 bytes, Stack size 8 bytes, uart.o(.text))
<BR><BR>[Stack]<UL><LI>Max Depth = 8<LI>Call Chain = UART2_IRQHandler
</UL>
<BR>[Calls]<UL><LI><a href="#[c6]">&gt;&gt;</a>&nbsp;&nbsp;&nbsp;NVIC_ClearPendingIRQ
</UL>
<BR>[Address Reference Count : 1]<UL><LI> startup_lpc17xx.o(RESET)
</UL>
<P><STRONG><a name="[b1]"></a>init_uart</STRONG> (Thumb, 140 bytes, Stack size 24 bytes, uart.o(.text))
<BR><BR>[Stack]<UL><LI>Max Depth = 24<LI>Call Chain = init_uart
</UL>
<BR>[Calls]<UL><LI><a href="#[c7]">&gt;&gt;</a>&nbsp;&nbsp;&nbsp;NVIC_EnableIRQ
</UL>
<BR>[Called By]<UL><LI><a href="#[89]">&gt;&gt;</a>&nbsp;&nbsp;&nbsp;main
</UL>

<P><STRONG><a name="[c9]"></a>uart_putChar</STRONG> (Thumb, 36 bytes, Stack size 0 bytes, uart.o(.text))
<BR><BR>[Called By]<UL><LI><a href="#[f9]">&gt;&gt;</a>&nbsp;&nbsp;&nbsp;sendchar
<LI><a href="#[c8]">&gt;&gt;</a>&nbsp;&nbsp;&nbsp;uart_putString
</UL>

<P><STRONG><a name="[fb]"></a>uart_getChar</STRONG> (Thumb, 34 bytes, Stack size 0 bytes, uart.o(.text))
<BR><BR>[Called By]<UL><LI><a href="#[fa]">&gt;&gt;</a>&nbsp;&nbsp;&nbsp;getkey
</UL>

<P><STRONG><a name="[241]"></a>uart_getChar_nb</STRONG> (Thumb, 34 bytes, Stack size 0 bytes, uart.o(.text), UNUSED)

<P><STRONG><a name="[c8]"></a>uart_putString</STRONG> (Thumb, 24 bytes, Stack size 8 bytes, uart.o(.text))
<BR><BR>[Stack]<UL><LI>Max Depth = 8<LI>Call Chain = uart_putString
</UL>
<BR>[Calls]<UL><LI><a href="#[c9]">&gt;&gt;</a>&nbsp;&nbsp;&nbsp;uart_putChar
</UL>
<BR>[Called By]<UL><LI><a href="#[f1]">&gt;&gt;</a>&nbsp;&nbsp;&nbsp;exe_scene
<LI><a href="#[54]">&gt;&gt;</a>&nbsp;&nbsp;&nbsp;cmd_rel
<LI><a href="#[4d]">&gt;&gt;</a>&nbsp;&nbsp;&nbsp;cmd_run_scene
<LI><a href="#[4c]">&gt;&gt;</a>&nbsp;&nbsp;&nbsp;cmd_scene
<LI><a href="#[4b]">&gt;&gt;</a>&nbsp;&nbsp;&nbsp;cmd_rcv_touch
<LI><a href="#[da]">&gt;&gt;</a>&nbsp;&nbsp;&nbsp;repeat_IR
<LI><a href="#[50]">&gt;&gt;</a>&nbsp;&nbsp;&nbsp;cmd_set_real_time
<LI><a href="#[57]">&gt;&gt;</a>&nbsp;&nbsp;&nbsp;cmd_type_dim
<LI><a href="#[bf]">&gt;&gt;</a>&nbsp;&nbsp;&nbsp;touch_task
<LI><a href="#[bc]">&gt;&gt;</a>&nbsp;&nbsp;&nbsp;show_all_scene
<LI><a href="#[c2]">&gt;&gt;</a>&nbsp;&nbsp;&nbsp;file_task
<LI><a href="#[be]">&gt;&gt;</a>&nbsp;&nbsp;&nbsp;cmd_task
</UL>

<P><STRONG><a name="[4a]"></a>cmd_reset_board</STRONG> (Thumb, 22 bytes, Stack size 0 bytes, uart.o(.text))
<BR>[Address Reference Count : 1]<UL><LI> uart.o(.constdata)
</UL>
<P><STRONG><a name="[4f]"></a>cmd_ar_swing</STRONG> (Thumb, 184 bytes, Stack size 16 bytes, uart.o(.text))
<BR><BR>[Stack]<UL><LI>Max Depth = 5672 + Unknown Stack Size
<LI>Call Chain = cmd_ar_swing &rArr; fwrite_line &rArr; fopen &rArr; freopen &rArr; _sys_open &rArr; __sys_open &rArr; fat_find &rArr; fat_find_dir &rArr; write_entries &rArr; check_name &rArr; search_for_name &rArr; set_next_clus &rArr; cache_fat
</UL>
<BR>[Calls]<UL><LI><a href="#[cd]">&gt;&gt;</a>&nbsp;&nbsp;&nbsp;fwrite_line
<LI><a href="#[cc]">&gt;&gt;</a>&nbsp;&nbsp;&nbsp;__2sprintf
<LI><a href="#[cb]">&gt;&gt;</a>&nbsp;&nbsp;&nbsp;__aeabi_memclr
<LI><a href="#[ca]">&gt;&gt;</a>&nbsp;&nbsp;&nbsp;atoi
</UL>
<BR>[Address Reference Count : 1]<UL><LI> uart.o(.constdata)
</UL>
<P><STRONG><a name="[56]"></a>cmd_detect_swing</STRONG> (Thumb, 252 bytes, Stack size 40 bytes, uart.o(.text))
<BR><BR>[Stack]<UL><LI>Max Depth = 632 + Unknown Stack Size
<LI>Call Chain = cmd_detect_swing &rArr; cmd_ir_learn_app &rArr; learn_ir &rArr; save_ir &rArr; fopen &rArr; freopen &rArr; _sys_open &rArr; __sys_open &rArr; fat_find &rArr; fat_find_dir &rArr; write_entries &rArr; check_name &rArr; search_for_name &rArr; set_next_clus &rArr; cache_fat
</UL>
<BR>[Calls]<UL><LI><a href="#[52]">&gt;&gt;</a>&nbsp;&nbsp;&nbsp;cmd_ir_learn_app
<LI><a href="#[cc]">&gt;&gt;</a>&nbsp;&nbsp;&nbsp;__2sprintf
<LI><a href="#[ae]">&gt;&gt;</a>&nbsp;&nbsp;&nbsp;__2printf
<LI><a href="#[d3]">&gt;&gt;</a>&nbsp;&nbsp;&nbsp;__aeabi_cdrcmple
<LI><a href="#[d1]">&gt;&gt;</a>&nbsp;&nbsp;&nbsp;__aeabi_dmul
<LI><a href="#[d5]">&gt;&gt;</a>&nbsp;&nbsp;&nbsp;__aeabi_cdcmple
<LI><a href="#[d0]">&gt;&gt;</a>&nbsp;&nbsp;&nbsp;__aeabi_ui2d
<LI><a href="#[d2]">&gt;&gt;</a>&nbsp;&nbsp;&nbsp;__aeabi_drsub
<LI><a href="#[d4]">&gt;&gt;</a>&nbsp;&nbsp;&nbsp;__aeabi_dadd
<LI><a href="#[ce]">&gt;&gt;</a>&nbsp;&nbsp;&nbsp;__aeabi_memset
<LI><a href="#[cf]">&gt;&gt;</a>&nbsp;&nbsp;&nbsp;__aeabi_memcpy
<LI><a href="#[af]">&gt;&gt;</a>&nbsp;&nbsp;&nbsp;fflush
</UL>
<BR>[Address Reference Count : 1]<UL><LI> uart.o(.constdata)
</UL>
<P><STRONG><a name="[57]"></a>cmd_type_dim</STRONG> (Thumb, 538 bytes, Stack size 40 bytes, uart.o(.text))
<BR><BR>[Stack]<UL><LI>Max Depth = 5696 + Unknown Stack Size
<LI>Call Chain = cmd_type_dim &rArr; fwrite_line &rArr; fopen &rArr; freopen &rArr; _sys_open &rArr; __sys_open &rArr; fat_find &rArr; fat_find_dir &rArr; write_entries &rArr; check_name &rArr; search_for_name &rArr; set_next_clus &rArr; cache_fat
</UL>
<BR>[Calls]<UL><LI><a href="#[cd]">&gt;&gt;</a>&nbsp;&nbsp;&nbsp;fwrite_line
<LI><a href="#[c8]">&gt;&gt;</a>&nbsp;&nbsp;&nbsp;uart_putString
<LI><a href="#[cc]">&gt;&gt;</a>&nbsp;&nbsp;&nbsp;__2sprintf
<LI><a href="#[ae]">&gt;&gt;</a>&nbsp;&nbsp;&nbsp;__2printf
<LI><a href="#[d6]">&gt;&gt;</a>&nbsp;&nbsp;&nbsp;__aeabi_memclr4
<LI><a href="#[d7]">&gt;&gt;</a>&nbsp;&nbsp;&nbsp;strcpy
<LI><a href="#[af]">&gt;&gt;</a>&nbsp;&nbsp;&nbsp;fflush
<LI><a href="#[ca]">&gt;&gt;</a>&nbsp;&nbsp;&nbsp;atoi
</UL>
<BR>[Address Reference Count : 1]<UL><LI> uart.o(.constdata)
</UL>
<P><STRONG><a name="[d8]"></a>ena_dis_touch</STRONG> (Thumb, 42 bytes, Stack size 24 bytes, uart.o(.text))
<BR><BR>[Stack]<UL><LI>Max Depth = 5680 + Unknown Stack Size
<LI>Call Chain = ena_dis_touch &rArr; fwrite_line &rArr; fopen &rArr; freopen &rArr; _sys_open &rArr; __sys_open &rArr; fat_find &rArr; fat_find_dir &rArr; write_entries &rArr; check_name &rArr; search_for_name &rArr; set_next_clus &rArr; cache_fat
</UL>
<BR>[Calls]<UL><LI><a href="#[cd]">&gt;&gt;</a>&nbsp;&nbsp;&nbsp;fwrite_line
<LI><a href="#[cc]">&gt;&gt;</a>&nbsp;&nbsp;&nbsp;__2sprintf
</UL>
<BR>[Called By]<UL><LI><a href="#[59]">&gt;&gt;</a>&nbsp;&nbsp;&nbsp;cmd_disable_touch
<LI><a href="#[58]">&gt;&gt;</a>&nbsp;&nbsp;&nbsp;cmd_enable_touch
</UL>

<P><STRONG><a name="[58]"></a>cmd_enable_touch</STRONG> (Thumb, 66 bytes, Stack size 16 bytes, uart.o(.text))
<BR><BR>[Stack]<UL><LI>Max Depth = 5696 + Unknown Stack Size
<LI>Call Chain = cmd_enable_touch &rArr; ena_dis_touch &rArr; fwrite_line &rArr; fopen &rArr; freopen &rArr; _sys_open &rArr; __sys_open &rArr; fat_find &rArr; fat_find_dir &rArr; write_entries &rArr; check_name &rArr; search_for_name &rArr; set_next_clus &rArr; cache_fat
</UL>
<BR>[Calls]<UL><LI><a href="#[d8]">&gt;&gt;</a>&nbsp;&nbsp;&nbsp;ena_dis_touch
<LI><a href="#[cc]">&gt;&gt;</a>&nbsp;&nbsp;&nbsp;__2sprintf
<LI><a href="#[ca]">&gt;&gt;</a>&nbsp;&nbsp;&nbsp;atoi
</UL>
<BR>[Address Reference Count : 1]<UL><LI> uart.o(.constdata)
</UL>
<P><STRONG><a name="[59]"></a>cmd_disable_touch</STRONG> (Thumb, 56 bytes, Stack size 8 bytes, uart.o(.text))
<BR><BR>[Stack]<UL><LI>Max Depth = 5688 + Unknown Stack Size
<LI>Call Chain = cmd_disable_touch &rArr; ena_dis_touch &rArr; fwrite_line &rArr; fopen &rArr; freopen &rArr; _sys_open &rArr; __sys_open &rArr; fat_find &rArr; fat_find_dir &rArr; write_entries &rArr; check_name &rArr; search_for_name &rArr; set_next_clus &rArr; cache_fat
</UL>
<BR>[Calls]<UL><LI><a href="#[d8]">&gt;&gt;</a>&nbsp;&nbsp;&nbsp;ena_dis_touch
<LI><a href="#[cc]">&gt;&gt;</a>&nbsp;&nbsp;&nbsp;__2sprintf
<LI><a href="#[ca]">&gt;&gt;</a>&nbsp;&nbsp;&nbsp;atoi
</UL>
<BR>[Address Reference Count : 1]<UL><LI> uart.o(.constdata)
</UL>
<P><STRONG><a name="[50]"></a>cmd_set_real_time</STRONG> (Thumb, 88 bytes, Stack size 40 bytes, uart.o(.text))
<BR><BR>[Stack]<UL><LI>Max Depth = 176 + Unknown Stack Size
<LI>Call Chain = cmd_set_real_time &rArr; __2sprintf &rArr; _printf_char_common &rArr; __printf
</UL>
<BR>[Calls]<UL><LI><a href="#[c8]">&gt;&gt;</a>&nbsp;&nbsp;&nbsp;uart_putString
<LI><a href="#[cc]">&gt;&gt;</a>&nbsp;&nbsp;&nbsp;__2sprintf
<LI><a href="#[d6]">&gt;&gt;</a>&nbsp;&nbsp;&nbsp;__aeabi_memclr4
<LI><a href="#[d9]">&gt;&gt;</a>&nbsp;&nbsp;&nbsp;strcat
</UL>
<BR>[Address Reference Count : 1]<UL><LI> uart.o(.constdata)
</UL>
<P><STRONG><a name="[da]"></a>repeat_IR</STRONG> (Thumb, 228 bytes, Stack size 48 bytes, uart.o(.text))
<BR><BR>[Stack]<UL><LI>Max Depth = 648 + Unknown Stack Size
<LI>Call Chain = repeat_IR &rArr; cmd_ir_send &rArr; send_ir &rArr; read_ir &rArr; fopen &rArr; freopen &rArr; _sys_open &rArr; __sys_open &rArr; fat_find &rArr; fat_find_dir &rArr; write_entries &rArr; check_name &rArr; search_for_name &rArr; set_next_clus &rArr; cache_fat
</UL>
<BR>[Calls]<UL><LI><a href="#[46]">&gt;&gt;</a>&nbsp;&nbsp;&nbsp;cmd_ir_send
<LI><a href="#[dd]">&gt;&gt;</a>&nbsp;&nbsp;&nbsp;beep
<LI><a href="#[c8]">&gt;&gt;</a>&nbsp;&nbsp;&nbsp;uart_putString
<LI><a href="#[dc]">&gt;&gt;</a>&nbsp;&nbsp;&nbsp;NVIC_DisableIRQ
<LI><a href="#[c7]">&gt;&gt;</a>&nbsp;&nbsp;&nbsp;NVIC_EnableIRQ
<LI><a href="#[bd]">&gt;&gt;</a>&nbsp;&nbsp;&nbsp;timer_poll
<LI><a href="#[cb]">&gt;&gt;</a>&nbsp;&nbsp;&nbsp;__aeabi_memclr
<LI><a href="#[d9]">&gt;&gt;</a>&nbsp;&nbsp;&nbsp;strcat
<LI><a href="#[db]">&gt;&gt;</a>&nbsp;&nbsp;&nbsp;strstr
</UL>
<BR>[Called By]<UL><LI><a href="#[4b]">&gt;&gt;</a>&nbsp;&nbsp;&nbsp;cmd_rcv_touch
</UL>

<P><STRONG><a name="[4b]"></a>cmd_rcv_touch</STRONG> (Thumb, 1206 bytes, Stack size 96 bytes, uart.o(.text))
<BR><BR>[Stack]<UL><LI>Max Depth = 744 + Unknown Stack Size
<LI>Call Chain = cmd_rcv_touch &rArr; repeat_IR &rArr; cmd_ir_send &rArr; send_ir &rArr; read_ir &rArr; fopen &rArr; freopen &rArr; _sys_open &rArr; __sys_open &rArr; fat_find &rArr; fat_find_dir &rArr; write_entries &rArr; check_name &rArr; search_for_name &rArr; set_next_clus &rArr; cache_fat
</UL>
<BR>[Calls]<UL><LI><a href="#[46]">&gt;&gt;</a>&nbsp;&nbsp;&nbsp;cmd_ir_send
<LI><a href="#[dd]">&gt;&gt;</a>&nbsp;&nbsp;&nbsp;beep
<LI><a href="#[de]">&gt;&gt;</a>&nbsp;&nbsp;&nbsp;atualiza_saidas
<LI><a href="#[da]">&gt;&gt;</a>&nbsp;&nbsp;&nbsp;repeat_IR
<LI><a href="#[c8]">&gt;&gt;</a>&nbsp;&nbsp;&nbsp;uart_putString
<LI><a href="#[dc]">&gt;&gt;</a>&nbsp;&nbsp;&nbsp;NVIC_DisableIRQ
<LI><a href="#[cc]">&gt;&gt;</a>&nbsp;&nbsp;&nbsp;__2sprintf
<LI><a href="#[ae]">&gt;&gt;</a>&nbsp;&nbsp;&nbsp;__2printf
<LI><a href="#[d6]">&gt;&gt;</a>&nbsp;&nbsp;&nbsp;__aeabi_memclr4
<LI><a href="#[d9]">&gt;&gt;</a>&nbsp;&nbsp;&nbsp;strcat
<LI><a href="#[d7]">&gt;&gt;</a>&nbsp;&nbsp;&nbsp;strcpy
<LI><a href="#[af]">&gt;&gt;</a>&nbsp;&nbsp;&nbsp;fflush
<LI><a href="#[ca]">&gt;&gt;</a>&nbsp;&nbsp;&nbsp;atoi
</UL>
<BR>[Address Reference Count : 1]<UL><LI> uart.o(.constdata)
</UL>
<P><STRONG><a name="[4c]"></a>cmd_scene</STRONG> (Thumb, 920 bytes, Stack size 56 bytes, uart.o(.text))
<BR><BR>[Stack]<UL><LI>Max Depth = 560 + Unknown Stack Size
<LI>Call Chain = cmd_scene &rArr; init_scene &rArr; read_scene &rArr; fopen &rArr; freopen &rArr; _sys_open &rArr; __sys_open &rArr; fat_find &rArr; fat_find_dir &rArr; write_entries &rArr; check_name &rArr; search_for_name &rArr; set_next_clus &rArr; cache_fat
</UL>
<BR>[Calls]<UL><LI><a href="#[e3]">&gt;&gt;</a>&nbsp;&nbsp;&nbsp;save_scene
<LI><a href="#[e0]">&gt;&gt;</a>&nbsp;&nbsp;&nbsp;read_scene
<LI><a href="#[c8]">&gt;&gt;</a>&nbsp;&nbsp;&nbsp;uart_putString
<LI><a href="#[b8]">&gt;&gt;</a>&nbsp;&nbsp;&nbsp;init_scene
<LI><a href="#[cc]">&gt;&gt;</a>&nbsp;&nbsp;&nbsp;__2sprintf
<LI><a href="#[ae]">&gt;&gt;</a>&nbsp;&nbsp;&nbsp;__2printf
<LI><a href="#[e1]">&gt;&gt;</a>&nbsp;&nbsp;&nbsp;strcmp
<LI><a href="#[df]">&gt;&gt;</a>&nbsp;&nbsp;&nbsp;strncpy
<LI><a href="#[d6]">&gt;&gt;</a>&nbsp;&nbsp;&nbsp;__aeabi_memclr4
<LI><a href="#[e2]">&gt;&gt;</a>&nbsp;&nbsp;&nbsp;strlen
<LI><a href="#[d7]">&gt;&gt;</a>&nbsp;&nbsp;&nbsp;strcpy
<LI><a href="#[db]">&gt;&gt;</a>&nbsp;&nbsp;&nbsp;strstr
<LI><a href="#[af]">&gt;&gt;</a>&nbsp;&nbsp;&nbsp;fflush
</UL>
<BR>[Called By]<UL><LI><a href="#[12e]">&gt;&gt;</a>&nbsp;&nbsp;&nbsp;udp_callback
</UL>
<BR>[Address Reference Count : 1]<UL><LI> uart.o(.constdata)
</UL>
<P><STRONG><a name="[4d]"></a>cmd_run_scene</STRONG> (Thumb, 86 bytes, Stack size 16 bytes, uart.o(.text))
<BR><BR>[Stack]<UL><LI>Max Depth = 152 + Unknown Stack Size
<LI>Call Chain = cmd_run_scene &rArr; __2sprintf &rArr; _printf_char_common &rArr; __printf
</UL>
<BR>[Calls]<UL><LI><a href="#[c8]">&gt;&gt;</a>&nbsp;&nbsp;&nbsp;uart_putString
<LI><a href="#[cc]">&gt;&gt;</a>&nbsp;&nbsp;&nbsp;__2sprintf
<LI><a href="#[d7]">&gt;&gt;</a>&nbsp;&nbsp;&nbsp;strcpy
<LI><a href="#[ca]">&gt;&gt;</a>&nbsp;&nbsp;&nbsp;atoi
</UL>
<BR>[Address Reference Count : 1]<UL><LI> uart.o(.constdata)
</UL>
<P><STRONG><a name="[55]"></a>cmd_ena_dis_func</STRONG> (Thumb, 100 bytes, Stack size 16 bytes, uart.o(.text))
<BR><BR>[Stack]<UL><LI>Max Depth = 5672 + Unknown Stack Size
<LI>Call Chain = cmd_ena_dis_func &rArr; fwrite_line &rArr; fopen &rArr; freopen &rArr; _sys_open &rArr; __sys_open &rArr; fat_find &rArr; fat_find_dir &rArr; write_entries &rArr; check_name &rArr; search_for_name &rArr; set_next_clus &rArr; cache_fat
</UL>
<BR>[Calls]<UL><LI><a href="#[cd]">&gt;&gt;</a>&nbsp;&nbsp;&nbsp;fwrite_line
<LI><a href="#[cc]">&gt;&gt;</a>&nbsp;&nbsp;&nbsp;__2sprintf
<LI><a href="#[ca]">&gt;&gt;</a>&nbsp;&nbsp;&nbsp;atoi
</UL>
<BR>[Address Reference Count : 1]<UL><LI> uart.o(.constdata)
</UL>
<P><STRONG><a name="[54]"></a>cmd_rel</STRONG> (Thumb, 120 bytes, Stack size 8 bytes, uart.o(.text))
<BR><BR>[Stack]<UL><LI>Max Depth = 216 + Unknown Stack Size
<LI>Call Chain = cmd_rel &rArr; fflush &rArr; _do_fflush &rArr; _fflush &rArr; _writebuf &rArr; _sys_write &rArr; __sys_write &rArr; fat_write &rArr; write_fat_link &rArr; cache_fat
</UL>
<BR>[Calls]<UL><LI><a href="#[c8]">&gt;&gt;</a>&nbsp;&nbsp;&nbsp;uart_putString
<LI><a href="#[cc]">&gt;&gt;</a>&nbsp;&nbsp;&nbsp;__2sprintf
<LI><a href="#[ae]">&gt;&gt;</a>&nbsp;&nbsp;&nbsp;__2printf
<LI><a href="#[af]">&gt;&gt;</a>&nbsp;&nbsp;&nbsp;fflush
</UL>
<BR>[Address Reference Count : 1]<UL><LI> uart.o(.constdata)
</UL>
<P><STRONG><a name="[4e]"></a>cmd_msg_dimmer</STRONG> (Thumb, 10 bytes, Stack size 0 bytes, uart.o(.text))
<BR><BR>[Stack]<UL><LI>Max Depth = 136 + Unknown Stack Size
<LI>Call Chain = cmd_msg_dimmer &rArr; __2sprintf &rArr; _printf_char_common &rArr; __printf
</UL>
<BR>[Calls]<UL><LI><a href="#[cc]">&gt;&gt;</a>&nbsp;&nbsp;&nbsp;__2sprintf
</UL>
<BR>[Address Reference Count : 1]<UL><LI> uart.o(.constdata)
</UL>
<P><STRONG><a name="[be]"></a>cmd_task</STRONG> (Thumb, 350 bytes, Stack size 40 bytes, uart.o(.text))
<BR><BR>[Stack]<UL><LI>Max Depth = 248 + Unknown Stack Size
<LI>Call Chain = cmd_task &rArr; tcpSend &rArr; tcp_connect &rArr; tcp_send_ctrl &rArr; tcp_send_frame &rArr; ip_send_frame &rArr; dispatch_frame &rArr; eth_send_frame &rArr; arp_cache_find &rArr; arp_send_req &rArr; alloc_mem
</UL>
<BR>[Calls]<UL><LI><a href="#[e6]">&gt;&gt;</a>&nbsp;&nbsp;&nbsp;tcpSend
<LI><a href="#[dd]">&gt;&gt;</a>&nbsp;&nbsp;&nbsp;beep
<LI><a href="#[c8]">&gt;&gt;</a>&nbsp;&nbsp;&nbsp;uart_putString
<LI><a href="#[e4]">&gt;&gt;</a>&nbsp;&nbsp;&nbsp;get_entry
<LI><a href="#[c7]">&gt;&gt;</a>&nbsp;&nbsp;&nbsp;NVIC_EnableIRQ
<LI><a href="#[cc]">&gt;&gt;</a>&nbsp;&nbsp;&nbsp;__2sprintf
<LI><a href="#[ae]">&gt;&gt;</a>&nbsp;&nbsp;&nbsp;__2printf
<LI><a href="#[e5]">&gt;&gt;</a>&nbsp;&nbsp;&nbsp;toupper
<LI><a href="#[e1]">&gt;&gt;</a>&nbsp;&nbsp;&nbsp;strcmp
<LI><a href="#[cb]">&gt;&gt;</a>&nbsp;&nbsp;&nbsp;__aeabi_memclr
<LI><a href="#[d9]">&gt;&gt;</a>&nbsp;&nbsp;&nbsp;strcat
<LI><a href="#[e2]">&gt;&gt;</a>&nbsp;&nbsp;&nbsp;strlen
<LI><a href="#[af]">&gt;&gt;</a>&nbsp;&nbsp;&nbsp;fflush
</UL>
<BR>[Called By]<UL><LI><a href="#[89]">&gt;&gt;</a>&nbsp;&nbsp;&nbsp;main
</UL>

<P><STRONG><a name="[bd]"></a>timer_poll</STRONG> (Thumb, 122 bytes, Stack size 0 bytes, timer.o(.text))
<BR><BR>[Calls]<UL><LI><a href="#[e7]">&gt;&gt;</a>&nbsp;&nbsp;&nbsp;timer_tick
</UL>
<BR>[Called By]<UL><LI><a href="#[da]">&gt;&gt;</a>&nbsp;&nbsp;&nbsp;repeat_IR
<LI><a href="#[89]">&gt;&gt;</a>&nbsp;&nbsp;&nbsp;main
</UL>

<P><STRONG><a name="[242]"></a>delayMs</STRONG> (Thumb, 70 bytes, Stack size 16 bytes, timer.o(.text), UNUSED)

<P><STRONG><a name="[16]"></a>TIMER0_IRQHandler</STRONG> (Thumb, 128 bytes, Stack size 16 bytes, timer.o(.text))
<BR><BR>[Stack]<UL><LI>Max Depth = 224 + Unknown Stack Size
<LI>Call Chain = TIMER0_IRQHandler &rArr; fflush &rArr; _do_fflush &rArr; _fflush &rArr; _writebuf &rArr; _sys_write &rArr; __sys_write &rArr; fat_write &rArr; write_fat_link &rArr; cache_fat
</UL>
<BR>[Calls]<UL><LI><a href="#[e8]">&gt;&gt;</a>&nbsp;&nbsp;&nbsp;NVIC_EnableIRQ
<LI><a href="#[de]">&gt;&gt;</a>&nbsp;&nbsp;&nbsp;atualiza_saidas
<LI><a href="#[ae]">&gt;&gt;</a>&nbsp;&nbsp;&nbsp;__2printf
<LI><a href="#[af]">&gt;&gt;</a>&nbsp;&nbsp;&nbsp;fflush
<LI><a href="#[ca]">&gt;&gt;</a>&nbsp;&nbsp;&nbsp;atoi
</UL>
<BR>[Address Reference Count : 1]<UL><LI> startup_lpc17xx.o(RESET)
</UL>
<P><STRONG><a name="[17]"></a>TIMER1_IRQHandler</STRONG> (Thumb, 24 bytes, Stack size 0 bytes, timer.o(.text))
<BR>[Address Reference Count : 1]<UL><LI> startup_lpc17xx.o(RESET)
</UL>
<P><STRONG><a name="[ea]"></a>reset_timer</STRONG> (Thumb, 20 bytes, Stack size 0 bytes, timer.o(.text))
<BR><BR>[Called By]<UL><LI><a href="#[e9]">&gt;&gt;</a>&nbsp;&nbsp;&nbsp;enable_timer
</UL>

<P><STRONG><a name="[e9]"></a>enable_timer</STRONG> (Thumb, 50 bytes, Stack size 8 bytes, timer.o(.text))
<BR><BR>[Stack]<UL><LI>Max Depth = 8<LI>Call Chain = enable_timer
</UL>
<BR>[Calls]<UL><LI><a href="#[ea]">&gt;&gt;</a>&nbsp;&nbsp;&nbsp;reset_timer
<LI><a href="#[e8]">&gt;&gt;</a>&nbsp;&nbsp;&nbsp;NVIC_EnableIRQ
</UL>
<BR>[Called By]<UL><LI><a href="#[114]">&gt;&gt;</a>&nbsp;&nbsp;&nbsp;learn_ir
<LI><a href="#[110]">&gt;&gt;</a>&nbsp;&nbsp;&nbsp;send_ir
<LI><a href="#[ed]">&gt;&gt;</a>&nbsp;&nbsp;&nbsp;get_new_ir
<LI><a href="#[b9]">&gt;&gt;</a>&nbsp;&nbsp;&nbsp;init_timer
</UL>

<P><STRONG><a name="[eb]"></a>disable_timer</STRONG> (Thumb, 24 bytes, Stack size 0 bytes, timer.o(.text))
<BR><BR>[Calls]<UL><LI><a href="#[ec]">&gt;&gt;</a>&nbsp;&nbsp;&nbsp;NVIC_DisableIRQ
</UL>
<BR>[Called By]<UL><LI><a href="#[114]">&gt;&gt;</a>&nbsp;&nbsp;&nbsp;learn_ir
<LI><a href="#[110]">&gt;&gt;</a>&nbsp;&nbsp;&nbsp;send_ir
<LI><a href="#[ed]">&gt;&gt;</a>&nbsp;&nbsp;&nbsp;get_new_ir
</UL>

<P><STRONG><a name="[b9]"></a>init_timer</STRONG> (Thumb, 70 bytes, Stack size 16 bytes, timer.o(.text))
<BR><BR>[Stack]<UL><LI>Max Depth = 24<LI>Call Chain = init_timer &rArr; enable_timer
</UL>
<BR>[Calls]<UL><LI><a href="#[e9]">&gt;&gt;</a>&nbsp;&nbsp;&nbsp;enable_timer
<LI><a href="#[ec]">&gt;&gt;</a>&nbsp;&nbsp;&nbsp;NVIC_DisableIRQ
</UL>
<BR>[Called By]<UL><LI><a href="#[89]">&gt;&gt;</a>&nbsp;&nbsp;&nbsp;main
</UL>

<P><STRONG><a name="[ed]"></a>get_new_ir</STRONG> (Thumb, 824 bytes, Stack size 104 bytes, extint.o(.text))
<BR><BR>[Stack]<UL><LI>Max Depth = 528 + Unknown Stack Size
<LI>Call Chain = get_new_ir &rArr; fopen &rArr; freopen &rArr; _sys_open &rArr; __sys_open &rArr; fat_find &rArr; fat_find_dir &rArr; write_entries &rArr; check_name &rArr; search_for_name &rArr; set_next_clus &rArr; cache_fat
</UL>
<BR>[Calls]<UL><LI><a href="#[f1]">&gt;&gt;</a>&nbsp;&nbsp;&nbsp;exe_scene
<LI><a href="#[eb]">&gt;&gt;</a>&nbsp;&nbsp;&nbsp;disable_timer
<LI><a href="#[e9]">&gt;&gt;</a>&nbsp;&nbsp;&nbsp;enable_timer
<LI><a href="#[cc]">&gt;&gt;</a>&nbsp;&nbsp;&nbsp;__2sprintf
<LI><a href="#[ae]">&gt;&gt;</a>&nbsp;&nbsp;&nbsp;__2printf
<LI><a href="#[d3]">&gt;&gt;</a>&nbsp;&nbsp;&nbsp;__aeabi_cdrcmple
<LI><a href="#[d1]">&gt;&gt;</a>&nbsp;&nbsp;&nbsp;__aeabi_dmul
<LI><a href="#[d5]">&gt;&gt;</a>&nbsp;&nbsp;&nbsp;__aeabi_cdcmple
<LI><a href="#[d0]">&gt;&gt;</a>&nbsp;&nbsp;&nbsp;__aeabi_ui2d
<LI><a href="#[d2]">&gt;&gt;</a>&nbsp;&nbsp;&nbsp;__aeabi_drsub
<LI><a href="#[d4]">&gt;&gt;</a>&nbsp;&nbsp;&nbsp;__aeabi_dadd
<LI><a href="#[d6]">&gt;&gt;</a>&nbsp;&nbsp;&nbsp;__aeabi_memclr4
<LI><a href="#[ce]">&gt;&gt;</a>&nbsp;&nbsp;&nbsp;__aeabi_memset
<LI><a href="#[cf]">&gt;&gt;</a>&nbsp;&nbsp;&nbsp;__aeabi_memcpy
<LI><a href="#[f0]">&gt;&gt;</a>&nbsp;&nbsp;&nbsp;fclose
<LI><a href="#[ee]">&gt;&gt;</a>&nbsp;&nbsp;&nbsp;fopen
<LI><a href="#[ef]">&gt;&gt;</a>&nbsp;&nbsp;&nbsp;fgetc
<LI><a href="#[af]">&gt;&gt;</a>&nbsp;&nbsp;&nbsp;fflush
<LI><a href="#[ca]">&gt;&gt;</a>&nbsp;&nbsp;&nbsp;atoi
</UL>
<BR>[Called By]<UL><LI><a href="#[c5]">&gt;&gt;</a>&nbsp;&nbsp;&nbsp;ext_task
</UL>

<P><STRONG><a name="[c5]"></a>ext_task</STRONG> (Thumb, 118 bytes, Stack size 16 bytes, extint.o(.text))
<BR><BR>[Stack]<UL><LI>Max Depth = 544 + Unknown Stack Size
<LI>Call Chain = ext_task &rArr; get_new_ir &rArr; fopen &rArr; freopen &rArr; _sys_open &rArr; __sys_open &rArr; fat_find &rArr; fat_find_dir &rArr; write_entries &rArr; check_name &rArr; search_for_name &rArr; set_next_clus &rArr; cache_fat
</UL>
<BR>[Calls]<UL><LI><a href="#[ed]">&gt;&gt;</a>&nbsp;&nbsp;&nbsp;get_new_ir
<LI><a href="#[f2]">&gt;&gt;</a>&nbsp;&nbsp;&nbsp;NVIC_DisableIRQ
<LI><a href="#[f3]">&gt;&gt;</a>&nbsp;&nbsp;&nbsp;NVIC_EnableIRQ
<LI><a href="#[ca]">&gt;&gt;</a>&nbsp;&nbsp;&nbsp;atoi
</UL>
<BR>[Called By]<UL><LI><a href="#[89]">&gt;&gt;</a>&nbsp;&nbsp;&nbsp;main
</UL>

<P><STRONG><a name="[27]"></a>EINT0_IRQHandler</STRONG> (Thumb, 2 bytes, Stack size 0 bytes, extint.o(.text))
<BR>[Address Reference Count : 1]<UL><LI> startup_lpc17xx.o(RESET)
</UL>
<P><STRONG><a name="[28]"></a>EINT1_IRQHandler</STRONG> (Thumb, 2 bytes, Stack size 0 bytes, extint.o(.text))
<BR>[Address Reference Count : 1]<UL><LI> startup_lpc17xx.o(RESET)
</UL>
<P><STRONG><a name="[29]"></a>EINT2_IRQHandler</STRONG> (Thumb, 2 bytes, Stack size 0 bytes, extint.o(.text))
<BR>[Address Reference Count : 1]<UL><LI> startup_lpc17xx.o(RESET)
</UL>
<P><STRONG><a name="[2a]"></a>EINT3_IRQHandler</STRONG> (Thumb, 20 bytes, Stack size 0 bytes, extint.o(.text))
<BR>[Address Reference Count : 1]<UL><LI> startup_lpc17xx.o(RESET)
</UL>
<P><STRONG><a name="[ba]"></a>Init_EINT</STRONG> (Thumb, 34 bytes, Stack size 8 bytes, extint.o(.text))
<BR><BR>[Stack]<UL><LI>Max Depth = 8<LI>Call Chain = Init_EINT
</UL>
<BR>[Calls]<UL><LI><a href="#[f3]">&gt;&gt;</a>&nbsp;&nbsp;&nbsp;NVIC_EnableIRQ
</UL>
<BR>[Called By]<UL><LI><a href="#[89]">&gt;&gt;</a>&nbsp;&nbsp;&nbsp;main
</UL>

<P><STRONG><a name="[b3]"></a>init_msd</STRONG> (Thumb, 56 bytes, Stack size 8 bytes, msd_sd_file.o(.text))
<BR><BR>[Stack]<UL><LI>Max Depth = 216 + Unknown Stack Size
<LI>Call Chain = init_msd &rArr; fflush &rArr; _do_fflush &rArr; _fflush &rArr; _writebuf &rArr; _sys_write &rArr; __sys_write &rArr; fat_write &rArr; write_fat_link &rArr; cache_fat
</UL>
<BR>[Calls]<UL><LI><a href="#[f4]">&gt;&gt;</a>&nbsp;&nbsp;&nbsp;finit
<LI><a href="#[ae]">&gt;&gt;</a>&nbsp;&nbsp;&nbsp;__2printf
<LI><a href="#[af]">&gt;&gt;</a>&nbsp;&nbsp;&nbsp;fflush
</UL>
<BR>[Called By]<UL><LI><a href="#[c2]">&gt;&gt;</a>&nbsp;&nbsp;&nbsp;file_task
<LI><a href="#[89]">&gt;&gt;</a>&nbsp;&nbsp;&nbsp;main
</UL>

<P><STRONG><a name="[f5]"></a>fread_line</STRONG> (Thumb, 92 bytes, Stack size 24 bytes, msd_sd_file.o(.text))
<BR><BR>[Stack]<UL><LI>Max Depth = 448<LI>Call Chain = fread_line &rArr; fopen &rArr; freopen &rArr; _sys_open &rArr; __sys_open &rArr; fat_find &rArr; fat_find_dir &rArr; write_entries &rArr; check_name &rArr; search_for_name &rArr; set_next_clus &rArr; cache_fat
</UL>
<BR>[Calls]<UL><LI><a href="#[f0]">&gt;&gt;</a>&nbsp;&nbsp;&nbsp;fclose
<LI><a href="#[ee]">&gt;&gt;</a>&nbsp;&nbsp;&nbsp;fopen
<LI><a href="#[ef]">&gt;&gt;</a>&nbsp;&nbsp;&nbsp;fgetc
</UL>
<BR>[Called By]<UL><LI><a href="#[f7]">&gt;&gt;</a>&nbsp;&nbsp;&nbsp;read_cfg_tcp
<LI><a href="#[f6]">&gt;&gt;</a>&nbsp;&nbsp;&nbsp;read_file_cfg
</UL>

<P><STRONG><a name="[f6]"></a>read_file_cfg</STRONG> (Thumb, 264 bytes, Stack size 16 bytes, msd_sd_file.o(.text))
<BR><BR>[Stack]<UL><LI>Max Depth = 464 + Unknown Stack Size
<LI>Call Chain = read_file_cfg &rArr; fread_line &rArr; fopen &rArr; freopen &rArr; _sys_open &rArr; __sys_open &rArr; fat_find &rArr; fat_find_dir &rArr; write_entries &rArr; check_name &rArr; search_for_name &rArr; set_next_clus &rArr; cache_fat
</UL>
<BR>[Calls]<UL><LI><a href="#[f5]">&gt;&gt;</a>&nbsp;&nbsp;&nbsp;fread_line
<LI><a href="#[ae]">&gt;&gt;</a>&nbsp;&nbsp;&nbsp;__2printf
<LI><a href="#[d7]">&gt;&gt;</a>&nbsp;&nbsp;&nbsp;strcpy
<LI><a href="#[f0]">&gt;&gt;</a>&nbsp;&nbsp;&nbsp;fclose
<LI><a href="#[ee]">&gt;&gt;</a>&nbsp;&nbsp;&nbsp;fopen
<LI><a href="#[af]">&gt;&gt;</a>&nbsp;&nbsp;&nbsp;fflush
<LI><a href="#[ca]">&gt;&gt;</a>&nbsp;&nbsp;&nbsp;atoi
</UL>
<BR>[Called By]<UL><LI><a href="#[c4]">&gt;&gt;</a>&nbsp;&nbsp;&nbsp;tcp_task
<LI><a href="#[b4]">&gt;&gt;</a>&nbsp;&nbsp;&nbsp;init_file
<LI><a href="#[c2]">&gt;&gt;</a>&nbsp;&nbsp;&nbsp;file_task
</UL>

<P><STRONG><a name="[f7]"></a>read_cfg_tcp</STRONG> (Thumb, 1268 bytes, Stack size 72 bytes, msd_sd_file.o(.text))
<BR><BR>[Stack]<UL><LI>Max Depth = 520 + Unknown Stack Size
<LI>Call Chain = read_cfg_tcp &rArr; fread_line &rArr; fopen &rArr; freopen &rArr; _sys_open &rArr; __sys_open &rArr; fat_find &rArr; fat_find_dir &rArr; write_entries &rArr; check_name &rArr; search_for_name &rArr; set_next_clus &rArr; cache_fat
</UL>
<BR>[Calls]<UL><LI><a href="#[f5]">&gt;&gt;</a>&nbsp;&nbsp;&nbsp;fread_line
<LI><a href="#[cc]">&gt;&gt;</a>&nbsp;&nbsp;&nbsp;__2sprintf
<LI><a href="#[ae]">&gt;&gt;</a>&nbsp;&nbsp;&nbsp;__2printf
<LI><a href="#[ab]">&gt;&gt;</a>&nbsp;&nbsp;&nbsp;tolower
<LI><a href="#[d7]">&gt;&gt;</a>&nbsp;&nbsp;&nbsp;strcpy
<LI><a href="#[f0]">&gt;&gt;</a>&nbsp;&nbsp;&nbsp;fclose
<LI><a href="#[ee]">&gt;&gt;</a>&nbsp;&nbsp;&nbsp;fopen
<LI><a href="#[af]">&gt;&gt;</a>&nbsp;&nbsp;&nbsp;fflush
</UL>
<BR>[Called By]<UL><LI><a href="#[b4]">&gt;&gt;</a>&nbsp;&nbsp;&nbsp;init_file
<LI><a href="#[c2]">&gt;&gt;</a>&nbsp;&nbsp;&nbsp;file_task
</UL>

<P><STRONG><a name="[b4]"></a>init_file</STRONG> (Thumb, 258 bytes, Stack size 32 bytes, msd_sd_file.o(.text))
<BR><BR>[Stack]<UL><LI>Max Depth = 552 + Unknown Stack Size
<LI>Call Chain = init_file &rArr; read_cfg_tcp &rArr; fread_line &rArr; fopen &rArr; freopen &rArr; _sys_open &rArr; __sys_open &rArr; fat_find &rArr; fat_find_dir &rArr; write_entries &rArr; check_name &rArr; search_for_name &rArr; set_next_clus &rArr; cache_fat
</UL>
<BR>[Calls]<UL><LI><a href="#[f7]">&gt;&gt;</a>&nbsp;&nbsp;&nbsp;read_cfg_tcp
<LI><a href="#[f6]">&gt;&gt;</a>&nbsp;&nbsp;&nbsp;read_file_cfg
<LI><a href="#[ae]">&gt;&gt;</a>&nbsp;&nbsp;&nbsp;__2printf
<LI><a href="#[af]">&gt;&gt;</a>&nbsp;&nbsp;&nbsp;fflush
<LI><a href="#[ca]">&gt;&gt;</a>&nbsp;&nbsp;&nbsp;atoi
</UL>
<BR>[Called By]<UL><LI><a href="#[89]">&gt;&gt;</a>&nbsp;&nbsp;&nbsp;main
</UL>

<P><STRONG><a name="[c2]"></a>file_task</STRONG> (Thumb, 1212 bytes, Stack size 392 bytes, msd_sd_file.o(.text))
<BR><BR>[Stack]<UL><LI>Max Depth = 912 + Unknown Stack Size
<LI>Call Chain = file_task &rArr; read_cfg_tcp &rArr; fread_line &rArr; fopen &rArr; freopen &rArr; _sys_open &rArr; __sys_open &rArr; fat_find &rArr; fat_find_dir &rArr; write_entries &rArr; check_name &rArr; search_for_name &rArr; set_next_clus &rArr; cache_fat
</UL>
<BR>[Calls]<UL><LI><a href="#[f7]">&gt;&gt;</a>&nbsp;&nbsp;&nbsp;read_cfg_tcp
<LI><a href="#[f6]">&gt;&gt;</a>&nbsp;&nbsp;&nbsp;read_file_cfg
<LI><a href="#[dd]">&gt;&gt;</a>&nbsp;&nbsp;&nbsp;beep
<LI><a href="#[c8]">&gt;&gt;</a>&nbsp;&nbsp;&nbsp;uart_putString
<LI><a href="#[b8]">&gt;&gt;</a>&nbsp;&nbsp;&nbsp;init_scene
<LI><a href="#[b3]">&gt;&gt;</a>&nbsp;&nbsp;&nbsp;init_msd
<LI><a href="#[cc]">&gt;&gt;</a>&nbsp;&nbsp;&nbsp;__2sprintf
<LI><a href="#[ae]">&gt;&gt;</a>&nbsp;&nbsp;&nbsp;__2printf
<LI><a href="#[e1]">&gt;&gt;</a>&nbsp;&nbsp;&nbsp;strcmp
<LI><a href="#[d6]">&gt;&gt;</a>&nbsp;&nbsp;&nbsp;__aeabi_memclr4
<LI><a href="#[d7]">&gt;&gt;</a>&nbsp;&nbsp;&nbsp;strcpy
<LI><a href="#[af]">&gt;&gt;</a>&nbsp;&nbsp;&nbsp;fflush
<LI><a href="#[ca]">&gt;&gt;</a>&nbsp;&nbsp;&nbsp;atoi
</UL>
<BR>[Called By]<UL><LI><a href="#[89]">&gt;&gt;</a>&nbsp;&nbsp;&nbsp;main
</UL>

<P><STRONG><a name="[cd]"></a>fwrite_line</STRONG> (Thumb, 384 bytes, Stack size 5232 bytes, msd_sd_file.o(.text))
<BR><BR>[Stack]<UL><LI>Max Depth = 5656 + Unknown Stack Size
<LI>Call Chain = fwrite_line &rArr; fopen &rArr; freopen &rArr; _sys_open &rArr; __sys_open &rArr; fat_find &rArr; fat_find_dir &rArr; write_entries &rArr; check_name &rArr; search_for_name &rArr; set_next_clus &rArr; cache_fat
</UL>
<BR>[Calls]<UL><LI><a href="#[f8]">&gt;&gt;</a>&nbsp;&nbsp;&nbsp;__2fprintf
<LI><a href="#[ae]">&gt;&gt;</a>&nbsp;&nbsp;&nbsp;__2printf
<LI><a href="#[e1]">&gt;&gt;</a>&nbsp;&nbsp;&nbsp;strcmp
<LI><a href="#[d6]">&gt;&gt;</a>&nbsp;&nbsp;&nbsp;__aeabi_memclr4
<LI><a href="#[d9]">&gt;&gt;</a>&nbsp;&nbsp;&nbsp;strcat
<LI><a href="#[e2]">&gt;&gt;</a>&nbsp;&nbsp;&nbsp;strlen
<LI><a href="#[d7]">&gt;&gt;</a>&nbsp;&nbsp;&nbsp;strcpy
<LI><a href="#[f0]">&gt;&gt;</a>&nbsp;&nbsp;&nbsp;fclose
<LI><a href="#[ee]">&gt;&gt;</a>&nbsp;&nbsp;&nbsp;fopen
<LI><a href="#[ef]">&gt;&gt;</a>&nbsp;&nbsp;&nbsp;fgetc
<LI><a href="#[af]">&gt;&gt;</a>&nbsp;&nbsp;&nbsp;fflush
</UL>
<BR>[Called By]<UL><LI><a href="#[55]">&gt;&gt;</a>&nbsp;&nbsp;&nbsp;cmd_ena_dis_func
<LI><a href="#[d8]">&gt;&gt;</a>&nbsp;&nbsp;&nbsp;ena_dis_touch
<LI><a href="#[57]">&gt;&gt;</a>&nbsp;&nbsp;&nbsp;cmd_type_dim
<LI><a href="#[4f]">&gt;&gt;</a>&nbsp;&nbsp;&nbsp;cmd_ar_swing
<LI><a href="#[12e]">&gt;&gt;</a>&nbsp;&nbsp;&nbsp;udp_callback
</UL>

<P><STRONG><a name="[f9]"></a>sendchar</STRONG> (Thumb, 28 bytes, Stack size 8 bytes, retarget.o(.text))
<BR><BR>[Stack]<UL><LI>Max Depth = 8<LI>Call Chain = sendchar
</UL>
<BR>[Calls]<UL><LI><a href="#[c9]">&gt;&gt;</a>&nbsp;&nbsp;&nbsp;uart_putChar
</UL>
<BR>[Called By]<UL><LI><a href="#[101]">&gt;&gt;</a>&nbsp;&nbsp;&nbsp;_sys_write
<LI><a href="#[fc]">&gt;&gt;</a>&nbsp;&nbsp;&nbsp;_ttywrch
</UL>

<P><STRONG><a name="[fa]"></a>getkey</STRONG> (Thumb, 6 bytes, Stack size 0 bytes, retarget.o(.text))
<BR><BR>[Calls]<UL><LI><a href="#[fb]">&gt;&gt;</a>&nbsp;&nbsp;&nbsp;uart_getChar
</UL>
<BR>[Called By]<UL><LI><a href="#[103]">&gt;&gt;</a>&nbsp;&nbsp;&nbsp;_sys_read
</UL>

<P><STRONG><a name="[fc]"></a>_ttywrch</STRONG> (Thumb, 2 bytes, Stack size 0 bytes, retarget.o(.text))
<BR><BR>[Stack]<UL><LI>Max Depth = 8<LI>Call Chain = _ttywrch &rArr; sendchar
</UL>
<BR>[Calls]<UL><LI><a href="#[f9]">&gt;&gt;</a>&nbsp;&nbsp;&nbsp;sendchar
</UL>
<BR>[Called By]<UL><LI><a href="#[179]">&gt;&gt;</a>&nbsp;&nbsp;&nbsp;__default_signal_display
</UL>

<P><STRONG><a name="[fd]"></a>_sys_open</STRONG> (Thumb, 64 bytes, Stack size 16 bytes, retarget.o(.text))
<BR><BR>[Stack]<UL><LI>Max Depth = 376<LI>Call Chain = _sys_open &rArr; __sys_open &rArr; fat_find &rArr; fat_find_dir &rArr; write_entries &rArr; check_name &rArr; search_for_name &rArr; set_next_clus &rArr; cache_fat
</UL>
<BR>[Calls]<UL><LI><a href="#[fe]">&gt;&gt;</a>&nbsp;&nbsp;&nbsp;__sys_open
<LI><a href="#[e1]">&gt;&gt;</a>&nbsp;&nbsp;&nbsp;strcmp
</UL>
<BR>[Called By]<UL><LI><a href="#[154]">&gt;&gt;</a>&nbsp;&nbsp;&nbsp;freopen
</UL>

<P><STRONG><a name="[ff]"></a>_sys_close</STRONG> (Thumb, 14 bytes, Stack size 0 bytes, retarget.o(.text))
<BR><BR>[Stack]<UL><LI>Max Depth = 120<LI>Call Chain = _sys_close &rArr; __sys_close &rArr; fat_wclose &rArr; write_fsinfo &rArr; write_cache &rArr; write_sector
</UL>
<BR>[Calls]<UL><LI><a href="#[100]">&gt;&gt;</a>&nbsp;&nbsp;&nbsp;__sys_close
</UL>
<BR>[Called By]<UL><LI><a href="#[155]">&gt;&gt;</a>&nbsp;&nbsp;&nbsp;_fclose_internal
</UL>

<P><STRONG><a name="[101]"></a>_sys_write</STRONG> (Thumb, 54 bytes, Stack size 16 bytes, retarget.o(.text))
<BR><BR>[Stack]<UL><LI>Max Depth = 128<LI>Call Chain = _sys_write &rArr; __sys_write &rArr; fat_write &rArr; write_fat_link &rArr; cache_fat
</UL>
[...]
<LI><a href="#[186]">&gt;&gt;</a>&nbsp;&nbsp;&nbsp;fat_create
</UL>

<P><STRONG><a name="[1c6]"></a>find_name</STRONG> (Thumb, 6 bytes, Stack size 0 bytes, fs_fat.o(i.find_name))
<BR><BR>[Stack]<UL><LI>Max Depth = 136<LI>Call Chain = find_name &rArr; search_for_name &rArr; set_next_clus &rArr; cache_fat
</UL>
<BR>[Calls]<UL><LI><a href="#[1ad]">&gt;&gt;</a>&nbsp;&nbsp;&nbsp;search_for_name
</UL>
<BR>[Called By]<UL><LI><a href="#[1c4]">&gt;&gt;</a>&nbsp;&nbsp;&nbsp;fat_find_dir
<LI><a href="#[1d0]">&gt;&gt;</a>&nbsp;&nbsp;&nbsp;fat_rename
<LI><a href="#[184]">&gt;&gt;</a>&nbsp;&nbsp;&nbsp;fat_find
<LI><a href="#[185]">&gt;&gt;</a>&nbsp;&nbsp;&nbsp;fat_delete
</UL>

<P><STRONG><a name="[19c]"></a>get_EOC</STRONG> (Thumb, 36 bytes, Stack size 0 bytes, fs_fat.o(i.get_EOC))
<BR><BR>[Called By]<UL><LI><a href="#[197]">&gt;&gt;</a>&nbsp;&nbsp;&nbsp;alloc_new_clus
<LI><a href="#[17e]">&gt;&gt;</a>&nbsp;&nbsp;&nbsp;fat_wclose
</UL>

<P><STRONG><a name="[1cc]"></a>get_bootrec</STRONG> (Thumb, 126 bytes, Stack size 8 bytes, fs_fat.o(i.get_bootrec))
<BR><BR>[Stack]<UL><LI>Max Depth = 24<LI>Call Chain = get_bootrec &rArr; read_sector
</UL>
<BR>[Calls]<UL><LI><a href="#[19a]">&gt;&gt;</a>&nbsp;&nbsp;&nbsp;read_sector
<LI><a href="#[1cb]">&gt;&gt;</a>&nbsp;&nbsp;&nbsp;get_u32
</UL>
<BR>[Called By]<UL><LI><a href="#[1ca]">&gt;&gt;</a>&nbsp;&nbsp;&nbsp;fat_init
</UL>

<P><STRONG><a name="[1e5]"></a>get_date</STRONG> (Thumb, 44 bytes, Stack size 8 bytes, fs_fat.o(i.get_date))
<BR><BR>[Stack]<UL><LI>Max Depth = 8<LI>Call Chain = get_date
</UL>
<BR>[Calls]<UL><LI><a href="#[1e6]">&gt;&gt;</a>&nbsp;&nbsp;&nbsp;fs_get_date
</UL>
<BR>[Called By]<UL><LI><a href="#[1c5]">&gt;&gt;</a>&nbsp;&nbsp;&nbsp;write_entries
<LI><a href="#[1c9]">&gt;&gt;</a>&nbsp;&nbsp;&nbsp;write_dot_entries
</UL>

<P><STRONG><a name="[194]"></a>get_dir_sect</STRONG> (Thumb, 44 bytes, Stack size 8 bytes, fs_fat.o(i.get_dir_sect))
<BR><BR>[Stack]<UL><LI>Max Depth = 8<LI>Call Chain = get_dir_sect
</UL>
<BR>[Calls]<UL><LI><a href="#[199]">&gt;&gt;</a>&nbsp;&nbsp;&nbsp;clus_to_sect
</UL>
<BR>[Called By]<UL><LI><a href="#[1c5]">&gt;&gt;</a>&nbsp;&nbsp;&nbsp;write_entries
<LI><a href="#[1ad]">&gt;&gt;</a>&nbsp;&nbsp;&nbsp;search_for_name
<LI><a href="#[1d2]">&gt;&gt;</a>&nbsp;&nbsp;&nbsp;read_last_entry
<LI><a href="#[1c8]">&gt;&gt;</a>&nbsp;&nbsp;&nbsp;get_next_info
<LI><a href="#[1b5]">&gt;&gt;</a>&nbsp;&nbsp;&nbsp;delete_entries
<LI><a href="#[192]">&gt;&gt;</a>&nbsp;&nbsp;&nbsp;alloc_name
<LI><a href="#[17e]">&gt;&gt;</a>&nbsp;&nbsp;&nbsp;fat_wclose
</UL>

<P><STRONG><a name="[1b2]"></a>get_fat_sect</STRONG> (Thumb, 50 bytes, Stack size 0 bytes, fs_fat.o(i.get_fat_sect))
<BR><BR>[Called By]<UL><LI><a href="#[19d]">&gt;&gt;</a>&nbsp;&nbsp;&nbsp;write_fat_link
<LI><a href="#[1b7]">&gt;&gt;</a>&nbsp;&nbsp;&nbsp;unlink_clus_chain
<LI><a href="#[195]">&gt;&gt;</a>&nbsp;&nbsp;&nbsp;set_next_clus
<LI><a href="#[19b]">&gt;&gt;</a>&nbsp;&nbsp;&nbsp;get_free_clus
<LI><a href="#[1b1]">&gt;&gt;</a>&nbsp;&nbsp;&nbsp;count_free_clus
</UL>

<P><STRONG><a name="[19b]"></a>get_free_clus</STRONG> (Thumb, 206 bytes, Stack size 24 bytes, fs_fat.o(i.get_free_clus))
<BR><BR>[Stack]<UL><LI>Max Depth = 40<LI>Call Chain = get_free_clus &rArr; cache_fat
</UL>
<BR>[Calls]<UL><LI><a href="#[1cb]">&gt;&gt;</a>&nbsp;&nbsp;&nbsp;get_u32
<LI><a href="#[1b2]">&gt;&gt;</a>&nbsp;&nbsp;&nbsp;get_fat_sect
<LI><a href="#[19e]">&gt;&gt;</a>&nbsp;&nbsp;&nbsp;cache_fat
</UL>
<BR>[Called By]<UL><LI><a href="#[197]">&gt;&gt;</a>&nbsp;&nbsp;&nbsp;alloc_new_clus
<LI><a href="#[18e]">&gt;&gt;</a>&nbsp;&nbsp;&nbsp;fat_write
</UL>

<P><STRONG><a name="[1cd]"></a>get_fsinfo</STRONG> (Thumb, 112 bytes, Stack size 8 bytes, fs_fat.o(i.get_fsinfo))
<BR><BR>[Stack]<UL><LI>Max Depth = 24<LI>Call Chain = get_fsinfo &rArr; read_sector
</UL>
<BR>[Calls]<UL><LI><a href="#[19a]">&gt;&gt;</a>&nbsp;&nbsp;&nbsp;read_sector
<LI><a href="#[1cb]">&gt;&gt;</a>&nbsp;&nbsp;&nbsp;get_u32
</UL>
<BR>[Called By]<UL><LI><a href="#[1ca]">&gt;&gt;</a>&nbsp;&nbsp;&nbsp;fat_init
</UL>

<P><STRONG><a name="[1c8]"></a>get_next_info</STRONG> (Thumb, 442 bytes, Stack size 56 bytes, fs_fat.o(i.get_next_info))
<BR><BR>[Stack]<UL><LI>Max Depth = 96<LI>Call Chain = get_next_info &rArr; set_next_clus &rArr; cache_fat
</UL>
<BR>[Calls]<UL><LI><a href="#[195]">&gt;&gt;</a>&nbsp;&nbsp;&nbsp;set_next_clus
<LI><a href="#[19a]">&gt;&gt;</a>&nbsp;&nbsp;&nbsp;read_sector
<LI><a href="#[1e7]">&gt;&gt;</a>&nbsp;&nbsp;&nbsp;lfn_calc_chksum
<LI><a href="#[196]">&gt;&gt;</a>&nbsp;&nbsp;&nbsp;is_EOC
<LI><a href="#[194]">&gt;&gt;</a>&nbsp;&nbsp;&nbsp;get_dir_sect
<LI><a href="#[199]">&gt;&gt;</a>&nbsp;&nbsp;&nbsp;clus_to_sect
</UL>
<BR>[Called By]<UL><LI><a href="#[1c7]">&gt;&gt;</a>&nbsp;&nbsp;&nbsp;fat_ffind
</UL>

<P><STRONG><a name="[1e8]"></a>get_nt_name</STRONG> (Thumb, 394 bytes, Stack size 40 bytes, fs_fat.o(i.get_nt_name))
<BR><BR>[Stack]<UL><LI>Max Depth = 48<LI>Call Chain = get_nt_name &rArr; val_char
</UL>
<BR>[Calls]<UL><LI><a href="#[1b4]">&gt;&gt;</a>&nbsp;&nbsp;&nbsp;val_char
</UL>
<BR>[Called By]<UL><LI><a href="#[1c5]">&gt;&gt;</a>&nbsp;&nbsp;&nbsp;write_entries
</UL>

<P><STRONG><a name="[1e9]"></a>get_time</STRONG> (Thumb, 48 bytes, Stack size 8 bytes, fs_fat.o(i.get_time))
<BR><BR>[Stack]<UL><LI>Max Depth = 8<LI>Call Chain = get_time
</UL>
<BR>[Calls]<UL><LI><a href="#[1ea]">&gt;&gt;</a>&nbsp;&nbsp;&nbsp;fs_get_time
</UL>
<BR>[Called By]<UL><LI><a href="#[1c5]">&gt;&gt;</a>&nbsp;&nbsp;&nbsp;write_entries
<LI><a href="#[1c9]">&gt;&gt;</a>&nbsp;&nbsp;&nbsp;write_dot_entries
</UL>

<P><STRONG><a name="[1cb]"></a>get_u32</STRONG> (Thumb, 12 bytes, Stack size 0 bytes, fs_fat.o(i.get_u32))
<BR><BR>[Called By]<UL><LI><a href="#[19d]">&gt;&gt;</a>&nbsp;&nbsp;&nbsp;write_fat_link
<LI><a href="#[1b7]">&gt;&gt;</a>&nbsp;&nbsp;&nbsp;unlink_clus_chain
<LI><a href="#[1cd]">&gt;&gt;</a>&nbsp;&nbsp;&nbsp;get_fsinfo
<LI><a href="#[19b]">&gt;&gt;</a>&nbsp;&nbsp;&nbsp;get_free_clus
<LI><a href="#[1cc]">&gt;&gt;</a>&nbsp;&nbsp;&nbsp;get_bootrec
<LI><a href="#[1ca]">&gt;&gt;</a>&nbsp;&nbsp;&nbsp;fat_init
</UL>

<P><STRONG><a name="[196]"></a>is_EOC</STRONG> (Thumb, 50 bytes, Stack size 0 bytes, fs_fat.o(i.is_EOC))
<BR><BR>[Called By]<UL><LI><a href="#[1b7]">&gt;&gt;</a>&nbsp;&nbsp;&nbsp;unlink_clus_chain
<LI><a href="#[1ad]">&gt;&gt;</a>&nbsp;&nbsp;&nbsp;search_for_name
<LI><a href="#[1c8]">&gt;&gt;</a>&nbsp;&nbsp;&nbsp;get_next_info
<LI><a href="#[1ae]">&gt;&gt;</a>&nbsp;&nbsp;&nbsp;chk_dir_empty
<LI><a href="#[192]">&gt;&gt;</a>&nbsp;&nbsp;&nbsp;alloc_name
<LI><a href="#[18c]">&gt;&gt;</a>&nbsp;&nbsp;&nbsp;fat_seek
</UL>

<P><STRONG><a name="[1e7]"></a>lfn_calc_chksum</STRONG> (Thumb, 30 bytes, Stack size 0 bytes, fs_fat.o(i.lfn_calc_chksum))
<BR><BR>[Called By]<UL><LI><a href="#[1c5]">&gt;&gt;</a>&nbsp;&nbsp;&nbsp;write_entries
<LI><a href="#[1ad]">&gt;&gt;</a>&nbsp;&nbsp;&nbsp;search_for_name
<LI><a href="#[1c8]">&gt;&gt;</a>&nbsp;&nbsp;&nbsp;get_next_info
</UL>

<P><STRONG><a name="[1cf]"></a>read_cache</STRONG> (Thumb, 122 bytes, Stack size 16 bytes, fs_fat.o(i.read_cache))
<BR><BR>[Stack]<UL><LI>Max Depth = 32<LI>Call Chain = read_cache &rArr; read_sector
</UL>
<BR>[Calls]<UL><LI><a href="#[19a]">&gt;&gt;</a>&nbsp;&nbsp;&nbsp;read_sector
<LI><a href="#[cf]">&gt;&gt;</a>&nbsp;&nbsp;&nbsp;__aeabi_memcpy
</UL>
<BR>[Called By]<UL><LI><a href="#[18a]">&gt;&gt;</a>&nbsp;&nbsp;&nbsp;fat_read
</UL>

<P><STRONG><a name="[1d2]"></a>read_last_entry</STRONG> (Thumb, 54 bytes, Stack size 16 bytes, fs_fat.o(i.read_last_entry))
<BR><BR>[Stack]<UL><LI>Max Depth = 32<LI>Call Chain = read_last_entry &rArr; read_sector
</UL>
<BR>[Calls]<UL><LI><a href="#[19a]">&gt;&gt;</a>&nbsp;&nbsp;&nbsp;read_sector
<LI><a href="#[194]">&gt;&gt;</a>&nbsp;&nbsp;&nbsp;get_dir_sect
<LI><a href="#[117]">&gt;&gt;</a>&nbsp;&nbsp;&nbsp;__aeabi_memcpy4
</UL>
<BR>[Called By]<UL><LI><a href="#[1d1]">&gt;&gt;</a>&nbsp;&nbsp;&nbsp;rename_entries
<LI><a href="#[17e]">&gt;&gt;</a>&nbsp;&nbsp;&nbsp;fat_wclose
</UL>

<P><STRONG><a name="[19a]"></a>read_sector</STRONG> (Thumb, 82 bytes, Stack size 16 bytes, fs_fat.o(i.read_sector))
<BR><BR>[Stack]<UL><LI>Max Depth = 16<LI>Call Chain = read_sector
</UL>
<BR>[Calls]<UL><LI><a href="#[cf]">&gt;&gt;</a>&nbsp;&nbsp;&nbsp;__aeabi_memcpy
</UL>
<BR>[Called By]<UL><LI><a href="#[1c5]">&gt;&gt;</a>&nbsp;&nbsp;&nbsp;write_entries
<LI><a href="#[1ad]">&gt;&gt;</a>&nbsp;&nbsp;&nbsp;search_for_name
<LI><a href="#[1d2]">&gt;&gt;</a>&nbsp;&nbsp;&nbsp;read_last_entry
<LI><a href="#[1cf]">&gt;&gt;</a>&nbsp;&nbsp;&nbsp;read_cache
<LI><a href="#[1c8]">&gt;&gt;</a>&nbsp;&nbsp;&nbsp;get_next_info
<LI><a href="#[1cd]">&gt;&gt;</a>&nbsp;&nbsp;&nbsp;get_fsinfo
<LI><a href="#[1cc]">&gt;&gt;</a>&nbsp;&nbsp;&nbsp;get_bootrec
<LI><a href="#[1b5]">&gt;&gt;</a>&nbsp;&nbsp;&nbsp;delete_entries
<LI><a href="#[1ae]">&gt;&gt;</a>&nbsp;&nbsp;&nbsp;chk_dir_empty
<LI><a href="#[192]">&gt;&gt;</a>&nbsp;&nbsp;&nbsp;alloc_name
<LI><a href="#[1ca]">&gt;&gt;</a>&nbsp;&nbsp;&nbsp;fat_init
<LI><a href="#[18e]">&gt;&gt;</a>&nbsp;&nbsp;&nbsp;fat_write
<LI><a href="#[17e]">&gt;&gt;</a>&nbsp;&nbsp;&nbsp;fat_wclose
</UL>

<P><STRONG><a name="[1d1]"></a>rename_entries</STRONG> (Thumb, 122 bytes, Stack size 64 bytes, fs_fat.o(i.rename_entries))
<BR><BR>[Stack]<UL><LI>Max Depth = 344<LI>Call Chain = rename_entries &rArr; write_entries &rArr; check_name &rArr; search_for_name &rArr; set_next_clus &rArr; cache_fat
</UL>
<BR>[Calls]<UL><LI><a href="#[1c5]">&gt;&gt;</a>&nbsp;&nbsp;&nbsp;write_entries
<LI><a href="#[1d2]">&gt;&gt;</a>&nbsp;&nbsp;&nbsp;read_last_entry
<LI><a href="#[1b5]">&gt;&gt;</a>&nbsp;&nbsp;&nbsp;delete_entries
<LI><a href="#[193]">&gt;&gt;</a>&nbsp;&nbsp;&nbsp;check_lfn
<LI><a href="#[192]">&gt;&gt;</a>&nbsp;&nbsp;&nbsp;alloc_name
<LI><a href="#[e2]">&gt;&gt;</a>&nbsp;&nbsp;&nbsp;strlen
</UL>
<BR>[Called By]<UL><LI><a href="#[1d0]">&gt;&gt;</a>&nbsp;&nbsp;&nbsp;fat_rename
</UL>

<P><STRONG><a name="[1ad]"></a>search_for_name</STRONG> (Thumb, 552 bytes, Stack size 96 bytes, fs_fat.o(i.search_for_name))
<BR><BR>[Stack]<UL><LI>Max Depth = 136<LI>Call Chain = search_for_name &rArr; set_next_clus &rArr; cache_fat
</UL>
<BR>[Calls]<UL><LI><a href="#[195]">&gt;&gt;</a>&nbsp;&nbsp;&nbsp;set_next_clus
<LI><a href="#[19a]">&gt;&gt;</a>&nbsp;&nbsp;&nbsp;read_sector
<LI><a href="#[1e7]">&gt;&gt;</a>&nbsp;&nbsp;&nbsp;lfn_calc_chksum
<LI><a href="#[196]">&gt;&gt;</a>&nbsp;&nbsp;&nbsp;is_EOC
<LI><a href="#[194]">&gt;&gt;</a>&nbsp;&nbsp;&nbsp;get_dir_sect
<LI><a href="#[1b3]">&gt;&gt;</a>&nbsp;&nbsp;&nbsp;cvt_fatname
<LI><a href="#[199]">&gt;&gt;</a>&nbsp;&nbsp;&nbsp;clus_to_sect
<LI><a href="#[193]">&gt;&gt;</a>&nbsp;&nbsp;&nbsp;check_lfn
<LI><a href="#[e2]">&gt;&gt;</a>&nbsp;&nbsp;&nbsp;strlen
</UL>
<BR>[Called By]<UL><LI><a href="#[1c6]">&gt;&gt;</a>&nbsp;&nbsp;&nbsp;find_name
<LI><a href="#[1ac]">&gt;&gt;</a>&nbsp;&nbsp;&nbsp;check_name
</UL>

<P><STRONG><a name="[195]"></a>set_next_clus</STRONG> (Thumb, 138 bytes, Stack size 24 bytes, fs_fat.o(i.set_next_clus))
<BR><BR>[Stack]<UL><LI>Max Depth = 40<LI>Call Chain = set_next_clus &rArr; cache_fat
</UL>
<BR>[Calls]<UL><LI><a href="#[1b2]">&gt;&gt;</a>&nbsp;&nbsp;&nbsp;get_fat_sect
<LI><a href="#[19e]">&gt;&gt;</a>&nbsp;&nbsp;&nbsp;cache_fat
</UL>
<BR>[Called By]<UL><LI><a href="#[1ad]">&gt;&gt;</a>&nbsp;&nbsp;&nbsp;search_for_name
<LI><a href="#[1c8]">&gt;&gt;</a>&nbsp;&nbsp;&nbsp;get_next_info
<LI><a href="#[1b5]">&gt;&gt;</a>&nbsp;&nbsp;&nbsp;delete_entries
<LI><a href="#[1ae]">&gt;&gt;</a>&nbsp;&nbsp;&nbsp;chk_dir_empty
<LI><a href="#[192]">&gt;&gt;</a>&nbsp;&nbsp;&nbsp;alloc_name
<LI><a href="#[18c]">&gt;&gt;</a>&nbsp;&nbsp;&nbsp;fat_seek
<LI><a href="#[18a]">&gt;&gt;</a>&nbsp;&nbsp;&nbsp;fat_read
</UL>

<P><STRONG><a name="[208]"></a>set_u16</STRONG> (Thumb, 8 bytes, Stack size 0 bytes, fs_fat.o(i.set_u16))
<BR><BR>[Called By]<UL><LI><a href="#[1ce]">&gt;&gt;</a>&nbsp;&nbsp;&nbsp;write_fsinfo
<LI><a href="#[19d]">&gt;&gt;</a>&nbsp;&nbsp;&nbsp;write_fat_link
<LI><a href="#[1c5]">&gt;&gt;</a>&nbsp;&nbsp;&nbsp;write_entries
<LI><a href="#[1c9]">&gt;&gt;</a>&nbsp;&nbsp;&nbsp;write_dot_entries
<LI><a href="#[1b7]">&gt;&gt;</a>&nbsp;&nbsp;&nbsp;unlink_clus_chain
</UL>

<P><STRONG><a name="[209]"></a>set_u32</STRONG> (Thumb, 16 bytes, Stack size 0 bytes, fs_fat.o(i.set_u32))
<BR><BR>[Called By]<UL><LI><a href="#[1ce]">&gt;&gt;</a>&nbsp;&nbsp;&nbsp;write_fsinfo
<LI><a href="#[19d]">&gt;&gt;</a>&nbsp;&nbsp;&nbsp;write_fat_link
</UL>

<P><STRONG><a name="[1b7]"></a>unlink_clus_chain</STRONG> (Thumb, 296 bytes, Stack size 32 bytes, fs_fat.o(i.unlink_clus_chain))
<BR><BR>[Stack]<UL><LI>Max Depth = 48<LI>Call Chain = unlink_clus_chain &rArr; cache_fat
</UL>
<BR>[Calls]<UL><LI><a href="#[208]">&gt;&gt;</a>&nbsp;&nbsp;&nbsp;set_u16
<LI><a href="#[196]">&gt;&gt;</a>&nbsp;&nbsp;&nbsp;is_EOC
<LI><a href="#[1cb]">&gt;&gt;</a>&nbsp;&nbsp;&nbsp;get_u32
<LI><a href="#[1b2]">&gt;&gt;</a>&nbsp;&nbsp;&nbsp;get_fat_sect
<LI><a href="#[19e]">&gt;&gt;</a>&nbsp;&nbsp;&nbsp;cache_fat
</UL>
<BR>[Called By]<UL><LI><a href="#[1b5]">&gt;&gt;</a>&nbsp;&nbsp;&nbsp;delete_entries
</UL>

<P><STRONG><a name="[1b4]"></a>val_char</STRONG> (Thumb, 18 bytes, Stack size 8 bytes, fs_fat.o(i.val_char))
<BR><BR>[Stack]<UL><LI>Max Depth = 8<LI>Call Chain = val_char
</UL>
<BR>[Calls]<UL><LI><a href="#[1ab]">&gt;&gt;</a>&nbsp;&nbsp;&nbsp;val_char_sn
</UL>
<BR>[Called By]<UL><LI><a href="#[1e8]">&gt;&gt;</a>&nbsp;&nbsp;&nbsp;get_nt_name
<LI><a href="#[1b3]">&gt;&gt;</a>&nbsp;&nbsp;&nbsp;cvt_fatname
</UL>

<P><STRONG><a name="[1ab]"></a>val_char_sn</STRONG> (Thumb, 60 bytes, Stack size 0 bytes, fs_fat.o(i.val_char_sn))
<BR><BR>[Called By]<UL><LI><a href="#[1b4]">&gt;&gt;</a>&nbsp;&nbsp;&nbsp;val_char
<LI><a href="#[193]">&gt;&gt;</a>&nbsp;&nbsp;&nbsp;check_lfn
</UL>

<P><STRONG><a name="[1af]"></a>write_cache</STRONG> (Thumb, 154 bytes, Stack size 24 bytes, fs_fat.o(i.write_cache))
<BR><BR>[Stack]<UL><LI>Max Depth = 40<LI>Call Chain = write_cache &rArr; write_sector
</UL>
<BR>[Calls]<UL><LI><a href="#[1b6]">&gt;&gt;</a>&nbsp;&nbsp;&nbsp;write_sector
<LI><a href="#[cf]">&gt;&gt;</a>&nbsp;&nbsp;&nbsp;__aeabi_memcpy
</UL>
<BR>[Called By]<UL><LI><a href="#[1ce]">&gt;&gt;</a>&nbsp;&nbsp;&nbsp;write_fsinfo
<LI><a href="#[198]">&gt;&gt;</a>&nbsp;&nbsp;&nbsp;clear_clus
<LI><a href="#[18e]">&gt;&gt;</a>&nbsp;&nbsp;&nbsp;fat_write
<LI><a href="#[17e]">&gt;&gt;</a>&nbsp;&nbsp;&nbsp;fat_wclose
</UL>

<P><STRONG><a name="[1c9]"></a>write_dot_entries</STRONG> (Thumb, 242 bytes, Stack size 24 bytes, fs_fat.o(i.write_dot_entries))
<BR><BR>[Stack]<UL><LI>Max Depth = 40<LI>Call Chain = write_dot_entries &rArr; write_sector
</UL>
<BR>[Calls]<UL><LI><a href="#[1b6]">&gt;&gt;</a>&nbsp;&nbsp;&nbsp;write_sector
<LI><a href="#[208]">&gt;&gt;</a>&nbsp;&nbsp;&nbsp;set_u16
<LI><a href="#[1e9]">&gt;&gt;</a>&nbsp;&nbsp;&nbsp;get_time
<LI><a href="#[1e5]">&gt;&gt;</a>&nbsp;&nbsp;&nbsp;get_date
<LI><a href="#[199]">&gt;&gt;</a>&nbsp;&nbsp;&nbsp;clus_to_sect
<LI><a href="#[cb]">&gt;&gt;</a>&nbsp;&nbsp;&nbsp;__aeabi_memclr
<LI><a href="#[117]">&gt;&gt;</a>&nbsp;&nbsp;&nbsp;__aeabi_memcpy4
</UL>
<BR>[Called By]<UL><LI><a href="#[1c4]">&gt;&gt;</a>&nbsp;&nbsp;&nbsp;fat_find_dir
</UL>

<P><STRONG><a name="[1c5]"></a>write_entries</STRONG> (Thumb, 710 bytes, Stack size 144 bytes, fs_fat.o(i.write_entries))
<BR><BR>[Stack]<UL><LI>Max Depth = 280<LI>Call Chain = write_entries &rArr; check_name &rArr; search_for_name &rArr; set_next_clus &rArr; cache_fat
</UL>
<BR>[Calls]<UL><LI><a href="#[1b6]">&gt;&gt;</a>&nbsp;&nbsp;&nbsp;write_sector
<LI><a href="#[208]">&gt;&gt;</a>&nbsp;&nbsp;&nbsp;set_u16
<LI><a href="#[19a]">&gt;&gt;</a>&nbsp;&nbsp;&nbsp;read_sector
<LI><a href="#[1e7]">&gt;&gt;</a>&nbsp;&nbsp;&nbsp;lfn_calc_chksum
<LI><a href="#[1e9]">&gt;&gt;</a>&nbsp;&nbsp;&nbsp;get_time
<LI><a href="#[1e8]">&gt;&gt;</a>&nbsp;&nbsp;&nbsp;get_nt_name
<LI><a href="#[194]">&gt;&gt;</a>&nbsp;&nbsp;&nbsp;get_dir_sect
<LI><a href="#[1e5]">&gt;&gt;</a>&nbsp;&nbsp;&nbsp;get_date
<LI><a href="#[1b3]">&gt;&gt;</a>&nbsp;&nbsp;&nbsp;cvt_fatname
<LI><a href="#[199]">&gt;&gt;</a>&nbsp;&nbsp;&nbsp;clus_to_sect
<LI><a href="#[198]">&gt;&gt;</a>&nbsp;&nbsp;&nbsp;clear_clus
<LI><a href="#[1ac]">&gt;&gt;</a>&nbsp;&nbsp;&nbsp;check_name
<LI><a href="#[193]">&gt;&gt;</a>&nbsp;&nbsp;&nbsp;check_lfn
<LI><a href="#[197]">&gt;&gt;</a>&nbsp;&nbsp;&nbsp;alloc_new_clus
<LI><a href="#[e2]">&gt;&gt;</a>&nbsp;&nbsp;&nbsp;strlen
</UL>
<BR>[Called By]<UL><LI><a href="#[1d1]">&gt;&gt;</a>&nbsp;&nbsp;&nbsp;rename_entries
<LI><a href="#[1c4]">&gt;&gt;</a>&nbsp;&nbsp;&nbsp;fat_find_dir
<LI><a href="#[186]">&gt;&gt;</a>&nbsp;&nbsp;&nbsp;fat_create
</UL>

<P><STRONG><a name="[19d]"></a>write_fat_link</STRONG> (Thumb, 224 bytes, Stack size 24 bytes, fs_fat.o(i.write_fat_link))
<BR><BR>[Stack]<UL><LI>Max Depth = 40<LI>Call Chain = write_fat_link &rArr; cache_fat
</UL>
<BR>[Calls]<UL><LI><a href="#[209]">&gt;&gt;</a>&nbsp;&nbsp;&nbsp;set_u32
<LI><a href="#[208]">&gt;&gt;</a>&nbsp;&nbsp;&nbsp;set_u16
<LI><a href="#[1cb]">&gt;&gt;</a>&nbsp;&nbsp;&nbsp;get_u32
<LI><a href="#[1b2]">&gt;&gt;</a>&nbsp;&nbsp;&nbsp;get_fat_sect
<LI><a href="#[19e]">&gt;&gt;</a>&nbsp;&nbsp;&nbsp;cache_fat
</UL>
<BR>[Called By]<UL><LI><a href="#[197]">&gt;&gt;</a>&nbsp;&nbsp;&nbsp;alloc_new_clus
<LI><a href="#[18e]">&gt;&gt;</a>&nbsp;&nbsp;&nbsp;fat_write
<LI><a href="#[17e]">&gt;&gt;</a>&nbsp;&nbsp;&nbsp;fat_wclose
</UL>

<P><STRONG><a name="[1ce]"></a>write_fsinfo</STRONG> (Thumb, 92 bytes, Stack size 8 bytes, fs_fat.o(i.write_fsinfo))
<BR><BR>[Stack]<UL><LI>Max Depth = 48<LI>Call Chain = write_fsinfo &rArr; write_cache &rArr; write_sector
</UL>
<BR>[Calls]<UL><LI><a href="#[1af]">&gt;&gt;</a>&nbsp;&nbsp;&nbsp;write_cache
<LI><a href="#[209]">&gt;&gt;</a>&nbsp;&nbsp;&nbsp;set_u32
<LI><a href="#[208]">&gt;&gt;</a>&nbsp;&nbsp;&nbsp;set_u16
<LI><a href="#[cb]">&gt;&gt;</a>&nbsp;&nbsp;&nbsp;__aeabi_memclr
</UL>
<BR>[Called By]<UL><LI><a href="#[1ca]">&gt;&gt;</a>&nbsp;&nbsp;&nbsp;fat_init
<LI><a href="#[17e]">&gt;&gt;</a>&nbsp;&nbsp;&nbsp;fat_wclose
</UL>

<P><STRONG><a name="[1b6]"></a>write_sector</STRONG> (Thumb, 32 bytes, Stack size 16 bytes, fs_fat.o(i.write_sector))
<BR><BR>[Stack]<UL><LI>Max Depth = 16<LI>Call Chain = write_sector
</UL>
<BR>[Called By]<UL><LI><a href="#[1c5]">&gt;&gt;</a>&nbsp;&nbsp;&nbsp;write_entries
<LI><a href="#[1c9]">&gt;&gt;</a>&nbsp;&nbsp;&nbsp;write_dot_entries
<LI><a href="#[1af]">&gt;&gt;</a>&nbsp;&nbsp;&nbsp;write_cache
<LI><a href="#[1b5]">&gt;&gt;</a>&nbsp;&nbsp;&nbsp;delete_entries
<LI><a href="#[17e]">&gt;&gt;</a>&nbsp;&nbsp;&nbsp;fat_wclose
</UL>

<P><STRONG><a name="[1ef]"></a>ip_get_chksum</STRONG> (Thumb, 10 bytes, Stack size 0 bytes, at_ip.o(i.ip_get_chksum))
<BR><BR>[Stack]<UL><LI>Max Depth = 4<LI>Call Chain = ip_get_chksum &rArr; CalcChksum
</UL>
<BR>[Calls]<UL><LI><a href="#[17b]">&gt;&gt;</a>&nbsp;&nbsp;&nbsp;CalcChksum
</UL>
<BR>[Called By]<UL><LI><a href="#[1ed]">&gt;&gt;</a>&nbsp;&nbsp;&nbsp;ip_chk_frame
<LI><a href="#[1f1]">&gt;&gt;</a>&nbsp;&nbsp;&nbsp;ip_send_frame
</UL>

<P><STRONG><a name="[214]"></a>_dadd1</STRONG> (Thumb, 0 bytes, Stack size unknown bytes, daddsub_clz.o(x$fpl$dadd), UNUSED)
<BR><BR>[Called By]<UL><LI><a href="#[215]">&gt;&gt;</a>&nbsp;&nbsp;&nbsp;_dsub
<LI><a href="#[213]">&gt;&gt;</a>&nbsp;&nbsp;&nbsp;_drsb
</UL>

<P><STRONG><a name="[20b]"></a>_dsub1</STRONG> (Thumb, 0 bytes, Stack size unknown bytes, daddsub_clz.o(x$fpl$dsub), UNUSED)
<BR><BR>[Called By]<UL><LI><a href="#[213]">&gt;&gt;</a>&nbsp;&nbsp;&nbsp;_drsb
<LI><a href="#[20a]">&gt;&gt;</a>&nbsp;&nbsp;&nbsp;_dadd
</UL>

<P><STRONG><a name="[3d]"></a>_printf_input_char</STRONG> (Thumb, 10 bytes, Stack size 0 bytes, _printf_char_common.o(.text))
<BR>[Address Reference Count : 1]<UL><LI> _printf_char_common.o(.text)
</UL>
<P><STRONG><a name="[3f]"></a>_scanf_char_input</STRONG> (Thumb, 12 bytes, Stack size 0 bytes, scanf_char.o(.text))
<BR>[Address Reference Count : 1]<UL><LI> scanf_char.o(.text)
</UL><P>
<H3>
Undefined Global Symbols
</H3><HR></body></html>
