ARM Linker, 4.1 [Build 644] [Professional][RL-ARM]

==============================================================================

Section Cross References

    startup_lpc17xx.o(STACK) refers (Special) to heapauxi.o(.text) for __use_two_region_memory
    startup_lpc17xx.o(HEAP) refers (Special) to heapauxi.o(.text) for __use_two_region_memory
    startup_lpc17xx.o(RESET) refers (Special) to heapauxi.o(.text) for __use_two_region_memory
    startup_lpc17xx.o(RESET) refers to startup_lpc17xx.o(STACK) for __initial_sp
    startup_lpc17xx.o(RESET) refers to startup_lpc17xx.o(.text) for Reset_Handler
    startup_lpc17xx.o(RESET) refers to timer.o(.text) for TIMER0_IRQHandler
    startup_lpc17xx.o(RESET) refers to uart.o(.text) for UART0_IRQHandler
    startup_lpc17xx.o(RESET) refers to pwm_ir.o(.text) for PWM1_IRQHandler
    startup_lpc17xx.o(RESET) refers to extint.o(.text) for EINT0_IRQHandler
    startup_lpc17xx.o(RESET) refers to emac_lpc17xx.o(.text) for ENET_IRQHandler
    startup_lpc17xx.o(.ARM.__at_0x02FC) refers (Special) to heapauxi.o(.text) for __use_two_region_memory
    startup_lpc17xx.o(.text) refers (Special) to heapauxi.o(.text) for __use_two_region_memory
    startup_lpc17xx.o(.text) refers to __main.o(!!!main) for __main
    startup_lpc17xx.o(.text) refers to startup_lpc17xx.o(HEAP) for Heap_Mem
    startup_lpc17xx.o(.text) refers to startup_lpc17xx.o(STACK) for Stack_Mem
    system_lpc17xx.o(.text) refers to system_lpc17xx.o(.data) for .data
    main.o(.text) refers to __2printf.o(.text) for __2printf
    main.o(.text) refers to fflush.o(.text) for fflush
    main.o(.text) refers to system_lpc17xx.o(.text) for SystemInit
    main.o(.text) refers to uart.o(.text) for init_uart
    main.o(.text) refers to register.o(.text) for init_register
    main.o(.text) refers to msd_sd_file.o(.text) for init_msd
    main.o(.text) refers to at_system.o(i.init_TcpNet) for init_TcpNet
    main.o(.text) refers to tcpip.o(.text) for user_init
    main.o(.text) refers to touch.o(.text) for init_touch
    main.o(.text) refers to timer.o(.text) for init_timer
    main.o(.text) refers to extint.o(.text) for Init_EINT
    main.o(.text) refers to pwm_ir.o(.text) for PWM_Init
    main.o(.text) refers to at_system.o(i.main_TcpNet) for main_TcpNet
    main.o(.text) refers to control_ir.o(.text) for control_ir_task
    main.o(.text) refers to stdio_streams.o(.bss) for __stdout
    uart.o(.text) refers (Special) to daddsub_clz.o(x$fpl$dsub) for __aeabi_dsub
    uart.o(.text) refers to _printf_percent.o(.ARM.Collect$$_printf_percent$$00000000) for _printf_percent
    uart.o(.text) refers to _printf_u.o(.ARM.Collect$$_printf_percent$$0000000A) for _printf_u
    uart.o(.text) refers to _printf_dec.o(.text) for _printf_int_dec
    uart.o(.text) refers to _printf_s.o(.ARM.Collect$$_printf_percent$$00000014) for _printf_s
    uart.o(.text) refers to _printf_str.o(.text) for _printf_str
    uart.o(.text) refers to _printf_c.o(.ARM.Collect$$_printf_percent$$00000013) for _printf_c
    uart.o(.text) refers to atoi.o(.text) for atoi
    uart.o(.text) refers to rt_memclr.o(.text) for __aeabi_memclr
    uart.o(.text) refers to __2sprintf.o(.text) for __2sprintf
    uart.o(.text) refers to msd_sd_file.o(.text) for fwrite_line
    uart.o(.text) refers to aeabi_memset.o(.text) for __aeabi_memset
    uart.o(.text) refers to rt_memcpy_v6.o(.text) for __aeabi_memcpy
    uart.o(.text) refers to cmds_ir.o(.text) for cmd_ir_learn_app
    uart.o(.text) refers to dflt_clz.o(x$fpl$dfltu) for __aeabi_ui2d
    uart.o(.text) refers to dmul.o(x$fpl$dmul) for __aeabi_dmul
    uart.o(.text) refers to daddsub_clz.o(x$fpl$drsb) for __aeabi_drsub
    uart.o(.text) refers to drleqf.o(x$fpl$drleqf) for __aeabi_cdrcmple
    uart.o(.text) refers to daddsub_clz.o(x$fpl$dadd) for __aeabi_dadd
    uart.o(.text) refers to dleqf.o(x$fpl$dleqf) for __aeabi_cdcmple
    uart.o(.text) refers to __2printf.o(.text) for __2printf
    uart.o(.text) refers to fflush.o(.text) for fflush
    uart.o(.text) refers to rt_memclr_w.o(.text) for __aeabi_memclr4
    uart.o(.text) refers to uart.o(.bss) for .bss
    uart.o(.text) refers to uart.o(.data) for .data
    uart.o(.text) refers to msd_sd_file.o(.bss) for cfg
    uart.o(.text) refers to register.o(.data) for ir_state
    uart.o(.text) refers to ir.o(.bss) for ir_cmp
    uart.o(.text) refers to ir.o(.bss) for ir
    uart.o(.text) refers to stdio_streams.o(.bss) for __stdout
    uart.o(.text) refers to strcpy.o(.text) for strcpy
    uart.o(.text) refers to strcat.o(.text) for strcat
    uart.o(.text) refers to strstr.o(.text) for strstr
    uart.o(.text) refers to timer.o(.text) for timer_poll
    uart.o(.text) refers to touch.o(.text) for beep
    uart.o(.text) refers to register.o(.text) for atualiza_saidas
    uart.o(.text) refers to msd_sd_file.o(.data) for type_dim0
    uart.o(.text) refers to touch.o(.data) for touchEnaDis
    uart.o(.text) refers to timer.o(.data) for tick
[...]
    ftp_fclose                               0x00005177   Thumb Code     4  ftp_uif.o(.text)
    ftp_fread                                0x0000517b   Thumb Code    16  ftp_uif.o(.text)
    ftp_fwrite                               0x0000518b   Thumb Code   244  ftp_uif.o(.text)
    ftp_fdelete                              0x0000527f   Thumb Code    16  ftp_uif.o(.text)
    ftp_frename                              0x0000528f   Thumb Code    16  ftp_uif.o(.text)
    ftp_ffind                                0x0000529f   Thumb Code   262  ftp_uif.o(.text)
    inet_aton                                0x0000544d   Thumb Code    66  tcpip.o(.text)
    dhcp_check                               0x0000548f   Thumb Code   220  tcpip.o(.text)
    udp_callback                             0x0000556b   Thumb Code  1576  tcpip.o(.text)
    tcp_callback                             0x00005b93   Thumb Code   242  tcpip.o(.text)
    tcp_callback_client                      0x00005c85   Thumb Code    12  tcpip.o(.text)
    tcp_callback_server                      0x00005c91   Thumb Code    12  tcpip.o(.text)
    user_init                                0x00005c9d   Thumb Code   124  tcpip.o(.text)
    udpSendBroadcast                         0x00005d19   Thumb Code    64  tcpip.o(.text)
    udpSendUnicast                           0x00005d59   Thumb Code    66  tcpip.o(.text)
    tcpSend                                  0x00005d9b   Thumb Code   112  tcpip.o(.text)
    tcp_task                                 0x00005e0b   Thumb Code   888  tcpip.o(.text)
    toupper                                  0x0000620d   Thumb Code    30  toupper.o(.text)
    __2printf                                0x0000622d   Thumb Code    20  __2printf.o(.text)
    __2fprintf                               0x00006245   Thumb Code    20  __2fprintf.o(.text)
    __2sprintf                               0x00006259   Thumb Code    38  __2sprintf.o(.text)
    _printf_pre_padding                      0x00006285   Thumb Code    44  _printf_pad.o(.text)
    _printf_post_padding                     0x000062b1   Thumb Code    36  _printf_pad.o(.text)
    _printf_str                              0x000062d5   Thumb Code    82  _printf_str.o(.text)
    _printf_int_dec                          0x00006329   Thumb Code   102  _printf_dec.o(.text)
    _printf_charcount                        0x000063a1   Thumb Code    42  _printf_charcount.o(.text)
    _printf_longlong_hex                     0x000063cd   Thumb Code    82  _printf_hex_int_ptr.o(.text)
    _printf_int_hex                          0x0000641f   Thumb Code    26  _printf_hex_int_ptr.o(.text)
    _printf_hex_ptr                          0x00006439   Thumb Code    16  _printf_hex_int_ptr.o(.text)
    __printf                                 0x0000644d   Thumb Code   408  __printf_flags_ss_wp.o(.text)
    __0sscanf                                0x000065e9   Thumb Code    52  __0sscanf.o(.text)
    _scanf_int                               0x00006625   Thumb Code   334  _scanf_int.o(.text)
    atoi                                     0x00006773   Thumb Code    26  atoi.o(.text)
    _do_fflush                               0x0000678d   Thumb Code    54  fflush.o(.text)
    fflush                                   0x000067c3   Thumb Code    42  fflush.o(.text)
    freopen                                  0x000067f1   Thumb Code   158  fopen.o(.text)
    fopen                                    0x0000688f   Thumb Code    74  fopen.o(.text)
    _fclose_internal                         0x000068dd   Thumb Code    78  fclose.o(.text)
    fclose                                   0x000068dd   Thumb Code     0  fclose.o(.text)
    strstr                                   0x0000692b   Thumb Code    36  strstr.o(.text)
    strcpy                                   0x0000694f   Thumb Code    72  strcpy.o(.text)
    strlen                                   0x00006997   Thumb Code    62  strlen.o(.text)
    strcat                                   0x000069d5   Thumb Code    24  strcat.o(.text)
    __aeabi_memcpy                           0x000069ed   Thumb Code     0  rt_memcpy_v6.o(.text)
    __rt_memcpy                              0x000069ed   Thumb Code   138  rt_memcpy_v6.o(.text)
    _memcpy_lastbytes                        0x00006a53   Thumb Code     0  rt_memcpy_v6.o(.text)
    __aeabi_memcpy4                          0x00006a77   Thumb Code     0  rt_memcpy_w.o(.text)
    __aeabi_memcpy8                          0x00006a77   Thumb Code     0  rt_memcpy_w.o(.text)
    __rt_memcpy_w                            0x00006a77   Thumb Code   100  rt_memcpy_w.o(.text)
    _memcpy_lastbytes_aligned                0x00006abf   Thumb Code     0  rt_memcpy_w.o(.text)
    __aeabi_memset                           0x00006adb   Thumb Code    16  aeabi_memset.o(.text)
    __aeabi_memclr                           0x00006aeb   Thumb Code     0  rt_memclr.o(.text)
    __rt_memclr                              0x00006aeb   Thumb Code    68  rt_memclr.o(.text)
    _memset                                  0x00006aef   Thumb Code     0  rt_memclr.o(.text)
    __aeabi_memclr4                          0x00006b2f   Thumb Code     0  rt_memclr_w.o(.text)
    __aeabi_memclr8                          0x00006b2f   Thumb Code     0  rt_memclr_w.o(.text)
    __rt_memclr_w                            0x00006b2f   Thumb Code    78  rt_memclr_w.o(.text)
    _memset_w                                0x00006b33   Thumb Code     0  rt_memclr_w.o(.text)
    strncpy                                  0x00006b7d   Thumb Code    86  strncpy.o(.text)
    strcmp                                   0x00006bd5   Thumb Code   128  strcmpv7m.o(.text)
    __rt_ctype_table                         0x00006c55   Thumb Code    16  rt_ctype_table.o(.text)
    __aeabi_errno_addr                       0x00006c65   Thumb Code     8  rt_errno_addr_intlibspace.o(.text)
    __errno$intlibspace                      0x00006c65   Thumb Code     0  rt_errno_addr_intlibspace.o(.text)
    __rt_errno_addr$intlibspace              0x00006c65   Thumb Code     0  rt_errno_addr_intlibspace.o(.text)
    malloc                                   0x00006c6d   Thumb Code    94  h1_alloc.o(.text)
    free                                     0x00006ccb   Thumb Code    78  h1_free.o(.text)
    _printf_int_common                       0x00006d19   Thumb Code   182  _printf_intcommon.o(.text)
    _printf_char_common                      0x00006ddb   Thumb Code    32  _printf_char_common.o(.text)
    _sputc                                   0x00006e01   Thumb Code    10  _sputc.o(.text)
    _printf_cs_common                        0x00006e0b   Thumb Code    20  _printf_char.o(.text)
    _printf_char                             0x00006e1f   Thumb Code    16  _printf_char.o(.text)
    _printf_string                           0x00006e2f   Thumb Code     8  _printf_char.o(.text)
    _printf_char_file                        0x00006e39   Thumb Code    32  _printf_char_file.o(.text)
    _chval                                   0x00006e5d   Thumb Code    32  _chval.o(.text)
    __vfscanf_char                           0x00006e89   Thumb Code    26  scanf_char.o(.text)
    _sgetc                                   0x00006ead   Thumb Code    30  _sgetc.o(.text)
    _sbackspace                              0x00006ecb   Thumb Code    34  _sgetc.o(.text)
    strtol                                   0x00006eed   Thumb Code   112  strtol.o(.text)
    _readbuf                                 0x00006f5d   Thumb Code    56  filbuf.o(.text)
    _seteof                                  0x00006f95   Thumb Code    40  filbuf.o(.text)
    __filbuf                                 0x00006fbd   Thumb Code   482  filbuf.o(.text)
    __filbuf_byte                            0x00006fbd   Thumb Code     0  filbuf.o(.text)
    __filbuf_wide                            0x00006fbd   Thumb Code     0  filbuf.o(.text)
    _fseek                                   0x000071a1   Thumb Code   244  fseek.o(.text)
    fseek                                    0x000071a1   Thumb Code     0  fseek.o(.text)
    _seterr                                  0x00007299   Thumb Code    20  stdio.o(.text)
    _writebuf                                0x000072ad   Thumb Code    84  stdio.o(.text)
    _fflush                                  0x00007301   Thumb Code    70  stdio.o(.text)
    _deferredlazyseek                        0x00007347   Thumb Code    60  stdio.o(.text)
    _initio                                  0x00007389   Thumb Code   210  initio.o(.text)
    _terminateio                             0x0000745b   Thumb Code    56  initio.o(.text)
    __user_libspace                          0x000074c1   Thumb Code     8  libspace.o(.text)
    __user_perproc_libspace                  0x000074c1   Thumb Code     0  libspace.o(.text)
    __user_perthread_libspace                0x000074c1   Thumb Code     0  libspace.o(.text)
    __rt_heap_descriptor                     0x000074c9   Thumb Code     8  rt_heap_descriptor_intlibspace.o(.text)
    __rt_locale                              0x000074d1   Thumb Code     8  rt_locale_intlibspace.o(.text)
    __use_no_heap                            0x000074d9   Thumb Code     2  hguard.o(.text)
    __heap$guard                             0x000074db   Thumb Code     2  hguard.o(.text)
    _terminate_user_alloc                    0x000074dd   Thumb Code     2  init_alloc.o(.text)
    _init_user_alloc                         0x000074df   Thumb Code     2  init_alloc.o(.text)
    __Heap_Full                              0x000074e1   Thumb Code    34  init_alloc.o(.text)
    __Heap_Broken                            0x00007503   Thumb Code     6  init_alloc.o(.text)
    _init_alloc                              0x00007509   Thumb Code    94  init_alloc.o(.text)
    __Heap_Initialize                        0x00007567   Thumb Code    10  h1_init.o(.text)
    __Heap_DescSize                          0x00007571   Thumb Code     4  h1_init.o(.text)
    isspace                                  0x00007575   Thumb Code    18  isspace.o(.text)
    __vfscanf                                0x00007589   Thumb Code   900  _scanf.o(.text)
    _strtoul                                 0x00007911   Thumb Code   158  _strtoul.o(.text)
    ferror                                   0x000079af   Thumb Code     8  ferror.o(.text)
    __flsbuf                                 0x000079b7   Thumb Code   472  flsbuf.o(.text)
    __flsbuf_byte                            0x000079b7   Thumb Code     0  flsbuf.o(.text)
    __flsbuf_wide                            0x000079b7   Thumb Code     0  flsbuf.o(.text)
    _ftell_internal                          0x00007b8f   Thumb Code    70  ftell.o(.text)
    ftell                                    0x00007b8f   Thumb Code     0  ftell.o(.text)
    setvbuf                                  0x00007bd5   Thumb Code    70  setvbuf.o(.text)
    fread                                    0x00007c1b   Thumb Code   288  freadfast.o(.text)
    _flushlinebuffered                       0x00007d3d   Thumb Code    48  flushlinebuffered.o(.text)
    __rt_SIGRTRED                            0x00007d71   Thumb Code    14  defsig_rtred_outer.o(.text)
    __user_setup_stackheap                   0x00007d7f   Thumb Code    74  sys_stackheap_outer.o(.text)
    __Heap_ProvideMemory                     0x00007dc9   Thumb Code    52  h1_extend.o(.text)
    fwrite                                   0x00007dfd   Thumb Code   198  fwritefast.o(.text)
    exit                                     0x00007ec3   Thumb Code    12  exit.o(.text)
    __sig_exit                               0x00007ecf   Thumb Code    10  defsig_exit.o(.text)
    __rt_SIGRTRED_inner                      0x00007ed9   Thumb Code    14  defsig_rtred_inner.o(.text)
    __rt_SIGRTMEM                            0x00007f0d   Thumb Code    14  defsig_rtmem_outer.o(.text)
    __default_signal_display                 0x00007f1b   Thumb Code    50  defsig_general.o(.text)
    __rt_SIGRTMEM_inner                      0x00007f4d   Thumb Code    20  defsig_rtmem_inner.o(.text)
    __rt_fp_status_addr                      0x00007f99   Thumb Code     8  rt_fp_status_addr_intlibspace.o(.text)
    CalcChksum                               0x00007fa1   Thumb Code    20  at_lib.o(i.CalcChksum)
    CalcChksumBuf                            0x00007fb5   Thumb Code    40  at_lib.o(i.CalcChksumBuf)
    CalcChksumVal                            0x00007fdd   Thumb Code    10  at_lib.o(i.CalcChksumVal)
    SwapB                                    0x00007fe7   Thumb Code    10  at_lib.o(i.SwapB)
    __sys_close                              0x00007ff1   Thumb Code    76  fs_sys.o(i.__sys_close)
    __sys_ensure                             0x00008045   Thumb Code    60  fs_sys.o(i.__sys_ensure)
    __sys_flen                               0x00008089   Thumb Code    48  fs_sys.o(i.__sys_flen)
    __sys_open                               0x000080c1   Thumb Code   348  fs_sys.o(i.__sys_open)
    __sys_read                               0x00008229   Thumb Code    68  fs_sys.o(i.__sys_read)
    __sys_seek                               0x00008275   Thumb Code    60  fs_sys.o(i.__sys_seek)
    __sys_write                              0x000082b9   Thumb Code    68  fs_sys.o(i.__sys_write)
    _is_digit                                0x00008305   Thumb Code    14  __printf_wp.o(i._is_digit)
    alloc_mem                                0x00008315   Thumb Code   146  at_mem.o(i.alloc_mem)
    arp_cache_add                            0x000084e1   Thumb Code   176  at_arp.o(i.arp_cache_add)
    arp_cache_find                           0x00008611   Thumb Code   254  at_arp.o(i.arp_cache_find)
    arp_cache_update                         0x00008729   Thumb Code   218  at_arp.o(i.arp_cache_update)
    arp_send_req                             0x00008925   Thumb Code   154  at_arp.o(i.arp_send_req)
    dhcp_disable                             0x00008e1d   Thumb Code    40  at_dhcp.o(i.dhcp_disable)
    eth_chk_adr                              0x0000923d   Thumb Code    10  at_ethernet.o(i.eth_chk_adr)
    eth_send_frame                           0x0000924d   Thumb Code   140  at_ethernet.o(i.eth_send_frame)
    fat_create                               0x000092e5   Thumb Code    86  fs_fat.o(i.fat_create)
    fat_delete                               0x0000933b   Thumb Code    96  fs_fat.o(i.fat_delete)
    fat_ffind                                0x0000939b   Thumb Code    68  fs_fat.o(i.fat_ffind)
    fat_find                                 0x000093df   Thumb Code    76  fs_fat.o(i.fat_find)
    fat_init                                 0x000094af   Thumb Code   314  fs_fat.o(i.fat_init)
    fat_read                                 0x000095e9   Thumb Code   180  fs_fat.o(i.fat_read)
    fat_rename                               0x0000969d   Thumb Code   144  fs_fat.o(i.fat_rename)
    fat_seek                                 0x0000972d   Thumb Code   124  fs_fat.o(i.fat_seek)
    fat_wclose                               0x000097a9   Thumb Code   198  fs_fat.o(i.fat_wclose)
    fat_write                                0x0000986f   Thumb Code   234  fs_fat.o(i.fat_write)
    fdelete                                  0x00009959   Thumb Code   124  fs_mapi.o(i.fdelete)
    ffind                                    0x000099d9   Thumb Code   426  fs_mapi.o(i.ffind)
    fgetc                                    0x00009b91   Thumb Code    24  fgetc.o(i.fgetc)
    finit                                    0x00009bb1   Thumb Code   110  fs_mapi.o(i.finit)
    fputc                                    0x00009c2d   Thumb Code    26  fputc.o(i.fputc)
    free_mem                                 0x00009c49   Thumb Code    94  at_mem.o(i.free_mem)
    frename                                  0x00009cc5   Thumb Code   200  fs_mapi.o(i.frename)
    fs_cfg_drv                               0x00009d91   Thumb Code    72  fs_mapi.o(i.fs_cfg_drv)
    fs_chk_media                             0x00009ded   Thumb Code    40  fs_lib.o(i.fs_chk_media)
    fs_dir                                   0x00009e15   Thumb Code    36  fs_lib.o(i.fs_dir)
    fs_find_iob                              0x00009e39   Thumb Code    48  fs_lib.o(i.fs_find_iob)
    fs_get_date                              0x00009e71   Thumb Code     4  fs_time.o(i.fs_get_date)
    fs_get_time                              0x00009e79   Thumb Code     6  fs_time.o(i.fs_get_time)
    fs_lock                                  0x00009e81   Thumb Code    74  fs_lib.o(i.fs_lock)
    fs_map_drive                             0x00009ed5   Thumb Code   110  fs_lib.o(i.fs_map_drive)
    fs_strpos                                0x00009f4d   Thumb Code    26  fs_lib.o(i.fs_strpos)
    get_crc                                  0x0000a6c9   Thumb Code    36  at_lib.o(i.get_crc)
    get_u32                                  0x0000ac7d   Thumb Code    22  at_lib.o(i.get_u32)
    init_TcpNet                              0x0000aca1   Thumb Code    40  at_system.o(i.init_TcpNet)
    init_arp                                 0x0000acd9   Thumb Code    30  at_arp.o(i.init_arp)
    init_dhcp                                0x0000ad01   Thumb Code    84  at_dhcp.o(i.init_dhcp)
    init_eth_link                            0x0000ae21   Thumb Code    30  at_ethernet.o(i.init_eth_link)
    init_ftp                                 0x0000ae45   Thumb Code   100  at_ftp.o(i.init_ftp)
    init_mem                                 0x0000aec1   Thumb Code    24  at_mem.o(i.init_mem)
    init_nbns                                0x0000aee5   Thumb Code    32  at_nbns.o(i.init_nbns)
    init_tcp                                 0x0000af0d   Thumb Code    16  at_tcp.o(i.init_tcp)
    init_udp                                 0x0000af25   Thumb Code    18  at_udp.o(i.init_udp)
    ip_chk_frame                             0x0000af41   Thumb Code   186  at_ip.o(i.ip_chk_frame)
    ip_get_locadr                            0x0000b011   Thumb Code   144  at_ip.o(i.ip_get_locadr)
    ip_send_frame                            0x0000b0ad   Thumb Code   140  at_ip.o(i.ip_send_frame)
    is_subnet                                0x0000b1a5   Thumb Code    34  at_lib.o(i.is_subnet)
    is_subnet_bcast                          0x0000b1c9   Thumb Code    40  at_arp.o(i.is_subnet_bcast)
    main_TcpNet                              0x0000b215   Thumb Code    52  at_system.o(i.main_TcpNet)
    mem_comp                                 0x0000b2d1   Thumb Code    30  at_lib.o(i.mem_comp)
    mem_copy                                 0x0000b2f1   Thumb Code    26  at_lib.o(i.mem_copy)
    mem_set                                  0x0000b30d   Thumb Code    16  at_lib.o(i.mem_set)
    mem_test                                 0x0000b31d   Thumb Code    22  at_lib.o(i.mem_test)
    mmc_Init                                 0x0000b333   Thumb Code   500  fs_mmc.o(i.mmc_Init)
    mmc_ReadInfo                             0x0000b527   Thumb Code   226  fs_mmc.o(i.mmc_ReadInfo)
    mmc_ReadSector                           0x0000b609   Thumb Code    84  fs_mmc.o(i.mmc_ReadSector)
    mmc_UnInit                               0x0000b661   Thumb Code    24  fs_mmc.o(i.mmc_UnInit)
    mmc_WriteSector                          0x0000b679   Thumb Code    88  fs_mmc.o(i.mmc_WriteSector)
    poll_ethernet                            0x0000b9e1   Thumb Code     2  at_ethernet.o(i.poll_ethernet)
    process_arp                              0x0000bb2d   Thumb Code   144  at_arp.o(i.process_arp)
    process_hl_igmp                          0x0000bbc5   Thumb Code     2  at_ethernet.o(i.process_hl_igmp)
    process_icmp                             0x0000bbc7   Thumb Code   116  at_icmp.o(i.process_icmp)
    process_tcp                              0x0000bc3d   Thumb Code  1142  at_tcp.o(i.process_tcp)
    process_udp                              0x0000c0b5   Thumb Code   188  at_udp.o(i.process_udp)
    put_in_queue                             0x0000c179   Thumb Code    36  at_ethernet.o(i.put_in_queue)
    resize_mem                               0x0000c321   Thumb Code    48  at_mem.o(i.resize_mem)
    run_dhcp_client                          0x0000c355   Thumb Code   270  at_dhcp.o(i.run_dhcp_client)
    run_eth_link                             0x0000c471   Thumb Code   162  at_ethernet.o(i.run_eth_link)
    run_ftp_server                           0x0000c521   Thumb Code  1546  at_ftp.o(i.run_ftp_server)
    set_u32                                  0x0000ce43   Thumb Code    16  at_lib.o(i.set_u32)
    str_copy                                 0x0000cec7   Thumb Code    22  at_lib.o(i.str_copy)
    str_ucomp                                0x0000cedd   Thumb Code    40  at_lib.o(i.str_ucomp)
    str_up_case                              0x0000cf05   Thumb Code    26  at_lib.o(i.str_up_case)
    tcp_abort                                0x0000cf21   Thumb Code    78  at_tcp.o(i.tcp_abort)
    tcp_check_send                           0x0000cf79   Thumb Code    48  at_tcp.o(i.tcp_check_send)
    tcp_close                                0x0000cfb1   Thumb Code   122  at_tcp.o(i.tcp_close)
    tcp_connect                              0x0000d035   Thumb Code   162  at_tcp.o(i.tcp_connect)
    tcp_get_buf                              0x0000d0e1   Thumb Code    16  at_tcp.o(i.tcp_get_buf)
    tcp_get_free_port                        0x0000d0f1   Thumb Code    76  at_tcp.o(i.tcp_get_free_port)
    tcp_get_socket                           0x0000d149   Thumb Code    62  at_tcp.o(i.tcp_get_socket)
    tcp_get_state                            0x0000d191   Thumb Code    34  at_tcp.o(i.tcp_get_state)
    tcp_listen                               0x0000d1d1   Thumb Code   114  at_tcp.o(i.tcp_listen)
    tcp_max_dsize                            0x0000d2ed   Thumb Code    32  at_tcp.o(i.tcp_max_dsize)
    tcp_poll_sockets                         0x0000d311   Thumb Code   542  at_tcp.o(i.tcp_poll_sockets)
    tcp_reset_tout                           0x0000d5c1   Thumb Code    40  at_tcp.o(i.tcp_reset_tout)
    tcp_send                                 0x0000d5f1   Thumb Code   252  at_tcp.o(i.tcp_send)
    timer_tick                               0x0000d93d   Thumb Code     8  at_system.o(i.timer_tick)
    udp_close                                0x0000d949   Thumb Code    34  at_udp.o(i.udp_close)
    udp_get_buf                              0x0000d975   Thumb Code    16  at_udp.o(i.udp_get_buf)
    udp_get_socket                           0x0000d985   Thumb Code    62  at_udp.o(i.udp_get_socket)
    udp_open                                 0x0000d9cd   Thumb Code   112  at_udp.o(i.udp_open)
    udp_release_socket                       0x0000da49   Thumb Code    40  at_udp.o(i.udp_release_socket)
    udp_send                                 0x0000da79   Thumb Code   258  at_udp.o(i.udp_send)
    _get_lc_ctype                            0x0000e2c9   Thumb Code    44  lc_ctype_c.o(locale$$code)
    __aeabi_dadd                             0x0000e2f5   Thumb Code     0  daddsub_clz.o(x$fpl$dadd)
    _dadd                                    0x0000e2f5   Thumb Code   332  daddsub_clz.o(x$fpl$dadd)
    __fpl_dcmp_Inf                           0x0000e445   Thumb Code    24  dcmpi.o(x$fpl$dcmpinf)
    __aeabi_ui2d                             0x0000e45d   Thumb Code     0  dflt_clz.o(x$fpl$dfltu)
    _dfltu                                   0x0000e45d   Thumb Code    38  dflt_clz.o(x$fpl$dfltu)
    __aeabi_cdcmple                          0x0000e485   Thumb Code     0  dleqf.o(x$fpl$dleqf)
    _dcmple                                  0x0000e485   Thumb Code   120  dleqf.o(x$fpl$dleqf)
    __fpl_dcmple_InfNaN                      0x0000e4e7   Thumb Code     0  dleqf.o(x$fpl$dleqf)
    __aeabi_dmul                             0x0000e4fd   Thumb Code     0  dmul.o(x$fpl$dmul)
    _dmul                                    0x0000e4fd   Thumb Code   332  dmul.o(x$fpl$dmul)
    __fpl_dnaninf                            0x0000e651   Thumb Code   156  dnaninf.o(x$fpl$dnaninf)
    __fpl_dretinf                            0x0000e6ed   Thumb Code    12  dretinf.o(x$fpl$dretinf)
    __aeabi_cdrcmple                         0x0000e6f9   Thumb Code     0  drleqf.o(x$fpl$drleqf)
    _drcmple                                 0x0000e6f9   Thumb Code   108  drleqf.o(x$fpl$drleqf)
    __aeabi_drsub                            0x0000e765   Thumb Code     0  daddsub_clz.o(x$fpl$drsb)
    _drsb                                    0x0000e765   Thumb Code    22  daddsub_clz.o(x$fpl$drsb)
    __aeabi_dsub                             0x0000e77d   Thumb Code     0  daddsub_clz.o(x$fpl$dsub)
    _dsub                                    0x0000e77d   Thumb Code   464  daddsub_clz.o(x$fpl$dsub)
    _fp_init                                 0x0000e951   Thumb Code    14  fpinit.o(x$fpl$fpinit)
    __fplib_config_pureend_doubles           0x0000e95d   Thumb Code     0  fpinit.o(x$fpl$fpinit)
    __I$use$fp                               0x0000e95f   Thumb Code     0  usenofp.o(x$fpl$usenofp)
    _NFILE                                   0x0000ea5c   Data           2  file_config.o(.constdata)
    _NDRV                                    0x0000ea5e   Data           2  file_config.o(.constdata)
    mc0_drv                                  0x0000ea60   Data          24  file_config.o(.constdata)
    fs_DevPool                               0x0000ea78   Data           8  file_config.o(.constdata)
    spi0_drv                                 0x0000ea80   Data          32  spi_lpc17xx.o(.constdata)
    __stdin_name                             0x0000eaa0   Data           6  retarget.o(.constdata)
    __stdout_name                            0x0000eaa6   Data           7  retarget.o(.constdata)
    __stderr_name                            0x0000eaad   Data           7  retarget.o(.constdata)
    nlocalm                                  0x0000eab4   Data          60  net_config.o(.constdata)
    netif_cfg                                0x0000eaf0   Data           1  net_config.o(.constdata)
    MPool_Size                               0x0000eaf4   Data           4  net_config.o(.constdata)
    tick_rate                                0x0000eaf8   Data           2  net_config.o(.constdata)
    arp_TabSize                              0x0000eafa   Data           2  net_config.o(.constdata)
    arp_TimeOut                              0x0000eafc   Data           2  net_config.o(.constdata)
    arp_MaxRetry                             0x0000eafe   Data           1  net_config.o(.constdata)
    arp_Resend                               0x0000eaff   Data           1  net_config.o(.constdata)
    dhcp_vcid                                0x0000eb00   Data           1  net_config.o(.constdata)
    udp_NumSocks                             0x0000eb01   Data           1  net_config.o(.constdata)
    tcp_NumSocks                             0x0000eb02   Data           1  net_config.o(.constdata)
    tcp_MaxRetry                             0x0000eb03   Data           1  net_config.o(.constdata)
    tcp_RetryTout                            0x0000eb04   Data           2  net_config.o(.constdata)
    tcp_2MSSTout                             0x0000eb06   Data           2  net_config.o(.constdata)
    tcp_SynRetryTout                         0x0000eb08   Data           2  net_config.o(.constdata)
    tcp_InitRetryTout                        0x0000eb0a   Data           2  net_config.o(.constdata)
    tcp_DefTout                              0x0000eb0c   Data           2  net_config.o(.constdata)
    tcp_ConRetry                             0x0000eb0e   Data           1  net_config.o(.constdata)
    ftp_NumSess                              0x0000eb0f   Data           1  net_config.o(.constdata)
    ftp_EnAuth                               0x0000eb10   Data           1  net_config.o(.constdata)
    ftp_PortNum                              0x0000eb12   Data           2  net_config.o(.constdata)
    ftp_auth_user                            0x0000eb14   Data           6  net_config.o(.constdata)
    MAC_Broadcast                            0x0000ec83   Data           6  at_ethernet.o(.constdata)
    IP_Broadcast                             0x0000ed33   Data           4  at_ip.o(.constdata)
    Region$$Table$$Base                      0x0000ed70   Number         0  anon$$obj.o(Region$$Table)
    Region$$Table$$Limit                     0x0000edb0   Number         0  anon$$obj.o(Region$$Table)
    __ctype                                  0x0000edbd   Data           0  lc_ctype_c.o(locale$$data)
    SystemFrequency                          0x10000000   Data           4  system_lpc17xx.o(.data)
    flag_new_cmdir                           0x10000004   Data           1  extint.o(.data)
    contEnableExtIr                          0x10000008   Data           4  extint.o(.data)
    last_port_ir                             0x1000000c   Data           1  ir.o(.data)
    ir_counter                               0x1000000e   Data           2  ir.o(.data)
    temp_ar                                  0x10000014   Data           1  touch.o(.data)
    current_id_scene                         0x10000015   Data           1  touch.o(.data)
    touch_led_press                          0x10000016   Data           1  touch.o(.data)
    key_state                                0x1000001e   Data           2  touch.o(.data)
    debounce_press                           0x10000020   Data           4  touch.o(.data)
    debounce_release                         0x10000024   Data           4  touch.o(.data)
    cont_save_current_scene                  0x10000028   Data           4  touch.o(.data)
    cnt_erase_leds                           0x1000002c   Data           4  touch.o(.data)
    touchEnaDis                              0x10000030   Data           4  touch.o(.data)
    iap_entry                                0x10000038   Data           4  emac_lpc17xx.o(.data)
    lhost_name                               0x1000003c   Data          16  net_config.o(.data)
    last_soc_client                          0x1000004d   Data           1  tcpip.o(.data)
    tcp_server_soc                           0x1000004e   Data           1  tcpip.o(.data)
    udp_soc                                  0x1000004f   Data           1  tcpip.o(.data)
    tcp_state                                0x10000050   Data           1  tcpip.o(.data)
    ftp_state                                0x10000051   Data           1  tcpip.o(.data)
    tcp_client_soc                           0x1000005c   Data           4  tcpip.o(.data)
    dhcp_tout                                0x10000060   Data           4  tcpip.o(.data)
    sys_tick                                 0x1000006c   Data           1  at_system.o(.data)
    sec_tick                                 0x1000006d   Data           1  at_system.o(.data)
    timer_cnt                                0x10000070   Data           2  at_system.o(.data)
    __aeabi_stdin                            0x10000074   Data           4  stdio_streams.o(.data)
    __aeabi_stderr                           0x10000078   Data           4  stdio_streams.o(.data)
    cfg                                      0x10000e00   Data         142  msd_sd_file.o(.bss)
    ftp_auth_passw                           0x10003a22   Data          20  net_config.o(.bss)
    udp_socket                               0x10003a38   Data          60  net_config.o(.bss)
    tcp_socket                               0x10003a74   Data         704  net_config.o(.bss)
    udp_buf                                  0x10003d34   Data         256  tcpip.o(.bss)
    __stdin                                  0x10003ed0   Data          80  stdio_streams.o(.bss)
    __stderr                                 0x10003f20   Data          80  stdio_streams.o(.bss)
    rcv_cmd                                  0x2007c000   Data           1  uart.o(.data)
    rcv                                      0x2007c001   Data           1  uart.o(.data)
    lp                                       0x2007c004   Data           4  uart.o(.data)
    cntUART2                                 0x2007c008   Data           4  uart.o(.data)
    cntUART0                                 0x2007c00c   Data           4  uart.o(.data)
    tick                                     0x2007c013   Data           1  timer.o(.data)
    tick_10ms                                0x2007c014   Data           1  timer.o(.data)
    tick_50ms                                0x2007c015   Data           1  timer.o(.data)
    tick_30ms                                0x2007c016   Data           1  timer.o(.data)
    timer1_counter                           0x2007c018   Data           8  timer.o(.data)
    timer0_counter                           0x2007c020   Data           8  timer.o(.data)
    type_dim0                                0x2007c02e   Data           3  msd_sd_file.o(.data)
    type_dim1                                0x2007c031   Data           3  msd_sd_file.o(.data)
    type_dim2                                0x2007c034   Data           3  msd_sd_file.o(.data)
    PWM_freq_KHz                             0x2007c038   Data           4  pwm_ir.o(.data)
    ir_state                                 0x2007c03c   Data           1  register.o(.data)
    out_leds                                 0x2007c040   Data           4  register.o(.data)
    own_hw_adr                               0x2007c044   Data           6  net_config.o(.data)
    __aeabi_stdout                           0x2007c060   Data           4  stdio_streams.o(.data)
    buf_tx                                   0x2007c064   Data         160  uart.o(.bss)
    buf_rx                                   0x2007c104   Data         160  uart.o(.bss)
    _iob                                     0x2007c1a4   Data         256  file_config.o(.bss)
    ir                                       0x2007c2a4   Data         800  ir.o(.bss)
    ir_cmp                                   0x2007c5c4   Data         800  ir.o(.bss)
    strTouchEnaDis                           0x2007c8e4   Data          20  touch.o(.bss)
    aux_scene                                0x2007c8f8   Data          30  touch.o(.bss)
    current_scene                            0x2007c916   Data          30  touch.o(.bss)
    scene                                    0x2007c934   Data         120  touch.o(.bss)
    Mem_Pool                                 0x2007c9ac   Data        8192  net_config.o(.bss)
    arp_table                                0x2007e9ac   Data         140  net_config.o(.bss)
    ftp_session                              0x2007ea38   Data          72  net_config.o(.bss)
    localm                                   0x2007ea80   Data          60  at_system.o(.bss)
    __stdout                                 0x2007eabc   Data          80  stdio_streams.o(.bss)
    __libspace_start                         0x2007eb0c   Data          96  libspace.o(.bss)
    __temporary_stack_top$libspace           0x2007eb6c   Data           0  libspace.o(.bss)



==============================================================================

Memory Map of the image

  Image Entry point : 0x000000cd

  Load Region LR_IROM1 (Base: 0x00000000, Size: 0x0000efa0, Max: 0x00080000, ABSOLUTE)

    Execution Region ER_IROM1 (Base: 0x00000000, Size: 0x0000eec0, Max: 0x00080000, ABSOLUTE)

    Base Addr    Size         Type   Attr      Idx    E Section Name        Object

    0x00000000   0x000000cc   Data   RO            3    RESET               startup_lpc17xx.o
    0x000000cc   0x00000008   Code   RO         1196  * !!!main             c_w.l(__main.o)
    0x000000d4   0x00000034   Code   RO         1596    !!!scatter          c_w.l(__scatter.o)
    0x00000108   0x0000001a   Code   RO         1598    !!handler_copy      c_w.l(__scatter_copy.o)
    0x00000122   0x00000002   PAD
    0x00000124   0x0000001c   Code   RO         1600    !!handler_zi        c_w.l(__scatter_zi.o)
    0x00000140   0x00000000   Code   RO         1137    .ARM.Collect$$_printf_percent$$00000000  c_w.l(_printf_percent.o)
    0x00000140   0x00000006   Code   RO         1132    .ARM.Collect$$_printf_percent$$00000001  c_w.l(_printf_n.o)
    0x00000146   0x00000006   Code   RO         1134    .ARM.Collect$$_printf_percent$$00000002  c_w.l(_printf_p.o)
    0x0000014c   0x00000006   Code   RO         1135    .ARM.Collect$$_printf_percent$$00000009  c_w.l(_printf_d.o)
    0x00000152   0x00000006   Code   RO         1136    .ARM.Collect$$_printf_percent$$0000000A  c_w.l(_printf_u.o)
    0x00000158   0x00000006   Code   RO         1133    .ARM.Collect$$_printf_percent$$0000000C  c_w.l(_printf_x.o)
    0x0000015e   0x00000006   Code   RO         1130    .ARM.Collect$$_printf_percent$$00000013  c_w.l(_printf_c.o)
    0x00000164   0x00000006   Code   RO         1131    .ARM.Collect$$_printf_percent$$00000014  c_w.l(_printf_s.o)
    0x0000016a   0x00000004   Code   RO         1303    .ARM.Collect$$_printf_percent$$00000017  c_w.l(_printf_percent_end.o)
    0x0000016e   0x00000006   Code   RO         1537    .ARM.Collect$$libinit$$00000000  c_w.l(libinit.o)
    0x00000174   0x00000008   Code   RO         1432    .ARM.Collect$$libinit$$00000001  c_w.l(libinit2.o)
    0x0000017c   0x00000000   Code   RO         1434    .ARM.Collect$$libinit$$00000006  c_w.l(libinit2.o)
    0x0000017c   0x00000000   Code   RO         1436    .ARM.Collect$$libinit$$00000008  c_w.l(libinit2.o)
    0x0000017c   0x00000000   Code   RO         1438    .ARM.Collect$$libinit$$0000000A  c_w.l(libinit2.o)
    0x0000017c   0x00000006   Code   RO         1439    .ARM.Collect$$libinit$$0000000B  c_w.l(libinit2.o)
    0x00000182   0x00000000   Code   RO         1441    .ARM.Collect$$libinit$$0000000D  c_w.l(libinit2.o)
    0x00000182   0x0000000c   Code   RO         1442    .ARM.Collect$$libinit$$0000000E  c_w.l(libinit2.o)
    0x0000018e   0x00000000   Code   RO         1443    .ARM.Collect$$libinit$$0000000F  c_w.l(libinit2.o)
    0x0000018e   0x00000000   Code   RO         1445    .ARM.Collect$$libinit$$00000011  c_w.l(libinit2.o)
    0x0000018e   0x00000000   Code   RO         1447    .ARM.Collect$$libinit$$00000013  c_w.l(libinit2.o)
    0x0000018e   0x00000000   Code   RO         1449    .ARM.Collect$$libinit$$00000015  c_w.l(libinit2.o)
    0x0000018e   0x00000000   Code   RO         1451    .ARM.Collect$$libinit$$00000017  c_w.l(libinit2.o)
    0x0000018e   0x00000000   Code   RO         1453    .ARM.Collect$$libinit$$00000019  c_w.l(libinit2.o)
    0x0000018e   0x00000000   Code   RO         1455    .ARM.Collect$$libinit$$0000001B  c_w.l(libinit2.o)
    0x0000018e   0x00000000   Code   RO         1457    .ARM.Collect$$libinit$$0000001D  c_w.l(libinit2.o)
    0x0000018e   0x00000000   Code   RO         1459    .ARM.Collect$$libinit$$0000001F  c_w.l(libinit2.o)
    0x0000018e   0x00000004   Code   RO         1460    .ARM.Collect$$libinit$$00000020  c_w.l(libinit2.o)
    0x00000192   0x00000000   Code   RO         1461    .ARM.Collect$$libinit$$00000021  c_w.l(libinit2.o)
    0x00000192   0x00000000   Code   RO         1465    .ARM.Collect$$libinit$$00000028  c_w.l(libinit2.o)
    0x00000192   0x00000000   Code   RO         1467    .ARM.Collect$$libinit$$0000002A  c_w.l(libinit2.o)
    0x00000192   0x00000000   Code   RO         1469    .ARM.Collect$$libinit$$0000002C  c_w.l(libinit2.o)
    0x00000192   0x00000000   Code   RO         1471    .ARM.Collect$$libinit$$0000002E  c_w.l(libinit2.o)
    0x00000192   0x00000002   Code   RO         1472    .ARM.Collect$$libinit$$0000002F  c_w.l(libinit2.o)
    0x00000194   0x00000002   Code   RO         1593    .ARM.Collect$$libshutdown$$00000000  c_w.l(libshutdown.o)
    0x00000196   0x00000004   Code   RO         1474    .ARM.Collect$$libshutdown$$00000002  c_w.l(libshutdown2.o)
    0x0000019a   0x00000000   Code   RO         1475    .ARM.Collect$$libshutdown$$00000003  c_w.l(libshutdown2.o)
    0x0000019a   0x00000000   Code   RO         1478    .ARM.Collect$$libshutdown$$00000006  c_w.l(libshutdown2.o)
    0x0000019a   0x00000000   Code   RO         1481    .ARM.Collect$$libshutdown$$00000009  c_w.l(libshutdown2.o)
    0x0000019a   0x00000000   Code   RO         1483    .ARM.Collect$$libshutdown$$0000000B  c_w.l(libshutdown2.o)
    0x0000019a   0x00000000   Code   RO         1486    .ARM.Collect$$libshutdown$$0000000E  c_w.l(libshutdown2.o)
    0x0000019a   0x00000002   Code   RO         1487    .ARM.Collect$$libshutdown$$0000000F  c_w.l(libshutdown2.o)
    0x0000019c   0x00000000   Code   RO         1218    .ARM.Collect$$rtentry$$00000000  c_w.l(rtentry.o)
    0x0000019c   0x00000000   Code   RO         1342    .ARM.Collect$$rtentry$$00000002  c_w.l(rtentry2.o)
    0x0000019c   0x00000006   Code   RO         1357    .ARM.Collect$$rtentry$$00000004  c_w.l(rtentry4.o)
    0x000001a2   0x00000000   Code   RO         1344    .ARM.Collect$$rtentry$$00000009  c_w.l(rtentry2.o)
    0x000001a2   0x00000004   Code   RO         1345    .ARM.Collect$$rtentry$$0000000A  c_w.l(rtentry2.o)
    0x000001a6   0x00000000   Code   RO         1347    .ARM.Collect$$rtentry$$0000000C  c_w.l(rtentry2.o)
    0x000001a6   0x00000008   Code   RO         1348    .ARM.Collect$$rtentry$$0000000D  c_w.l(rtentry2.o)
    0x000001ae   0x00000002   Code   RO         1538    .ARM.Collect$$rtexit$$00000000  c_w.l(rtexit.o)
    0x000001b0   0x00000000   Code   RO         1561    .ARM.Collect$$rtexit$$00000002  c_w.l(rtexit2.o)
    0x000001b0   0x00000004   Code   RO         1562    .ARM.Collect$$rtexit$$00000003  c_w.l(rtexit2.o)
    0x000001b4   0x00000006   Code   RO         1563    .ARM.Collect$$rtexit$$00000004  c_w.l(rtexit2.o)
    0x000001ba   0x00000002   PAD
    0x000001bc   0x00000000   Code   RO         1496    .emb_text           c_w.l(maybetermalloc1.o)
    0x000001bc   0x00000038   Code   RO            5    .text               startup_lpc17xx.o
    0x000001f4   0x00000090   Code   RO          244    .text               file_config.o
    0x00000284   0x00000004   Code   RO          376    .text               control_ir.o
    0x00000288   0x00000052   Code   RO          540    .text               net_config.o
    0x000002da   0x00000002   Code   RO         1059    .text               c_w.l(use_no_semi.o)
    0x000002dc   0x0000001a   Code   RO         1063    .text               c_w.l(tolower.o)
    0x000002f6   0x00000006   Code   RO         1194    .text               c_w.l(heapauxi.o)
    0x000002fc   0x00000004   Code   RO            4    .ARM.__at_0x02FC    startup_lpc17xx.o
    0x00000300   0x0000021c   Code   RO           13    .text               system_lpc17xx.o
    0x0000051c   0x00000210   Code   RO           44    .text               main.o
    0x0000072c   0x00001404   Code   RO          128    .text               uart.o
    0x00001b30   0x00000270   Code   RO          198    .text               timer.o
    0x00001da0   0x00000550   Code   RO          223    .text               extint.o
    0x000022f0   0x00000178   Code   RO          277    .text               spi_lpc17xx.o
    0x00002468   0x00000e4c   Code   RO          294    .text               msd_sd_file.o
    0x000032b4   0x0000013c   Code   RO          345    .text               retarget.o
    0x000033f0   0x00000874   Code   RO          399    .text               ir.o
    0x00003c64   0x00000184   Code   RO          422    .text               pwm_ir.o
    0x00003de8   0x00000328   Code   RO          446    .text               cmds_ir.o
    0x00004110   0x0000096c   Code   RO          460    .text               touch.o
    0x00004a7c   0x00000180   Code   RO          481    .text               register.o
    0x00004bfc   0x00000558   Code   RO          503    .text               emac_lpc17xx.o
    0x00005154   0x000002f8   Code   RO          526    .text               ftp_uif.o
    0x0000544c   0x00000dc0   Code   RO          587    .text               tcpip.o
    0x0000620c   0x0000001e   Code   RO         1065    .text               c_w.l(toupper.o)
    0x0000622a   0x00000002   PAD
    0x0000622c   0x00000018   Code   RO         1067    .text               c_w.l(__2printf.o)
    0x00006244   0x00000014   Code   RO         1069    .text               c_w.l(__2fprintf.o)
    0x00006258   0x0000002c   Code   RO         1071    .text               c_w.l(__2sprintf.o)
    0x00006284   0x00000050   Code   RO         1081    .text               c_w.l(_printf_pad.o)
    0x000062d4   0x00000052   Code   RO         1083    .text               c_w.l(_printf_str.o)
    0x00006326   0x00000002   PAD
    0x00006328   0x00000078   Code   RO         1085    .text               c_w.l(_printf_dec.o)
    0x000063a0   0x0000002a   Code   RO         1087    .text               c_w.l(_printf_charcount.o)
    0x000063ca   0x00000002   PAD
    0x000063cc   0x00000080   Code   RO         1101    .text               c_w.l(_printf_hex_int_ptr.o)
    0x0000644c   0x0000019c   Code   RO         1127    .text               c_w.l(__printf_flags_ss_wp.o)
    0x000065e8   0x0000003c   Code   RO         1138    .text               c_w.l(__0sscanf.o)
    0x00006624   0x0000014e   Code   RO         1140    .text               c_w.l(_scanf_int.o)
    0x00006772   0x0000001a   Code   RO         1142    .text               c_w.l(atoi.o)
    0x0000678c   0x00000064   Code   RO         1144    .text               c_w.l(fflush.o)
    0x000067f0   0x000000ec   Code   RO         1154    .text               c_w.l(fopen.o)
    0x000068dc   0x0000004e   Code   RO         1162    .text               c_w.l(fclose.o)
    0x0000692a   0x00000024   Code   RO         1172    .text               c_w.l(strstr.o)
    0x0000694e   0x00000048   Code   RO         1174    .text               c_w.l(strcpy.o)
    0x00006996   0x0000003e   Code   RO         1176    .text               c_w.l(strlen.o)
    0x000069d4   0x00000018   Code   RO         1178    .text               c_w.l(strcat.o)
    0x000069ec   0x0000008a   Code   RO         1180    .text               c_w.l(rt_memcpy_v6.o)
    0x00006a76   0x00000064   Code   RO         1182    .text               c_w.l(rt_memcpy_w.o)
    0x00006ada   0x00000010   Code   RO         1184    .text               c_w.l(aeabi_memset.o)
    0x00006aea   0x00000044   Code   RO         1186    .text               c_w.l(rt_memclr.o)
    0x00006b2e   0x0000004e   Code   RO         1188    .text               c_w.l(rt_memclr_w.o)
    0x00006b7c   0x00000056   Code   RO         1190    .text               c_w.l(strncpy.o)
    0x00006bd2   0x00000002   PAD
    0x00006bd4   0x00000080   Code   RO         1192    .text               c_w.l(strcmpv7m.o)
    0x00006c54   0x00000010   Code   RO         1220    .text               c_w.l(rt_ctype_table.o)
    0x00006c64   0x00000008   Code   RO         1229    .text               c_w.l(rt_errno_addr_intlibspace.o)
    0x00006c6c   0x0000005e   Code   RO         1235    .text               c_w.l(h1_alloc.o)
    0x00006cca   0x0000004e   Code   RO         1237    .text               c_w.l(h1_free.o)
    0x00006d18   0x000000b6   Code   RO         1293    .text               c_w.l(_printf_intcommon.o)
    0x00006dce   0x00000002   PAD
    0x00006dd0   0x00000030   Code   RO         1295    .text               c_w.l(_printf_char_common.o)
    0x00006e00   0x0000000a   Code   RO         1297    .text               c_w.l(_sputc.o)
    0x00006e0a   0x0000002c   Code   RO         1299    .text               c_w.l(_printf_char.o)
    0x00006e36   0x00000002   PAD
    0x00006e38   0x00000024   Code   RO         1301    .text               c_w.l(_printf_char_file.o)
    0x00006e5c   0x00000020   Code   RO         1304    .text               c_w.l(_chval.o)
    0x00006e7c   0x00000030   Code   RO         1306    .text               c_w.l(scanf_char.o)
    0x00006eac   0x00000040   Code   RO         1308    .text               c_w.l(_sgetc.o)
    0x00006eec   0x00000070   Code   RO         1310    .text               c_w.l(strtol.o)
    0x00006f5c   0x00000242   Code   RO         1312    .text               c_w.l(filbuf.o)
    0x0000719e   0x00000002   PAD
    0x000071a0   0x000000f8   Code   RO         1318    .text               c_w.l(fseek.o)
    0x00007298   0x000000f0   Code   RO         1320    .text               c_w.l(stdio.o)
    0x00007388   0x00000138   Code   RO         1323    .text               c_w.l(initio.o)
    0x000074c0   0x00000008   Code   RO         1338    .text               c_w.l(libspace.o)
    0x000074c8   0x00000008   Code   RO         1364    .text               c_w.l(rt_heap_descriptor_intlibspace.o)
    0x000074d0   0x00000008   Code   RO         1369    .text               c_w.l(rt_locale_intlibspace.o)
    0x000074d8   0x00000004   Code   RO         1371    .text               c_w.l(hguard.o)
    0x000074dc   0x0000008a   Code   RO         1373    .text               c_w.l(init_alloc.o)
    0x00007566   0x0000000e   Code   RO         1377    .text               c_w.l(h1_init.o)
    0x00007574   0x00000012   Code   RO         1391    .text               c_w.l(isspace.o)
    0x00007586   0x00000002   PAD
    0x00007588   0x00000388   Code   RO         1395    .text               c_w.l(_scanf.o)
    0x00007910   0x0000009e   Code   RO         1397    .text               c_w.l(_strtoul.o)
    0x000079ae   0x00000008   Code   RO         1399    .text               c_w.l(ferror.o)
    0x000079b6   0x000001d8   Code   RO         1401    .text               c_w.l(flsbuf.o)
    0x00007b8e   0x00000046   Code   RO         1403    .text               c_w.l(ftell.o)
    0x00007bd4   0x00000046   Code   RO         1405    .text               c_w.l(setvbuf.o)
    0x00007c1a   0x00000120   Code   RO         1407    .text               c_w.l(freadfast.o)
    0x00007d3a   0x00000002   PAD
    0x00007d3c   0x00000034   Code   RO         1411    .text               c_w.l(flushlinebuffered.o)
    0x00007d70   0x0000000e   Code   RO         1426    .text               c_w.l(defsig_rtred_outer.o)
    0x00007d7e   0x0000004a   Code   RO         1490    .text               c_w.l(sys_stackheap_outer.o)
    0x00007dc8   0x00000034   Code   RO         1500    .text               c_w.l(h1_extend.o)
    0x00007dfc   0x000000c6   Code   RO         1506    .text               c_w.l(fwritefast.o)
    0x00007ec2   0x0000000c   Code   RO         1510    .text               c_w.l(exit.o)
    0x00007ece   0x0000000a   Code   RO         1512    .text               c_w.l(defsig_exit.o)
    0x00007ed8   0x00000034   Code   RO         1518    .text               c_w.l(defsig_rtred_inner.o)
    0x00007f0c   0x0000000e   Code   RO         1520    .text               c_w.l(defsig_rtmem_outer.o)
    0x00007f1a   0x00000032   Code   RO         1548    .text               c_w.l(defsig_general.o)
    0x00007f4c   0x0000004c   Code   RO         1552    .text               c_w.l(defsig_rtmem_inner.o)
    0x00007f98   0x00000008   Code   RO         1571    .text               c_w.l(rt_fp_status_addr_intlibspace.o)
    0x00007fa0   0x00000014   Code   RO          841    i.CalcChksum        TCP_CM3.lib(at_lib.o)
    0x00007fb4   0x00000028   Code   RO          842    i.CalcChksumBuf     TCP_CM3.lib(at_lib.o)
    0x00007fdc   0x0000000a   Code   RO          843    i.CalcChksumVal     TCP_CM3.lib(at_lib.o)
    0x00007fe6   0x0000000a   Code   RO          844    i.SwapB             TCP_CM3.lib(at_lib.o)
    0x00007ff0   0x00000054   Code   RO          612    i.__sys_close       FS_CM3.lib(fs_sys.o)
    0x00008044   0x00000044   Code   RO          613    i.__sys_ensure      FS_CM3.lib(fs_sys.o)
    0x00008088   0x00000038   Code   RO          614    i.__sys_flen        FS_CM3.lib(fs_sys.o)
    0x000080c0   0x00000168   Code   RO          615    i.__sys_open        FS_CM3.lib(fs_sys.o)
    0x00008228   0x0000004c   Code   RO          616    i.__sys_read        FS_CM3.lib(fs_sys.o)
    0x00008274   0x00000044   Code   RO          617    i.__sys_seek        FS_CM3.lib(fs_sys.o)
    0x000082b8   0x0000004c   Code   RO          618    i.__sys_write       FS_CM3.lib(fs_sys.o)
    0x00008304   0x0000000e   Code   RO         1120    i._is_digit         c_w.l(__printf_wp.o)
    0x00008312   0x00000002   PAD
    0x00008314   0x000000a0   Code   RO          889    i.alloc_mem         TCP_CM3.lib(at_mem.o)
    0x000083b4   0x000000e0   Code   RO          908    i.alloc_name        FS_CM3.lib(fs_fat.o)
    0x00008494   0x0000004a   Code   RO          909    i.alloc_new_clus    FS_CM3.lib(fs_fat.o)
    0x000084de   0x00000002   PAD
    0x000084e0   0x000000c4   Code   RO          672    i.arp_cache_add     TCP_CM3.lib(at_arp.o)
    0x000085a4   0x0000006c   Code   RO          673    i.arp_cache_alloc   TCP_CM3.lib(at_arp.o)
    0x00008610   0x00000118   Code   RO          674    i.arp_cache_find    TCP_CM3.lib(at_arp.o)
    0x00008728   0x000000f8   Code   RO          676    i.arp_cache_update  TCP_CM3.lib(at_arp.o)
    0x00008820   0x00000068   Code   RO          678    i.arp_get_response  TCP_CM3.lib(at_arp.o)
    0x00008888   0x0000009c   Code   RO          679    i.arp_send_reply    TCP_CM3.lib(at_arp.o)
    0x00008924   0x000000ac   Code   RO          680    i.arp_send_req      TCP_CM3.lib(at_arp.o)
    0x000089d0   0x00000066   Code   RO          910    i.cache_fat         FS_CM3.lib(fs_fat.o)
    0x00008a36   0x00000070   Code   RO          911    i.check_lfn         FS_CM3.lib(fs_fat.o)
    0x00008aa6   0x00000006   Code   RO          912    i.check_name        FS_CM3.lib(fs_fat.o)
    0x00008aac   0x000000ac   Code   RO          913    i.chk_dir_empty     FS_CM3.lib(fs_fat.o)
    0x00008b58   0x0000003c   Code   RO          915    i.clear_clus        FS_CM3.lib(fs_fat.o)
    0x00008b94   0x00000014   Code   RO          794    i.close_file        TCP_CM3.lib(at_ftp.o)
    0x00008ba8   0x0000001a   Code   RO          916    i.clus_to_sect      FS_CM3.lib(fs_fat.o)
    0x00008bc2   0x00000002   PAD
    0x00008bc4   0x0000010a   Code   RO          917    i.count_free_clus   FS_CM3.lib(fs_fat.o)
    0x00008cce   0x0000009e   Code   RO          918    i.cvt_fatname       FS_CM3.lib(fs_fat.o)
    0x00008d6c   0x000000ae   Code   RO          919    i.delete_entries    FS_CM3.lib(fs_fat.o)
    0x00008e1a   0x00000002   PAD
    0x00008e1c   0x00000030   Code   RO          777    i.dhcp_disable      TCP_CM3.lib(at_dhcp.o)
    0x00008e4c   0x00000200   Code   RO          778    i.dhcp_listener     TCP_CM3.lib(at_dhcp.o)
    0x0000904c   0x000001f0   Code   RO          779    i.dhcp_send_message  TCP_CM3.lib(at_dhcp.o)
    0x0000923c   0x00000010   Code   RO          822    i.eth_chk_adr       TCP_CM3.lib(at_ethernet.o)
    0x0000924c   0x00000098   Code   RO          824    i.eth_send_frame    TCP_CM3.lib(at_ethernet.o)
    0x000092e4   0x00000056   Code   RO          920    i.fat_create        FS_CM3.lib(fs_fat.o)
    0x0000933a   0x00000060   Code   RO          921    i.fat_delete        FS_CM3.lib(fs_fat.o)
    0x0000939a   0x00000044   Code   RO          922    i.fat_ffind         FS_CM3.lib(fs_fat.o)
    0x000093de   0x0000004c   Code   RO          923    i.fat_find          FS_CM3.lib(fs_fat.o)
    0x0000942a   0x00000084   Code   RO          924    i.fat_find_dir      FS_CM3.lib(fs_fat.o)
    0x000094ae   0x0000013a   Code   RO          927    i.fat_init          FS_CM3.lib(fs_fat.o)
    0x000095e8   0x000000b4   Code   RO          928    i.fat_read          FS_CM3.lib(fs_fat.o)
    0x0000969c   0x00000090   Code   RO          929    i.fat_rename        FS_CM3.lib(fs_fat.o)
    0x0000972c   0x0000007c   Code   RO          930    i.fat_seek          FS_CM3.lib(fs_fat.o)
    0x000097a8   0x000000c6   Code   RO          931    i.fat_wclose        FS_CM3.lib(fs_fat.o)
    0x0000986e   0x000000ea   Code   RO          932    i.fat_write         FS_CM3.lib(fs_fat.o)
    0x00009958   0x00000080   Code   RO          630    i.fdelete           FS_CM3.lib(fs_mapi.o)
    0x000099d8   0x000001b8   Code   RO          631    i.ffind             FS_CM3.lib(fs_mapi.o)
    0x00009b90   0x00000018   Code   RO         1147    i.fgetc             c_w.l(fgetc.o)
    0x00009ba8   0x00000006   Code   RO          933    i.find_name         FS_CM3.lib(fs_fat.o)
    0x00009bae   0x00000002   PAD
    0x00009bb0   0x0000007c   Code   RO          634    i.finit             FS_CM3.lib(fs_mapi.o)
    0x00009c2c   0x0000001a   Code   RO         1315    i.fputc             c_w.l(fputc.o)
    0x00009c46   0x00000002   PAD
    0x00009c48   0x00000068   Code   RO          890    i.free_mem          TCP_CM3.lib(at_mem.o)
    0x00009cb0   0x00000014   Code   RO          795    i.free_name         TCP_CM3.lib(at_ftp.o)
    0x00009cc4   0x000000cc   Code   RO          635    i.frename           FS_CM3.lib(fs_mapi.o)
    0x00009d90   0x0000005c   Code   RO          636    i.fs_cfg_drv        FS_CM3.lib(fs_mapi.o)
    0x00009dec   0x00000028   Code   RO         1028    i.fs_chk_media      FS_CM3.lib(fs_lib.o)
    0x00009e14   0x00000024   Code   RO         1029    i.fs_dir            FS_CM3.lib(fs_lib.o)
    0x00009e38   0x00000038   Code   RO         1030    i.fs_find_iob       FS_CM3.lib(fs_lib.o)
    0x00009e70   0x00000008   Code   RO         1053    i.fs_get_date       FS_CM3.lib(fs_time.o)
    0x00009e78   0x00000006   Code   RO         1054    i.fs_get_time       FS_CM3.lib(fs_time.o)
    0x00009e7e   0x00000002   PAD
    0x00009e80   0x00000054   Code   RO         1031    i.fs_lock           FS_CM3.lib(fs_lib.o)
    0x00009ed4   0x00000078   Code   RO         1032    i.fs_map_drive      FS_CM3.lib(fs_lib.o)
    0x00009f4c   0x0000001a   Code   RO         1033    i.fs_strpos         FS_CM3.lib(fs_lib.o)
    0x00009f66   0x00000002   PAD
    0x00009f68   0x000000a4   Code   RO          796    i.ftp_data_cb       TCP_CM3.lib(at_ftp.o)
    0x0000a00c   0x00000040   Code   RO          797    i.ftp_kill_session  TCP_CM3.lib(at_ftp.o)
    0x0000a04c   0x000005a0   Code   RO          798    i.ftp_listener      TCP_CM3.lib(at_ftp.o)
    0x0000a5ec   0x00000038   Code   RO          799    i.ftp_map_session   TCP_CM3.lib(at_ftp.o)
    0x0000a624   0x00000024   Code   RO          934    i.get_EOC           FS_CM3.lib(fs_fat.o)
    0x0000a648   0x0000007e   Code   RO          935    i.get_bootrec       FS_CM3.lib(fs_fat.o)
    0x0000a6c6   0x00000002   PAD
    0x0000a6c8   0x00000028   Code   RO          849    i.get_crc           TCP_CM3.lib(at_lib.o)
    0x0000a6f0   0x0000002c   Code   RO          936    i.get_date          FS_CM3.lib(fs_fat.o)
    0x0000a71c   0x0000002c   Code   RO          937    i.get_dir_sect      FS_CM3.lib(fs_fat.o)
    0x0000a748   0x00000032   Code   RO          938    i.get_fat_sect      FS_CM3.lib(fs_fat.o)
    0x0000a77a   0x00000028   Code   RO          800    i.get_fname         TCP_CM3.lib(at_ftp.o)
    0x0000a7a2   0x00000002   PAD
    0x0000a7a4   0x000000d8   Code   RO          939    i.get_free_clus     FS_CM3.lib(fs_fat.o)
    0x0000a87c   0x0000007c   Code   RO          940    i.get_fsinfo        FS_CM3.lib(fs_fat.o)
    0x0000a8f8   0x000001c0   Code   RO          941    i.get_next_info     FS_CM3.lib(fs_fat.o)
    0x0000aab8   0x00000194   Code   RO          942    i.get_nt_name       FS_CM3.lib(fs_fat.o)
    0x0000ac4c   0x00000030   Code   RO          943    i.get_time          FS_CM3.lib(fs_fat.o)
    0x0000ac7c   0x00000016   Code   RO          851    i.get_u32           TCP_CM3.lib(at_lib.o)
    0x0000ac92   0x0000000c   Code   RO          944    i.get_u32           FS_CM3.lib(fs_fat.o)
    0x0000ac9e   0x00000002   PAD
    0x0000aca0   0x00000038   Code   RO          899    i.init_TcpNet       TCP_CM3.lib(at_system.o)
    0x0000acd8   0x00000028   Code   RO          681    i.init_arp          TCP_CM3.lib(at_arp.o)
    0x0000ad00   0x00000064   Code   RO          780    i.init_dhcp         TCP_CM3.lib(at_dhcp.o)
    0x0000ad64   0x000000bc   Code   RO          638    i.init_drv          FS_CM3.lib(fs_mapi.o)
    0x0000ae20   0x00000024   Code   RO          825    i.init_eth_link     TCP_CM3.lib(at_ethernet.o)
    0x0000ae44   0x0000007c   Code   RO          801    i.init_ftp          TCP_CM3.lib(at_ftp.o)
    0x0000aec0   0x00000024   Code   RO          891    i.init_mem          TCP_CM3.lib(at_mem.o)
    0x0000aee4   0x00000028   Code   RO          771    i.init_nbns         TCP_CM3.lib(at_nbns.o)
    0x0000af0c   0x00000018   Code   RO          697    i.init_tcp          TCP_CM3.lib(at_tcp.o)
    0x0000af24   0x0000001c   Code   RO          752    i.init_udp          TCP_CM3.lib(at_udp.o)
    0x0000af40   0x000000c4   Code   RO         1041    i.ip_chk_frame      TCP_CM3.lib(at_ip.o)
    0x0000b004   0x0000000a   Code   RO         1042    i.ip_get_chksum     TCP_CM3.lib(at_ip.o)
    0x0000b00e   0x00000002   PAD
    0x0000b010   0x0000009c   Code   RO         1043    i.ip_get_locadr     TCP_CM3.lib(at_ip.o)
    0x0000b0ac   0x00000090   Code   RO         1044    i.ip_send_frame     TCP_CM3.lib(at_ip.o)
    0x0000b13c   0x00000038   Code   RO          945    i.is_EOC            FS_CM3.lib(fs_fat.o)
    0x0000b174   0x00000030   Code   RO          802    i.is_ffind_busy     TCP_CM3.lib(at_ftp.o)
    0x0000b1a4   0x00000022   Code   RO          852    i.is_subnet         TCP_CM3.lib(at_lib.o)
    0x0000b1c6   0x00000002   PAD
    0x0000b1c8   0x0000002c   Code   RO          682    i.is_subnet_bcast   TCP_CM3.lib(at_arp.o)
    0x0000b1f4   0x0000001e   Code   RO          946    i.lfn_calc_chksum   FS_CM3.lib(fs_fat.o)
    0x0000b212   0x00000002   PAD
    0x0000b214   0x0000003c   Code   RO          900    i.main_TcpNet       TCP_CM3.lib(at_system.o)
    0x0000b250   0x00000080   Code   RO          803    i.make_path         TCP_CM3.lib(at_ftp.o)
    0x0000b2d0   0x0000001e   Code   RO          853    i.mem_comp          TCP_CM3.lib(at_lib.o)
    0x0000b2ee   0x00000002   PAD
    0x0000b2f0   0x0000001a   Code   RO          854    i.mem_copy          TCP_CM3.lib(at_lib.o)
    0x0000b30a   0x00000002   PAD
    0x0000b30c   0x00000010   Code   RO          856    i.mem_set           TCP_CM3.lib(at_lib.o)
    0x0000b31c   0x00000016   Code   RO          857    i.mem_test          TCP_CM3.lib(at_lib.o)
    0x0000b332   0x000001f4   Code   RO          654    i.mmc_Init          FS_CM3.lib(fs_mmc.o)
    0x0000b526   0x000000e2   Code   RO          655    i.mmc_ReadInfo      FS_CM3.lib(fs_mmc.o)
    0x0000b608   0x00000058   Code   RO          656    i.mmc_ReadSector    FS_CM3.lib(fs_mmc.o)
    0x0000b660   0x00000018   Code   RO          657    i.mmc_UnInit        FS_CM3.lib(fs_mmc.o)
    0x0000b678   0x0000005c   Code   RO          658    i.mmc_WriteSector   FS_CM3.lib(fs_mmc.o)
    0x0000b6d4   0x000000a0   Code   RO          659    i.mmc_command       FS_CM3.lib(fs_mmc.o)
    0x0000b774   0x00000070   Code   RO          660    i.mmc_read_block    FS_CM3.lib(fs_mmc.o)
    0x0000b7e4   0x00000050   Code   RO          661    i.mmc_read_info     FS_CM3.lib(fs_mmc.o)
    0x0000b834   0x00000094   Code   RO          662    i.mmc_write_block   FS_CM3.lib(fs_mmc.o)
    0x0000b8c8   0x00000118   Code   RO          772    i.nbns_listener     TCP_CM3.lib(at_nbns.o)
    0x0000b9e0   0x00000002   Code   RO          826    i.poll_ethernet     TCP_CM3.lib(at_ethernet.o)
    0x0000b9e2   0x00000002   PAD
    0x0000b9e4   0x00000068   Code   RO          781    i.proc_opt_renew    TCP_CM3.lib(at_dhcp.o)
    0x0000ba4c   0x000000ac   Code   RO          782    i.proc_opt_req      TCP_CM3.lib(at_dhcp.o)
    0x0000baf8   0x00000034   Code   RO          783    i.proc_opt_sel      TCP_CM3.lib(at_dhcp.o)
    0x0000bb2c   0x00000098   Code   RO          683    i.process_arp       TCP_CM3.lib(at_arp.o)
    0x0000bbc4   0x00000002   Code   RO          827    i.process_hl_igmp   TCP_CM3.lib(at_ethernet.o)
    0x0000bbc6   0x00000074   Code   RO         1051    i.process_icmp      TCP_CM3.lib(at_icmp.o)
    0x0000bc3a   0x00000002   PAD
    0x0000bc3c   0x00000476   Code   RO          698    i.process_tcp       TCP_CM3.lib(at_tcp.o)
    0x0000c0b2   0x00000002   PAD
    0x0000c0b4   0x000000c4   Code   RO          753    i.process_udp       TCP_CM3.lib(at_udp.o)
    0x0000c178   0x0000002c   Code   RO          828    i.put_in_queue      TCP_CM3.lib(at_ethernet.o)
    0x0000c1a4   0x0000007a   Code   RO          947    i.read_cache        FS_CM3.lib(fs_fat.o)
    0x0000c21e   0x00000036   Code   RO          948    i.read_last_entry   FS_CM3.lib(fs_fat.o)
    0x0000c254   0x00000052   Code   RO          949    i.read_sector       FS_CM3.lib(fs_fat.o)
    0x0000c2a6   0x0000007a   Code   RO          950    i.rename_entries    FS_CM3.lib(fs_fat.o)
    0x0000c320   0x00000034   Code   RO          892    i.resize_mem        TCP_CM3.lib(at_mem.o)
    0x0000c354   0x0000011c   Code   RO          784    i.run_dhcp_client   TCP_CM3.lib(at_dhcp.o)
    0x0000c470   0x000000b0   Code   RO          829    i.run_eth_link      TCP_CM3.lib(at_ethernet.o)
    0x0000c520   0x00000618   Code   RO          804    i.run_ftp_server    TCP_CM3.lib(at_ftp.o)
    0x0000cb38   0x0000022c   Code   RO          951    i.search_for_name   FS_CM3.lib(fs_fat.o)
    0x0000cd64   0x0000004c   Code   RO          805    i.set_mask          TCP_CM3.lib(at_ftp.o)
    0x0000cdb0   0x0000008a   Code   RO          952    i.set_next_clus     FS_CM3.lib(fs_fat.o)
    0x0000ce3a   0x00000008   Code   RO          953    i.set_u16           FS_CM3.lib(fs_fat.o)
    0x0000ce42   0x00000010   Code   RO          858    i.set_u32           TCP_CM3.lib(at_lib.o)
    0x0000ce52   0x00000010   Code   RO          954    i.set_u32           FS_CM3.lib(fs_fat.o)
    0x0000ce62   0x00000064   Code   RO          806    i.store_path        TCP_CM3.lib(at_ftp.o)
    0x0000cec6   0x00000016   Code   RO          859    i.str_copy          TCP_CM3.lib(at_lib.o)
    0x0000cedc   0x00000028   Code   RO          863    i.str_ucomp         TCP_CM3.lib(at_lib.o)
    0x0000cf04   0x0000001a   Code   RO          864    i.str_up_case       TCP_CM3.lib(at_lib.o)
    0x0000cf1e   0x00000002   PAD
    0x0000cf20   0x00000058   Code   RO          699    i.tcp_abort         TCP_CM3.lib(at_tcp.o)
    0x0000cf78   0x00000038   Code   RO          700    i.tcp_check_send    TCP_CM3.lib(at_tcp.o)
    0x0000cfb0   0x00000084   Code   RO          701    i.tcp_close         TCP_CM3.lib(at_tcp.o)
    0x0000d034   0x000000ac   Code   RO          702    i.tcp_connect       TCP_CM3.lib(at_tcp.o)
    0x0000d0e0   0x00000010   Code   RO          704    i.tcp_get_buf       TCP_CM3.lib(at_tcp.o)
    0x0000d0f0   0x00000058   Code   RO          705    i.tcp_get_free_port  TCP_CM3.lib(at_tcp.o)
    0x0000d148   0x00000048   Code   RO          706    i.tcp_get_socket    TCP_CM3.lib(at_tcp.o)
    0x0000d190   0x0000002c   Code   RO          707    i.tcp_get_state     TCP_CM3.lib(at_tcp.o)
    0x0000d1bc   0x00000014   Code   RO          708    i.tcp_init_seq      TCP_CM3.lib(at_tcp.o)
    0x0000d1d0   0x0000007c   Code   RO          709    i.tcp_listen        TCP_CM3.lib(at_tcp.o)
    0x0000d24c   0x000000a0   Code   RO          710    i.tcp_map_socket    TCP_CM3.lib(at_tcp.o)
    0x0000d2ec   0x00000024   Code   RO          711    i.tcp_max_dsize     TCP_CM3.lib(at_tcp.o)
    0x0000d310   0x00000240   Code   RO          712    i.tcp_poll_sockets  TCP_CM3.lib(at_tcp.o)
    0x0000d550   0x00000070   Code   RO          713    i.tcp_process_opt   TCP_CM3.lib(at_tcp.o)
    0x0000d5c0   0x00000030   Code   RO          715    i.tcp_reset_tout    TCP_CM3.lib(at_tcp.o)
    0x0000d5f0   0x0000010c   Code   RO          717    i.tcp_send          TCP_CM3.lib(at_tcp.o)
    0x0000d6fc   0x00000022   Code   RO          718    i.tcp_send_ctrl     TCP_CM3.lib(at_tcp.o)
    0x0000d71e   0x00000002   PAD
    0x0000d720   0x0000010c   Code   RO          719    i.tcp_send_frame    TCP_CM3.lib(at_tcp.o)
    0x0000d82c   0x00000080   Code   RO          720    i.tcp_send_reset    TCP_CM3.lib(at_tcp.o)
    0x0000d8ac   0x00000012   Code   RO          722    i.tcp_set_retransmit  TCP_CM3.lib(at_tcp.o)
    0x0000d8be   0x00000002   PAD
    0x0000d8c0   0x0000007c   Code   RO          723    i.tcp_transit       TCP_CM3.lib(at_tcp.o)
    0x0000d93c   0x0000000c   Code   RO          901    i.timer_tick        TCP_CM3.lib(at_system.o)
    0x0000d948   0x0000002c   Code   RO          754    i.udp_close         TCP_CM3.lib(at_udp.o)
    0x0000d974   0x00000010   Code   RO          755    i.udp_get_buf       TCP_CM3.lib(at_udp.o)
    0x0000d984   0x00000048   Code   RO          756    i.udp_get_socket    TCP_CM3.lib(at_udp.o)
    0x0000d9cc   0x0000007c   Code   RO          758    i.udp_open          TCP_CM3.lib(at_udp.o)
    0x0000da48   0x00000030   Code   RO          759    i.udp_release_socket  TCP_CM3.lib(at_udp.o)
    0x0000da78   0x0000010c   Code   RO          760    i.udp_send          TCP_CM3.lib(at_udp.o)
    0x0000db84   0x00000128   Code   RO          955    i.unlink_clus_chain  FS_CM3.lib(fs_fat.o)
    0x0000dcac   0x00000012   Code   RO          956    i.val_char          FS_CM3.lib(fs_fat.o)
    0x0000dcbe   0x0000003c   Code   RO          957    i.val_char_sn       FS_CM3.lib(fs_fat.o)
    0x0000dcfa   0x0000009a   Code   RO          959    i.write_cache       FS_CM3.lib(fs_fat.o)
    0x0000dd94   0x00000100   Code   RO          960    i.write_dot_entries  FS_CM3.lib(fs_fat.o)
    0x0000de94   0x000002d0   Code   RO          961    i.write_entries     FS_CM3.lib(fs_fat.o)
    0x0000e164   0x000000e0   Code   RO          962    i.write_fat_link    FS_CM3.lib(fs_fat.o)
    0x0000e244   0x00000064   Code   RO          963    i.write_fsinfo      FS_CM3.lib(fs_fat.o)
    0x0000e2a8   0x00000020   Code   RO          966    i.write_sector      FS_CM3.lib(fs_fat.o)
    0x0000e2c8   0x0000002c   Code   RO         1424    locale$$code        c_w.l(lc_ctype_c.o)
    0x0000e2f4   0x00000150   Code   RO         1198    x$fpl$dadd          fz_ws.l(daddsub_clz.o)
    0x0000e444   0x00000018   Code   RO         1331    x$fpl$dcmpinf       fz_ws.l(dcmpi.o)
    0x0000e45c   0x00000026   Code   RO         1204    x$fpl$dfltu         fz_ws.l(dflt_clz.o)
    0x0000e482   0x00000002   PAD
    0x0000e484   0x00000078   Code   RO         1210    x$fpl$dleqf         fz_ws.l(dleqf.o)
    0x0000e4fc   0x00000154   Code   RO         1212    x$fpl$dmul          fz_ws.l(dmul.o)
    0x0000e650   0x0000009c   Code   RO         1333    x$fpl$dnaninf       fz_ws.l(dnaninf.o)
    0x0000e6ec   0x0000000c   Code   RO         1335    x$fpl$dretinf       fz_ws.l(dretinf.o)
    0x0000e6f8   0x0000006c   Code   RO         1214    x$fpl$drleqf        fz_ws.l(drleqf.o)
    0x0000e764   0x00000016   Code   RO         1199    x$fpl$drsb          fz_ws.l(daddsub_clz.o)
    0x0000e77a   0x00000002   PAD
    0x0000e77c   0x000001d4   Code   RO         1200    x$fpl$dsub          fz_ws.l(daddsub_clz.o)
    0x0000e950   0x0000000e   Code   RO         1558    x$fpl$fpinit        fz_ws.l(fpinit.o)
    0x0000e95e   0x00000000   Code   RO         1337    x$fpl$usenofp       fz_ws.l(usenofp.o)
    0x0000e95e   0x00000002   PAD
    0x0000e960   0x000000fc   Data   RO          130    .constdata          uart.o
    0x0000ea5c   0x00000002   Data   RO          247    .constdata          file_config.o
    0x0000ea5e   0x00000002   Data   RO          248    .constdata          file_config.o
    0x0000ea60   0x00000018   Data   RO          249    .constdata          file_config.o
    0x0000ea78   0x00000008   Data   RO          250    .constdata          file_config.o
    0x0000ea80   0x00000020   Data   RO          278    .constdata          spi_lpc17xx.o
    0x0000eaa0   0x00000006   Data   RO          346    .constdata          retarget.o
    0x0000eaa6   0x00000007   Data   RO          347    .constdata          retarget.o
    0x0000eaad   0x00000007   Data   RO          348    .constdata          retarget.o
    0x0000eab4   0x0000003c   Data   RO          547    .constdata          net_config.o
    0x0000eaf0   0x00000001   Data   RO          548    .constdata          net_config.o
    0x0000eaf1   0x00000003   PAD
    0x0000eaf4   0x00000004   Data   RO          549    .constdata          net_config.o
    0x0000eaf8   0x00000002   Data   RO          550    .constdata          net_config.o
    0x0000eafa   0x00000002   Data   RO          551    .constdata          net_config.o
    0x0000eafc   0x00000002   Data   RO          552    .constdata          net_config.o
    0x0000eafe   0x00000001   Data   RO          553    .constdata          net_config.o
    0x0000eaff   0x00000001   Data   RO          554    .constdata          net_config.o
    0x0000eb00   0x00000001   Data   RO          555    .constdata          net_config.o
    0x0000eb01   0x00000001   Data   RO          556    .constdata          net_config.o
    0x0000eb02   0x00000001   Data   RO          557    .constdata          net_config.o
    0x0000eb03   0x00000001   Data   RO          558    .constdata          net_config.o
    0x0000eb04   0x00000002   Data   RO          559    .constdata          net_config.o
    0x0000eb06   0x00000002   Data   RO          560    .constdata          net_config.o
    0x0000eb08   0x00000002   Data   RO          561    .constdata          net_config.o
    0x0000eb0a   0x00000002   Data   RO          562    .constdata          net_config.o
    0x0000eb0c   0x00000002   Data   RO          563    .constdata          net_config.o
    0x0000eb0e   0x00000001   Data   RO          564    .constdata          net_config.o
    0x0000eb0f   0x00000001   Data   RO          565    .constdata          net_config.o
    0x0000eb10   0x00000001   Data   RO          566    .constdata          net_config.o
    0x0000eb11   0x00000001   PAD
    0x0000eb12   0x00000002   Data   RO          567    .constdata          net_config.o
    0x0000eb14   0x00000006   Data   RO          568    .constdata          net_config.o
    0x0000eb1a   0x00000002   PAD
    0x0000eb1c   0x0000004e   Data   RO          591    .constdata          tcpip.o
    0x0000eb6a   0x00000008   Data   RO          773    .constdata          TCP_CM3.lib(at_nbns.o)
    0x0000eb72   0x00000002   PAD
    0x0000eb74   0x0000010f   Data   RO          807    .constdata          TCP_CM3.lib(at_ftp.o)
    0x0000ec83   0x00000006   Data   RO          831    .constdata          TCP_CM3.lib(at_ethernet.o)
    0x0000ec89   0x00000001   PAD
    0x0000ec8a   0x000000a9   Data   RO          967    .constdata          FS_CM3.lib(fs_fat.o)
    0x0000ed33   0x00000004   Data   RO         1045    .constdata          TCP_CM3.lib(at_ip.o)
    0x0000ed37   0x00000028   Data   RO         1102    .constdata          c_w.l(_printf_hex_int_ptr.o)
    0x0000ed5f   0x00000011   Data   RO         1128    .constdata          c_w.l(__printf_flags_ss_wp.o)
    0x0000ed70   0x00000040   Data   RO         1594    Region$$Table       anon$$obj.o
    0x0000edb0   0x00000110   Data   RO         1423    locale$$data        c_w.l(lc_ctype_c.o)


    Execution Region RW_IRAM1 (Base: 0x10000000, Size: 0x00004370, Max: 0x00008000, ABSOLUTE)

    Base Addr    Size         Type   Attr      Idx    E Section Name        Object

    0x10000000   0x00000004   Data   RW           14    .data               system_lpc17xx.o
    0x10000004   0x00000008   Data   RW          224    .data               extint.o
    0x1000000c   0x00000004   Data   RW          402    .data               ir.o
    0x10000010   0x00000004   Data   RW          447    .data               cmds_ir.o
    0x10000014   0x00000020   Data   RW          463    .data               touch.o
    0x10000034   0x00000008   Data   RW          505    .data               emac_lpc17xx.o
    0x1000003c   0x00000010   Data   RW          569    .data               net_config.o
    0x1000004c   0x00000018   Data   RW          592    .data               tcpip.o
    0x10000064   0x00000001   Data   RW          640    .data               FS_CM3.lib(fs_mapi.o)
    0x10000065   0x00000001   Data   RW          774    .data               TCP_CM3.lib(at_nbns.o)
    0x10000066   0x00000002   PAD
    0x10000068   0x00000004   Data   RW          893    .data               TCP_CM3.lib(at_mem.o)
    0x1000006c   0x00000008   Data   RW          903    .data               TCP_CM3.lib(at_system.o)
    0x10000074   0x00000004   Data   RW         1159    .data               c_w.l(stdio_streams.o)
    0x10000078   0x00000004   Data   RW         1161    .data               c_w.l(stdio_streams.o)
    0x1000007c   0x00000d84   Zero   RW          246    .bss                file_config.o
    0x10000e00   0x0000008e   Zero   RW          295    .bss                msd_sd_file.o
    0x10000e8e   0x00000002   PAD
    0x10000e90   0x00002a64   Zero   RW          504    .bss                emac_lpc17xx.o
    0x100038f4   0x0000012e   Zero   RW          527    .bss                ftp_uif.o
    0x10003a22   0x00000014   Zero   RW          541    .bss                net_config.o
    0x10003a36   0x00000002   PAD
    0x10003a38   0x0000003c   Zero   RW          544    .bss                net_config.o
    0x10003a74   0x000002c0   Zero   RW          545    .bss                net_config.o
    0x10003d34   0x00000100   Zero   RW          588    .bss                tcpip.o
    0x10003e34   0x0000001c   Zero   RW          785    .bss                TCP_CM3.lib(at_dhcp.o)
    0x10003e50   0x00000080   Zero   RW          830    .bss                TCP_CM3.lib(at_ethernet.o)
    0x10003ed0   0x00000050   Zero   RW         1156    .bss                c_w.l(stdio_streams.o)
    0x10003f20   0x00000050   Zero   RW         1158    .bss                c_w.l(stdio_streams.o)
    0x10003f70   0x00000400   Zero   RW            2    HEAP                startup_lpc17xx.o


    Execution Region RW_IRAM2 (Base: 0x2007c000, Size: 0x00004370, Max: 0x00008000, ABSOLUTE)

    Base Addr    Size         Type   Attr      Idx    E Section Name        Object

    0x2007c000   0x00000010   Data   RW          131    .data               uart.o
    0x2007c010   0x00000018   Data   RW          199    .data               timer.o
    0x2007c028   0x0000000f   Data   RW          296    .data               msd_sd_file.o
    0x2007c037   0x00000001   PAD
    0x2007c038   0x00000004   Data   RW          423    .data               pwm_ir.o
    0x2007c03c   0x00000008   Data   RW          482    .data               register.o
    0x2007c044   0x00000006   Data   RW          570    .data               net_config.o
    0x2007c04a   0x00000002   Data   RW          684    .data               TCP_CM3.lib(at_arp.o)
    0x2007c04c   0x00000004   Data   RW          724    .data               TCP_CM3.lib(at_tcp.o)
    0x2007c050   0x00000002   Data   RW          761    .data               TCP_CM3.lib(at_udp.o)
    0x2007c052   0x00000001   Data   RW          808    .data               TCP_CM3.lib(at_ftp.o)
    0x2007c053   0x00000001   PAD
    0x2007c054   0x00000008   Data   RW          832    .data               TCP_CM3.lib(at_ethernet.o)
    0x2007c05c   0x00000004   Data   RW         1046    .data               TCP_CM3.lib(at_ip.o)
    0x2007c060   0x00000004   Data   RW         1160    .data               c_w.l(stdio_streams.o)
    0x2007c064   0x00000140   Zero   RW          129    .bss                uart.o
    0x2007c1a4   0x00000100   Zero   RW          245    .bss                file_config.o
    0x2007c2a4   0x00000320   Zero   RW          400    .bss                ir.o
    0x2007c5c4   0x00000320   Zero   RW          401    .bss                ir.o
    0x2007c8e4   0x00000014   Zero   RW          461    .bss                touch.o
    0x2007c8f8   0x000000b4   Zero   RW          462    .bss                touch.o
    0x2007c9ac   0x00002000   Zero   RW          542    .bss                net_config.o
    0x2007e9ac   0x0000008c   Zero   RW          543    .bss                net_config.o
    0x2007ea38   0x00000048   Zero   RW          546    .bss                net_config.o
    0x2007ea80   0x0000003c   Zero   RW          902    .bss                TCP_CM3.lib(at_system.o)
    0x2007eabc   0x00000050   Zero   RW         1157    .bss                c_w.l(stdio_streams.o)
    0x2007eb0c   0x00000060   Zero   RW         1339    .bss                c_w.l(libspace.o)
    0x2007eb6c   0x00000004   PAD
    0x2007eb70   0x00001800   Zero   RW            1    STACK               startup_lpc17xx.o


==============================================================================

Image component sizes


      Code (inc. data)   RO Data    RW Data    ZI Data      Debug   Object Name

       808        186          0          4          0       3189   cmds_ir.o
         4          0          0          0          0        454   control_ir.o
      1368        228          0          8      10852      13835   emac_lpc17xx.o
      1360        310          0          8          0       8113   extint.o
       144         16         36          0       3716      17135   file_config.o
       760        174          0          0        302       3366   ftp_uif.o
      2164        634          0          4       1600      10337   ir.o
       528        106          0          0          0       6889   main.o
      3660       1318          0         15        142      15558   msd_sd_file.o
        82          0         98         22       9188       3390   net_config.o
       388         20          0          4          0       6473   pwm_ir.o
       384         46          0          8          0       3247   register.o
       316         26         20          0          0       9683   retarget.o
       376         20         32          0          0       2555   spi_lpc17xx.o
        60         26        204          0       7168       1088   startup_lpc17xx.o
       540         36          0          4          0      22287   system_lpc17xx.o
      3520       1086         78         24        256       8893   tcpip.o
       624         68          0         24          0      25264   timer.o
      2412        514          0         32        200       7587   touch.o
      5124       1112        252         16        320      39935   uart.o

    ----------------------------------------------------------------------
     24622       5926        790        174      33748     209278   Object Totals
         0          0         64          0          0          0   (incl. Generated)
         0          0          6          1          4          2   (incl. Padding)

    ----------------------------------------------------------------------

      Code (inc. data)   RO Data    RW Data    ZI Data      Debug   Library Member Name

      7628        120        169          0          0       4296   fs_fat.o
       362         28          0          0          0        456   fs_lib.o
      1176         56          0          1          0        532   fs_mapi.o
      1430         12          0          0          0        748   fs_mmc.o
       788         60          0          0          0        568   fs_sys.o
        14          4          0          0          0        136   fs_time.o
      1500        154          0          2          0        892   at_arp.o
      1768        124          0          0         28        700   at_dhcp.o
       428         46          6          8        128        544   at_ethernet.o
      3840        984        271          1          0       1056   at_ftp.o
       116          0          0          0          0         88   at_icmp.o
       506         26          4          4          0        332   at_ip.o
       374          4          0          0          0       1072   at_lib.o
       352         40          0          4          0        344   at_mem.o
       320         26          8          1          0        184   at_nbns.o
       128         28          0          8         60        216   at_system.o
      3750        272          0          4          0       1912   at_tcp.o
       796         68          0          2          0        628   at_udp.o
        60          8          0          0          0         84   __0sscanf.o
        20          0          0          0          0         84   __2fprintf.o
        24          4          0          0          0         84   __2printf.o
        44          6          0          0          0         84   __2sprintf.o
         8          0          0          0          0         68   __main.o
       412          4         17          0          0         92   __printf_flags_ss_wp.o
        14          0          0          0          0         68   __printf_wp.o
        52          8          0          0          0          0   __scatter.o
        26          0          0          0          0          0   __scatter_copy.o
        28          0          0          0          0          0   __scatter_zi.o
        32          0          0          0          0         68   _chval.o
         6          0          0          0          0          0   _printf_c.o
        44          0          0          0          0        108   _printf_char.o
        48          6          0          0          0         96   _printf_char_common.o
        36          4          0          0          0         80   _printf_char_file.o
        42          0          0          0          0         68   _printf_charcount.o
         6          0          0          0          0          0   _printf_d.o
       120         18          0          0          0         92   _printf_dec.o
       128          4         40          0          0        144   _printf_hex_int_ptr.o
       182          0          0          0          0         88   _printf_intcommon.o
         6          0          0          0          0          0   _printf_n.o
         6          0          0          0          0          0   _printf_p.o
        80          0          0          0          0        108   _printf_pad.o
         0          0          0          0          0          0   _printf_percent.o
         4          0          0          0          0          0   _printf_percent_end.o
         6          0          0          0          0          0   _printf_s.o
        82          0          0          0          0         80   _printf_str.o
         6          0          0          0          0          0   _printf_u.o
         6          0          0          0          0          0   _printf_x.o
       904          4          0          0          0        100   _scanf.o
       334          0          0          0          0         96   _scanf_int.o
        64          0          0          0          0         84   _sgetc.o
        10          0          0          0          0         68   _sputc.o
       158          0          0          0          0         92   _strtoul.o
        16          0          0          0          0         68   aeabi_memset.o
        26          0          0          0          0         80   atoi.o
        10          0          0          0          0         68   defsig_exit.o
        50          0          0          0          0         88   defsig_general.o
        76         56          0          0          0         76   defsig_rtmem_inner.o
        14          0          0          0          0         80   defsig_rtmem_outer.o
        52         38          0          0          0         76   defsig_rtred_inner.o
        14          0          0          0          0         80   defsig_rtred_outer.o
        12          0          0          0          0         68   exit.o
        78          0          0          0          0         88   fclose.o
         8          0          0          0          0         68   ferror.o
       100          4          0          0          0        120   fflush.o
        24          0          0          0          0         68   fgetc.o
       578          0          0          0          0        132   filbuf.o
       472          0          0          0          0         88   flsbuf.o
        52          4          0          0          0         80   flushlinebuffered.o
       236          4          0          0          0        128   fopen.o
        26          0          0          0          0         68   fputc.o
       288          0          0          0          0         96   freadfast.o
       248          4          0          0          0         84   fseek.o
        70          0          0          0          0         76   ftell.o
       198          0          0          0          0         88   fwritefast.o
        94          0          0          0          0         80   h1_alloc.o
        52          0          0          0          0         68   h1_extend.o
        78          0          0          0          0         80   h1_free.o
        14          0          0          0          0         84   h1_init.o
         6          0          0          0          0        152   heapauxi.o
         4          0          0          0          0        136   hguard.o
       138          0          0          0          0        168   init_alloc.o
       312         46          0          0          0        112   initio.o
        18          0          0          0          0         76   isspace.o
        44         10        272          0          0         76   lc_ctype_c.o
         6          0          0          0          0          0   libinit.o
        32          0          0          0          0          0   libinit2.o
         2          0          0          0          0          0   libshutdown.o
         6          0          0          0          0          0   libshutdown2.o
         8          4          0          0         96         68   libspace.o
         0          0          0          0          0         68   maybetermalloc1.o
        16          4          0          0          0         76   rt_ctype_table.o
         8          4          0          0          0         68   rt_errno_addr_intlibspace.o
         8          4          0          0          0         68   rt_fp_status_addr_intlibspace.o
         8          4          0          0          0         68   rt_heap_descriptor_intlibspace.o
         8          4          0          0          0         68   rt_locale_intlibspace.o
        68          0          0          0          0         68   rt_memclr.o
        78          0          0          0          0         80   rt_memclr_w.o
       138          0          0          0          0         68   rt_memcpy_v6.o
       100          0          0          0          0         80   rt_memcpy_w.o
         0          0          0          0          0          0   rtentry.o
        12          0          0          0          0          0   rtentry2.o
         6          0          0          0          0          0   rtentry4.o
         2          0          0          0          0          0   rtexit.o
        10          0          0          0          0          0   rtexit2.o
        48         10          0          0          0         84   scanf_char.o
        70          0          0          0          0         80   setvbuf.o
       240          6          0          0          0        156   stdio.o
         0          0          0         12        240          0   stdio_streams.o
        24          0          0          0          0         68   strcat.o
       128          0          0          0          0         68   strcmpv7m.o
        72          0          0          0          0         80   strcpy.o
        62          0          0          0          0         76   strlen.o
        86          0          0          0          0         76   strncpy.o
        36          0          0          0          0         80   strstr.o
       112          0          0          0          0         88   strtol.o
        74          0          0          0          0         80   sys_stackheap_outer.o
        26          0          0          0          0         76   tolower.o
        30          0          0          0          0         76   toupper.o
         2          0          0          0          0         68   use_no_semi.o
       826         16          0          0          0        356   daddsub_clz.o
        24          0          0          0          0         68   dcmpi.o
        38          0          0          0          0         68   dflt_clz.o
       120          4          0          0          0         92   dleqf.o
       340         12          0          0          0        104   dmul.o
       156          4          0          0          0         92   dnaninf.o
        12          0          0          0          0         68   dretinf.o
       108          0          0          0          0         80   drleqf.o
        14          0          0          0          0         76   fpinit.o
         0          0          0          0          0          0   usenofp.o

    ----------------------------------------------------------------------
     34918       2360        790         50        556      22480   Library Totals
        72          0          3          3          4          0   (incl. Padding)

    ----------------------------------------------------------------------

      Code (inc. data)   RO Data    RW Data    ZI Data      Debug   Library Name

     11398        280        169          1          0       6736   FS_CM3.lib
     13878       1772        289         34        216       7968   TCP_CM3.lib
      7932        272        329         12        336       6772   c_w.l
      1638         36          0          0          0       1004   fz_ws.l

    ----------------------------------------------------------------------
     34918       2360        790         50        556      22480   Library Totals

    ----------------------------------------------------------------------

==============================================================================


      Code (inc. data)   RO Data    RW Data    ZI Data      Debug   

     59540       8286       1580        224      34304     215744   Grand Totals
     59540       8286       1580        224      34304     215744   ELF Image Totals
     59540       8286       1580        224          0          0   ROM Totals

==============================================================================

    Total RO  Size (Code + RO Data)                61120 (  59.69kB)
    Total RW  Size (RW Data + ZI Data)             34528 (  33.72kB)
    Total ROM Size (Code + RO Data + RW Data)      61344 (  59.91kB)

==============================================================================

